Camera Merge Log  —  P07 / front_camera
  Generated     : 2026-04-29 20:08:55 UTC
  Gap tolerance : 60.0 s  |  Black fill < 60 s
  Total clips   : 158
  Segments      : 7  (merged: 6, skipped: 0, single: 1, failed: 0)

────────────────────────────────────────────────────────────────────────
  Segment 1 of 7   [SINGLE]   →  00M00S60.mp4
  Wall-clock span : 17:00:00 → 17:01:00  (60.0 s)
  Content footage : 60.0 s

  Input clips (1)
    [  1] 00M00S60.mp4                                            17:00:00 → 17:01:00  (60.0 s)

────────────────────────────────────────────────────────────────────────
  Segment 2 of 7   [MERGED]   →  merged_20260418_171419_2clips.mp4
  Gap from previous segment : 799.0 s
  Wall-clock span : 17:14:19 → 17:16:00  (101.0 s)
  Content footage : 101.0 s
  File size       : 12.5 MB

  Input clips (2)
    [  1] 14M19S41.mp4                                            17:14:19 → 17:15:00  (41.0 s)
    [  2] 15M00S60.mp4                                            17:15:00 → 17:16:00  (60.0 s)

────────────────────────────────────────────────────────────────────────
  Segment 3 of 7   [MERGED]   →  merged_20260418_172353_34clips.mp4
  Gap from previous segment : 473.0 s
  Wall-clock span : 17:23:53 → 17:56:00  (1927.0 s)
  Content footage : 1871.0 s
  Black filler    : 57.00 s (2 gap(s))
  Video props     : 1920x1080 20/1 fps  yuvj420p
  Audio props     : 16000 Hz  1ch
  File size       : 223.5 MB
  Intra-overlaps  : 1.00 s

  Input clips (34)
    [  1] 23M53S07.mp4                                            17:23:53 → 17:24:00  (7.0 s)
    [  2] 24M00S60.mp4                                            17:24:00 → 17:25:00  (60.0 s)
           ↕ gap: 3.00 s  → filled with 3.00 s black frames
    [  3] 25M03S57.mp4                                            17:25:03 → 17:26:00  (57.0 s)
    [  4] 26M00S60.mp4                                            17:26:00 → 17:27:00  (60.0 s)
    [  5] 27M00S60.mp4                                            17:27:00 → 17:28:00  (60.0 s)
    [  6] 28M00S60.mp4                                            17:28:00 → 17:29:00  (60.0 s)
    [  7] 29M00S60.mp4                                            17:29:00 → 17:30:00  (60.0 s)
           ↕ gap: 54.00 s  → filled with 54.00 s black frames
    [  8] 30M54S06.mp4                                            17:30:54 → 17:31:00  (6.0 s)
    [  9] 31M00S60.mp4                                            17:31:00 → 17:32:00  (60.0 s)
    [ 10] 32M00S60.mp4                                            17:32:00 → 17:33:00  (60.0 s)
           ↕ overlap: 1.00 s
    [ 11] 32M59S01.mp4                                            17:32:59 → 17:33:00  (1.0 s)
    [ 12] 33M00S60.mp4                                            17:33:00 → 17:34:00  (60.0 s)
    [ 13] 34M00S60.mp4                                            17:34:00 → 17:35:00  (60.0 s)
    [ 14] 35M00S60.mp4                                            17:35:00 → 17:36:00  (60.0 s)
    [ 15] 36M00S60.mp4                                            17:36:00 → 17:37:00  (60.0 s)
    [ 16] 37M00S60.mp4                                            17:37:00 → 17:38:00  (60.0 s)
    [ 17] 38M00S60.mp4                                            17:38:00 → 17:39:00  (60.0 s)
    [ 18] 39M00S60.mp4                                            17:39:00 → 17:40:00  (60.0 s)
    [ 19] 40M00S60.mp4                                            17:40:00 → 17:41:00  (60.0 s)
    [ 20] 41M00S60.mp4                                            17:41:00 → 17:42:00  (60.0 s)
    [ 21] 42M00S60.mp4                                            17:42:00 → 17:43:00  (60.0 s)
    [ 22] 43M00S60.mp4                                            17:43:00 → 17:44:00  (60.0 s)
    [ 23] 44M00S60.mp4                                            17:44:00 → 17:45:00  (60.0 s)
    [ 24] 45M00S60.mp4                                            17:45:00 → 17:46:00  (60.0 s)
    [ 25] 46M00S60.mp4                                            17:46:00 → 17:47:00  (60.0 s)
    [ 26] 47M00S60.mp4                                            17:47:00 → 17:48:00  (60.0 s)
    [ 27] 48M00S60.mp4                                            17:48:00 → 17:49:00  (60.0 s)
    [ 28] 49M00S60.mp4                                            17:49:00 → 17:50:00  (60.0 s)
    [ 29] 50M00S60.mp4                                            17:50:00 → 17:51:00  (60.0 s)
    [ 30] 51M00S60.mp4                                            17:51:00 → 17:52:00  (60.0 s)
    [ 31] 52M00S60.mp4                                            17:52:00 → 17:53:00  (60.0 s)
    [ 32] 53M00S60.mp4                                            17:53:00 → 17:54:00  (60.0 s)
    [ 33] 54M00S60.mp4                                            17:54:00 → 17:55:00  (60.0 s)
    [ 34] 55M00S60.mp4                                            17:55:00 → 17:56:00  (60.0 s)

────────────────────────────────────────────────────────────────────────
  Segment 4 of 7   [MERGED]   →  merged_20260418_175558_37clips.mp4
  Gap from previous segment : -2.0 s
  Wall-clock span : 17:55:58 → 18:32:00  (2162.0 s)
  Content footage : 2158.0 s
  Black filler    : 4.00 s (1 gap(s))
  Video props     : 1920x1080 20/1 fps  yuvj420p
  Audio props     : 16000 Hz  1ch
  File size       : 260.1 MB

  Input clips (37)
    [  1] 55M58S02.mp4                                            17:55:58 → 17:56:00  (2.0 s)
    [  2] 56M00S60.mp4                                            17:56:00 → 17:57:00  (60.0 s)
    [  3] 57M00S60.mp4                                            17:57:00 → 17:58:00  (60.0 s)
    [  4] 58M00S60.mp4                                            17:58:00 → 17:59:00  (60.0 s)
    [  5] 59M00S60.mp4                                            17:59:00 → 18:00:00  (60.0 s)
    [  6] 00M00S60.mp4                                            18:00:00 → 18:01:00  (60.0 s)
    [  7] 01M00S60.mp4                                            18:01:00 → 18:02:00  (60.0 s)
    [  8] 02M00S60.mp4                                            18:02:00 → 18:03:00  (60.0 s)
    [  9] 03M00S60.mp4                                            18:03:00 → 18:04:00  (60.0 s)
    [ 10] 04M00S60.mp4                                            18:04:00 → 18:05:00  (60.0 s)
    [ 11] 05M00S60.mp4                                            18:05:00 → 18:06:00  (60.0 s)
    [ 12] 06M00S60.mp4                                            18:06:00 → 18:07:00  (60.0 s)
    [ 13] 07M00S60.mp4                                            18:07:00 → 18:08:00  (60.0 s)
    [ 14] 08M00S60.mp4                                            18:08:00 → 18:09:00  (60.0 s)
    [ 15] 09M00S60.mp4                                            18:09:00 → 18:10:00  (60.0 s)
    [ 16] 10M00S60.mp4                                            18:10:00 → 18:11:00  (60.0 s)
    [ 17] 11M00S60.mp4                                            18:11:00 → 18:12:00  (60.0 s)
    [ 18] 12M00S60.mp4                                            18:12:00 → 18:13:00  (60.0 s)
    [ 19] 13M00S60.mp4                                            18:13:00 → 18:14:00  (60.0 s)
    [ 20] 14M00S60.mp4                                            18:14:00 → 18:15:00  (60.0 s)
    [ 21] 15M00S60.mp4                                            18:15:00 → 18:16:00  (60.0 s)
    [ 22] 16M00S60.mp4                                            18:16:00 → 18:17:00  (60.0 s)
    [ 23] 17M00S60.mp4                                            18:17:00 → 18:18:00  (60.0 s)
    [ 24] 18M00S60.mp4                                            18:18:00 → 18:19:00  (60.0 s)
    [ 25] 19M00S60.mp4                                            18:19:00 → 18:20:00  (60.0 s)
    [ 26] 20M00S60.mp4                                            18:20:00 → 18:21:00  (60.0 s)
    [ 27] 21M00S60.mp4                                            18:21:00 → 18:22:00  (60.0 s)
    [ 28] 22M00S60.mp4                                            18:22:00 → 18:23:00  (60.0 s)
    [ 29] 23M00S60.mp4                                            18:23:00 → 18:24:00  (60.0 s)
    [ 30] 24M00S60.mp4                                            18:24:00 → 18:25:00  (60.0 s)
           ↕ gap: 4.00 s  → filled with 4.00 s black frames
    [ 31] 25M04S56.mp4                                            18:25:04 → 18:26:00  (56.0 s)
    [ 32] 26M00S60.mp4                                            18:26:00 → 18:27:00  (60.0 s)
    [ 33] 27M00S60.mp4                                            18:27:00 → 18:28:00  (60.0 s)
    [ 34] 28M00S60.mp4                                            18:28:00 → 18:29:00  (60.0 s)
    [ 35] 29M00S60.mp4                                            18:29:00 → 18:30:00  (60.0 s)
    [ 36] 30M00S60.mp4                                            18:30:00 → 18:31:00  (60.0 s)
    [ 37] 31M00S60.mp4                                            18:31:00 → 18:32:00  (60.0 s)

────────────────────────────────────────────────────────────────────────
  Segment 5 of 7   [MERGED]   →  merged_20260418_183158_11clips.mp4
  Gap from previous segment : -2.0 s
  Wall-clock span : 18:31:58 → 18:42:00  (602.0 s)
  Content footage : 550.0 s
  Black filler    : 52.00 s (1 gap(s))
  Video props     : 1920x1080 20/1 fps  yuvj420p
  Audio props     : 16000 Hz  1ch
  File size       : 63.6 MB

  Input clips (11)
    [  1] 31M58S02.mp4                                            18:31:58 → 18:32:00  (2.0 s)
    [  2] 32M00S60.mp4                                            18:32:00 → 18:33:00  (60.0 s)
    [  3] 33M00S60.mp4                                            18:33:00 → 18:34:00  (60.0 s)
    [  4] 34M00S60.mp4                                            18:34:00 → 18:35:00  (60.0 s)
    [  5] 35M00S60.mp4                                            18:35:00 → 18:36:00  (60.0 s)
    [  6] 36M00S60.mp4                                            18:36:00 → 18:37:00  (60.0 s)
    [  7] 37M00S60.mp4                                            18:37:00 → 18:38:00  (60.0 s)
    [  8] 38M00S60.mp4                                            18:38:00 → 18:39:00  (60.0 s)
           ↕ gap: 52.00 s  → filled with 52.00 s black frames
    [  9] 39M52S08.mp4                                            18:39:52 → 18:40:00  (8.0 s)
    [ 10] 40M00S60.mp4                                            18:40:00 → 18:41:00  (60.0 s)
    [ 11] 41M00S60.mp4                                            18:41:00 → 18:42:00  (60.0 s)

────────────────────────────────────────────────────────────────────────
  Segment 6 of 7   [MERGED]   →  merged_20260418_184313_65clips.mp4
  Gap from previous segment : 73.0 s
  Wall-clock span : 18:43:13 → 19:48:00  (3887.0 s)
  Content footage : 3811.0 s
  Black filler    : 76.00 s (5 gap(s))
  Video props     : 1920x1080 20/1 fps  yuvj420p
  Audio props     : 16000 Hz  1ch
  File size       : 437.6 MB

  Input clips (65)
    [  1] 43M13S47.mp4                                            18:43:13 → 18:44:00  (47.0 s)
    [  2] 44M00S60.mp4                                            18:44:00 → 18:45:00  (60.0 s)
    [  3] 45M00S60.mp4                                            18:45:00 → 18:46:00  (60.0 s)
    [  4] 46M00S60.mp4                                            18:46:00 → 18:47:00  (60.0 s)
    [  5] 47M00S60.mp4                                            18:47:00 → 18:48:00  (60.0 s)
    [  6] 48M00S60.mp4                                            18:48:00 → 18:49:00  (60.0 s)
    [  7] 49M00S60.mp4                                            18:49:00 → 18:50:00  (60.0 s)
    [  8] 50M00S60.mp4                                            18:50:00 → 18:51:00  (60.0 s)
    [  9] 51M00S60.mp4                                            18:51:00 → 18:52:00  (60.0 s)
    [ 10] 52M00S60.mp4                                            18:52:00 → 18:53:00  (60.0 s)
    [ 11] 53M00S60.mp4                                            18:53:00 → 18:54:00  (60.0 s)
    [ 12] 54M00S60.mp4                                            18:54:00 → 18:55:00  (60.0 s)
    [ 13] 55M00S60.mp4                                            18:55:00 → 18:56:00  (60.0 s)
    [ 14] 56M00S60.mp4                                            18:56:00 → 18:57:00  (60.0 s)
           ↕ gap: 11.00 s  → filled with 11.00 s black frames
    [ 15] 57M11S49.mp4                                            18:57:11 → 18:58:00  (49.0 s)
    [ 16] 58M00S60.mp4                                            18:58:00 → 18:59:00  (60.0 s)
    [ 17] 59M00S60.mp4                                            18:59:00 → 19:00:00  (60.0 s)
    [ 18] 00M00S60.mp4                                            19:00:00 → 19:01:00  (60.0 s)
    [ 19] 01M00S60.mp4                                            19:01:00 → 19:02:00  (60.0 s)
    [ 20] 02M00S60.mp4                                            19:02:00 → 19:03:00  (60.0 s)
    [ 21] 03M00S60.mp4                                            19:03:00 → 19:04:00  (60.0 s)
    [ 22] 04M00S60.mp4                                            19:04:00 → 19:05:00  (60.0 s)
    [ 23] 05M00S60.mp4                                            19:05:00 → 19:06:00  (60.0 s)
    [ 24] 06M00S60.mp4                                            19:06:00 → 19:07:00  (60.0 s)
    [ 25] 07M00S60.mp4                                            19:07:00 → 19:08:00  (60.0 s)
    [ 26] 08M00S60.mp4                                            19:08:00 → 19:09:00  (60.0 s)
    [ 27] 09M00S60.mp4                                            19:09:00 → 19:10:00  (60.0 s)
    [ 28] 10M00S60.mp4                                            19:10:00 → 19:11:00  (60.0 s)
    [ 29] 11M00S60.mp4                                            19:11:00 → 19:12:00  (60.0 s)
    [ 30] 12M00S60.mp4                                            19:12:00 → 19:13:00  (60.0 s)
    [ 31] 13M00S60.mp4                                            19:13:00 → 19:14:00  (60.0 s)
    [ 32] 14M00S60.mp4                                            19:14:00 → 19:15:00  (60.0 s)
           ↕ gap: 24.00 s  → filled with 24.00 s black frames
    [ 33] 15M24S36.mp4                                            19:15:24 → 19:16:00  (36.0 s)
    [ 34] 16M00S60.mp4                                            19:16:00 → 19:17:00  (60.0 s)
           ↕ gap: 9.00 s  → filled with 9.00 s black frames
    [ 35] 17M09S51.mp4                                            19:17:09 → 19:18:00  (51.0 s)
    [ 36] 18M00S60.mp4                                            19:18:00 → 19:19:00  (60.0 s)
    [ 37] 19M00S60.mp4                                            19:19:00 → 19:20:00  (60.0 s)
    [ 38] 20M00S60.mp4                                            19:20:00 → 19:21:00  (60.0 s)
    [ 39] 21M00S60.mp4                                            19:21:00 → 19:22:00  (60.0 s)
    [ 40] 22M00S60.mp4                                            19:22:00 → 19:23:00  (60.0 s)
    [ 41] 23M00S60.mp4                                            19:23:00 → 19:24:00  (60.0 s)
    [ 42] 24M00S60.mp4                                            19:24:00 → 19:25:00  (60.0 s)
           ↕ gap: 22.00 s  → filled with 22.00 s black frames
    [ 43] 25M22S38.mp4                                            19:25:22 → 19:26:00  (38.0 s)
    [ 44] 26M00S60.mp4                                            19:26:00 → 19:27:00  (60.0 s)
    [ 45] 27M00S60.mp4                                            19:27:00 → 19:28:00  (60.0 s)
    [ 46] 28M00S60.mp4                                            19:28:00 → 19:29:00  (60.0 s)
    [ 47] 29M00S60.mp4                                            19:29:00 → 19:30:00  (60.0 s)
    [ 48] 30M00S60.mp4                                            19:30:00 → 19:31:00  (60.0 s)
    [ 49] 31M00S60.mp4                                            19:31:00 → 19:32:00  (60.0 s)
    [ 50] 32M00S60.mp4                                            19:32:00 → 19:33:00  (60.0 s)
    [ 51] 33M00S60.mp4                                            19:33:00 → 19:34:00  (60.0 s)
    [ 52] 34M00S60.mp4                                            19:34:00 → 19:35:00  (60.0 s)
    [ 53] 35M00S60.mp4                                            19:35:00 → 19:36:00  (60.0 s)
    [ 54] 36M00S60.mp4                                            19:36:00 → 19:37:00  (60.0 s)
    [ 55] 37M00S60.mp4                                            19:37:00 → 19:38:00  (60.0 s)
    [ 56] 38M00S60.mp4                                            19:38:00 → 19:39:00  (60.0 s)
    [ 57] 39M00S60.mp4                                            19:39:00 → 19:40:00  (60.0 s)
           ↕ gap: 10.00 s  → filled with 10.00 s black frames
    [ 58] 40M10S50.mp4                                            19:40:10 → 19:41:00  (50.0 s)
    [ 59] 41M00S60.mp4                                            19:41:00 → 19:42:00  (60.0 s)
    [ 60] 42M00S60.mp4                                            19:42:00 → 19:43:00  (60.0 s)
    [ 61] 43M00S60.mp4                                            19:43:00 → 19:44:00  (60.0 s)
    [ 62] 44M00S60.mp4                                            19:44:00 → 19:45:00  (60.0 s)
    [ 63] 45M00S60.mp4                                            19:45:00 → 19:46:00  (60.0 s)
    [ 64] 46M00S60.mp4                                            19:46:00 → 19:47:00  (60.0 s)
    [ 65] 47M00S60.mp4                                            19:47:00 → 19:48:00  (60.0 s)

────────────────────────────────────────────────────────────────────────
  Segment 7 of 7   [MERGED]   →  merged_20260418_201350_8clips.mp4
  Gap from previous segment : 1550.0 s
  Wall-clock span : 20:13:50 → 20:21:00  (430.0 s)
  Content footage : 430.0 s
  File size       : 56.9 MB

  Input clips (8)
    [  1] 13M50S10.mp4                                            20:13:50 → 20:14:00  (10.0 s)
    [  2] 14M00S60.mp4                                            20:14:00 → 20:15:00  (60.0 s)
    [  3] 15M00S60.mp4                                            20:15:00 → 20:16:00  (60.0 s)
    [  4] 16M00S60.mp4                                            20:16:00 → 20:17:00  (60.0 s)
    [  5] 17M00S60.mp4                                            20:17:00 → 20:18:00  (60.0 s)
    [  6] 18M00S60.mp4                                            20:18:00 → 20:19:00  (60.0 s)
    [  7] 19M00S60.mp4                                            20:19:00 → 20:20:00  (60.0 s)
    [  8] 20M00S60.mp4                                            20:20:00 → 20:21:00  (60.0 s)

