Camera Merge Log  —  P03 / front_cam
  Generated     : 2026-04-29 20:06:48 UTC
  Gap tolerance : 60.0 s  |  Black fill < 60 s
  Total clips   : 250
  Segments      : 8  (merged: 8, skipped: 0, single: 0, failed: 0)

────────────────────────────────────────────────────────────────────────
  Segment 1 of 8   [MERGED]   →  merged_20260414_124154_58clips.mp4
  Wall-clock span : 12:41:54 → 13:39:00  (3426.0 s)
  Content footage : 3306.0 s
  Black filler    : 120.00 s (11 gap(s))
  Video props     : 1920x1080 20/1 fps  yuvj420p
  Audio props     : 16000 Hz  1ch
  File size       : 284.7 MB

  Input clips (58)
    [  1] 41M54S05.mp4                                            12:41:54 → 12:41:59  (5.0 s)
           ↕ gap: 1.00 s  → filled with 1.00 s black frames
    [  2] 42M00S60.mp4                                            12:42:00 → 12:43:00  (60.0 s)
           ↕ gap: 25.00 s  → filled with 25.00 s black frames
    [  3] 43M25S35.mp4                                            12:43:25 → 12:44:00  (35.0 s)
    [  4] 44M00S60.mp4                                            12:44:00 → 12:45:00  (60.0 s)
    [  5] 45M00S60.mp4                                            12:45:00 → 12:46:00  (60.0 s)
    [  6] 46M00S60.mp4                                            12:46:00 → 12:47:00  (60.0 s)
    [  7] 47M00S60.mp4                                            12:47:00 → 12:48:00  (60.0 s)
    [  8] 48M00S60.mp4                                            12:48:00 → 12:49:00  (60.0 s)
    [  9] 49M00S60.mp4                                            12:49:00 → 12:50:00  (60.0 s)
           ↕ gap: 3.00 s  → filled with 3.00 s black frames
    [ 10] 50M03S57.mp4                                            12:50:03 → 12:51:00  (57.0 s)
    [ 11] 51M00S60.mp4                                            12:51:00 → 12:52:00  (60.0 s)
           ↕ gap: 13.00 s  → filled with 13.00 s black frames
    [ 12] 52M13S47.mp4                                            12:52:13 → 12:53:00  (47.0 s)
    [ 13] 53M00S60.mp4                                            12:53:00 → 12:54:00  (60.0 s)
    [ 14] 54M00S60.mp4                                            12:54:00 → 12:55:00  (60.0 s)
    [ 15] 55M00S60.mp4                                            12:55:00 → 12:56:00  (60.0 s)
    [ 16] 56M00S60.mp4                                            12:56:00 → 12:57:00  (60.0 s)
    [ 17] 57M00S60.mp4                                            12:57:00 → 12:58:00  (60.0 s)
           ↕ gap: 27.00 s  → filled with 27.00 s black frames
    [ 18] 58M27S33.mp4                                            12:58:27 → 12:59:00  (33.0 s)
    [ 19] 59M00S60.mp4                                            12:59:00 → 13:00:00  (60.0 s)
    [ 20] 00M00S60.mp4                                            13:00:00 → 13:01:00  (60.0 s)
    [ 21] 01M00S60.mp4                                            13:01:00 → 13:02:00  (60.0 s)
    [ 22] 02M00S60.mp4                                            13:02:00 → 13:03:00  (60.0 s)
           ↕ gap: 6.00 s  → filled with 6.00 s black frames
    [ 23] 03M06S54.mp4                                            13:03:06 → 13:04:00  (54.0 s)
    [ 24] 04M00S60.mp4                                            13:04:00 → 13:05:00  (60.0 s)
    [ 25] 05M00S60.mp4                                            13:05:00 → 13:06:00  (60.0 s)
    [ 26] 06M00S60.mp4                                            13:06:00 → 13:07:00  (60.0 s)
    [ 27] 07M00S60.mp4                                            13:07:00 → 13:08:00  (60.0 s)
           ↕ gap: 6.00 s  → filled with 6.00 s black frames
    [ 28] 08M06S54.mp4                                            13:08:06 → 13:09:00  (54.0 s)
    [ 29] 09M00S60.mp4                                            13:09:00 → 13:10:00  (60.0 s)
    [ 30] 10M00S60.mp4                                            13:10:00 → 13:11:00  (60.0 s)
    [ 31] 11M00S60.mp4                                            13:11:00 → 13:12:00  (60.0 s)
    [ 32] 12M00S60.mp4                                            13:12:00 → 13:13:00  (60.0 s)
    [ 33] 13M00S60.mp4                                            13:13:00 → 13:14:00  (60.0 s)
    [ 34] 14M00S60.mp4                                            13:14:00 → 13:15:00  (60.0 s)
    [ 35] 15M00S60.mp4                                            13:15:00 → 13:16:00  (60.0 s)
    [ 36] 16M00S60.mp4                                            13:16:00 → 13:17:00  (60.0 s)
    [ 37] 17M00S59.mp4                                            13:17:00 → 13:17:59  (59.0 s)
           ↕ gap: 1.00 s  → filled with 1.00 s black frames
    [ 38] 18M00S60.mp4                                            13:18:00 → 13:19:00  (60.0 s)
    [ 39] 19M00S60.mp4                                            13:19:00 → 13:20:00  (60.0 s)
    [ 40] 20M00S60.mp4                                            13:20:00 → 13:21:00  (60.0 s)
           ↕ gap: 18.00 s  → filled with 18.00 s black frames
    [ 41] 21M18S42.mp4                                            13:21:18 → 13:22:00  (42.0 s)
    [ 42] 22M00S60.mp4                                            13:22:00 → 13:23:00  (60.0 s)
    [ 43] 23M00S60.mp4                                            13:23:00 → 13:24:00  (60.0 s)
    [ 44] 24M00S60.mp4                                            13:24:00 → 13:25:00  (60.0 s)
    [ 45] 25M00S60.mp4                                            13:25:00 → 13:26:00  (60.0 s)
           ↕ gap: 11.00 s  → filled with 11.00 s black frames
    [ 46] 26M11S49.mp4                                            13:26:11 → 13:27:00  (49.0 s)
    [ 47] 27M00S60.mp4                                            13:27:00 → 13:28:00  (60.0 s)
    [ 48] 28M00S60.mp4                                            13:28:00 → 13:29:00  (60.0 s)
    [ 49] 29M00S60.mp4                                            13:29:00 → 13:30:00  (60.0 s)
           ↕ gap: 9.00 s  → filled with 9.00 s black frames
    [ 50] 30M09S51.mp4                                            13:30:09 → 13:31:00  (51.0 s)
    [ 51] 31M00S60.mp4                                            13:31:00 → 13:32:00  (60.0 s)
    [ 52] 32M00S60.mp4                                            13:32:00 → 13:33:00  (60.0 s)
    [ 53] 33M00S60.mp4                                            13:33:00 → 13:34:00  (60.0 s)
    [ 54] 34M00S60.mp4                                            13:34:00 → 13:35:00  (60.0 s)
    [ 55] 35M00S60.mp4                                            13:35:00 → 13:36:00  (60.0 s)
    [ 56] 36M00S60.mp4                                            13:36:00 → 13:37:00  (60.0 s)
    [ 57] 37M00S60.mp4                                            13:37:00 → 13:38:00  (60.0 s)
    [ 58] 38M00S60.mp4                                            13:38:00 → 13:39:00  (60.0 s)

────────────────────────────────────────────────────────────────────────
  Segment 2 of 8   [MERGED]   →  merged_20260414_133858_26clips.mp4
  Gap from previous segment : -2.0 s
  Wall-clock span : 13:38:58 → 14:04:00  (1502.0 s)
  Content footage : 1502.0 s
  File size       : 158.7 MB

  Input clips (26)
    [  1] 38M58S02.mp4                                            13:38:58 → 13:39:00  (2.0 s)
    [  2] 39M00S60.mp4                                            13:39:00 → 13:40:00  (60.0 s)
    [  3] 40M00S60.mp4                                            13:40:00 → 13:41:00  (60.0 s)
    [  4] 41M00S60.mp4                                            13:41:00 → 13:42:00  (60.0 s)
    [  5] 42M00S60.mp4                                            13:42:00 → 13:43:00  (60.0 s)
    [  6] 43M00S60.mp4                                            13:43:00 → 13:44:00  (60.0 s)
    [  7] 44M00S60.mp4                                            13:44:00 → 13:45:00  (60.0 s)
    [  8] 45M00S60.mp4                                            13:45:00 → 13:46:00  (60.0 s)
    [  9] 46M00S60.mp4                                            13:46:00 → 13:47:00  (60.0 s)
    [ 10] 47M00S60.mp4                                            13:47:00 → 13:48:00  (60.0 s)
    [ 11] 48M00S60.mp4                                            13:48:00 → 13:49:00  (60.0 s)
    [ 12] 49M00S60.mp4                                            13:49:00 → 13:50:00  (60.0 s)
    [ 13] 50M00S60.mp4                                            13:50:00 → 13:51:00  (60.0 s)
    [ 14] 51M00S60.mp4                                            13:51:00 → 13:52:00  (60.0 s)
    [ 15] 52M00S60.mp4                                            13:52:00 → 13:53:00  (60.0 s)
    [ 16] 53M00S60.mp4                                            13:53:00 → 13:54:00  (60.0 s)
    [ 17] 54M00S60.mp4                                            13:54:00 → 13:55:00  (60.0 s)
    [ 18] 55M00S60.mp4                                            13:55:00 → 13:56:00  (60.0 s)
    [ 19] 56M00S60.mp4                                            13:56:00 → 13:57:00  (60.0 s)
    [ 20] 57M00S60.mp4                                            13:57:00 → 13:58:00  (60.0 s)
    [ 21] 58M00S60.mp4                                            13:58:00 → 13:59:00  (60.0 s)
    [ 22] 59M00S60.mp4                                            13:59:00 → 14:00:00  (60.0 s)
    [ 23] 00M00S60.mp4                                            14:00:00 → 14:01:00  (60.0 s)
    [ 24] 01M00S60.mp4                                            14:01:00 → 14:02:00  (60.0 s)
    [ 25] 02M00S60.mp4                                            14:02:00 → 14:03:00  (60.0 s)
    [ 26] 03M00S60.mp4                                            14:03:00 → 14:04:00  (60.0 s)

────────────────────────────────────────────────────────────────────────
  Segment 3 of 8   [MERGED]   →  merged_20260414_140358_46clips.mp4
  Gap from previous segment : -2.0 s
  Wall-clock span : 14:03:58 → 14:49:00  (2702.0 s)
  Content footage : 2702.0 s
  File size       : 282.7 MB

  Input clips (46)
    [  1] 03M58S02.mp4                                            14:03:58 → 14:04:00  (2.0 s)
    [  2] 04M00S60.mp4                                            14:04:00 → 14:05:00  (60.0 s)
    [  3] 05M00S60.mp4                                            14:05:00 → 14:06:00  (60.0 s)
    [  4] 06M00S60.mp4                                            14:06:00 → 14:07:00  (60.0 s)
    [  5] 07M00S60.mp4                                            14:07:00 → 14:08:00  (60.0 s)
    [  6] 08M00S60.mp4                                            14:08:00 → 14:09:00  (60.0 s)
    [  7] 09M00S60.mp4                                            14:09:00 → 14:10:00  (60.0 s)
    [  8] 10M00S60.mp4                                            14:10:00 → 14:11:00  (60.0 s)
    [  9] 11M00S60.mp4                                            14:11:00 → 14:12:00  (60.0 s)
    [ 10] 12M00S60.mp4                                            14:12:00 → 14:13:00  (60.0 s)
    [ 11] 13M00S60.mp4                                            14:13:00 → 14:14:00  (60.0 s)
    [ 12] 14M00S60.mp4                                            14:14:00 → 14:15:00  (60.0 s)
    [ 13] 15M00S60.mp4                                            14:15:00 → 14:16:00  (60.0 s)
    [ 14] 16M00S60.mp4                                            14:16:00 → 14:17:00  (60.0 s)
    [ 15] 17M00S60.mp4                                            14:17:00 → 14:18:00  (60.0 s)
    [ 16] 18M00S60.mp4                                            14:18:00 → 14:19:00  (60.0 s)
    [ 17] 19M00S60.mp4                                            14:19:00 → 14:20:00  (60.0 s)
    [ 18] 20M00S60.mp4                                            14:20:00 → 14:21:00  (60.0 s)
    [ 19] 21M00S60.mp4                                            14:21:00 → 14:22:00  (60.0 s)
    [ 20] 22M00S60.mp4                                            14:22:00 → 14:23:00  (60.0 s)
    [ 21] 23M00S60.mp4                                            14:23:00 → 14:24:00  (60.0 s)
    [ 22] 24M00S60.mp4                                            14:24:00 → 14:25:00  (60.0 s)
    [ 23] 25M00S60.mp4                                            14:25:00 → 14:26:00  (60.0 s)
    [ 24] 26M00S60.mp4                                            14:26:00 → 14:27:00  (60.0 s)
    [ 25] 27M00S60.mp4                                            14:27:00 → 14:28:00  (60.0 s)
    [ 26] 28M00S60.mp4                                            14:28:00 → 14:29:00  (60.0 s)
    [ 27] 29M00S60.mp4                                            14:29:00 → 14:30:00  (60.0 s)
    [ 28] 30M00S60.mp4                                            14:30:00 → 14:31:00  (60.0 s)
    [ 29] 31M00S60.mp4                                            14:31:00 → 14:32:00  (60.0 s)
    [ 30] 32M00S60.mp4                                            14:32:00 → 14:33:00  (60.0 s)
    [ 31] 33M00S60.mp4                                            14:33:00 → 14:34:00  (60.0 s)
    [ 32] 34M00S60.mp4                                            14:34:00 → 14:35:00  (60.0 s)
    [ 33] 35M00S60.mp4                                            14:35:00 → 14:36:00  (60.0 s)
    [ 34] 36M00S60.mp4                                            14:36:00 → 14:37:00  (60.0 s)
    [ 35] 37M00S60.mp4                                            14:37:00 → 14:38:00  (60.0 s)
    [ 36] 38M00S60.mp4                                            14:38:00 → 14:39:00  (60.0 s)
    [ 37] 39M00S60.mp4                                            14:39:00 → 14:40:00  (60.0 s)
    [ 38] 40M00S60.mp4                                            14:40:00 → 14:41:00  (60.0 s)
    [ 39] 41M00S60.mp4                                            14:41:00 → 14:42:00  (60.0 s)
    [ 40] 42M00S60.mp4                                            14:42:00 → 14:43:00  (60.0 s)
    [ 41] 43M00S60.mp4                                            14:43:00 → 14:44:00  (60.0 s)
    [ 42] 44M00S60.mp4                                            14:44:00 → 14:45:00  (60.0 s)
    [ 43] 45M00S60.mp4                                            14:45:00 → 14:46:00  (60.0 s)
    [ 44] 46M00S60.mp4                                            14:46:00 → 14:47:00  (60.0 s)
    [ 45] 47M00S60.mp4                                            14:47:00 → 14:48:00  (60.0 s)
    [ 46] 48M00S60.mp4                                            14:48:00 → 14:49:00  (60.0 s)

────────────────────────────────────────────────────────────────────────
  Segment 4 of 8   [MERGED]   →  merged_20260414_144858_55clips.mp4
  Gap from previous segment : -2.0 s
  Wall-clock span : 14:48:58 → 15:43:00  (3242.0 s)
  Content footage : 3213.0 s
  Black filler    : 29.00 s (2 gap(s))
  Video props     : 1920x1080 20/1 fps  yuvj420p
  Audio props     : 16000 Hz  1ch
  File size       : 319.9 MB

  Input clips (55)
    [  1] 48M58S02.mp4                                            14:48:58 → 14:49:00  (2.0 s)
    [  2] 49M00S60.mp4                                            14:49:00 → 14:50:00  (60.0 s)
    [  3] 50M00S60.mp4                                            14:50:00 → 14:51:00  (60.0 s)
    [  4] 51M00S60.mp4                                            14:51:00 → 14:52:00  (60.0 s)
    [  5] 52M00S60.mp4                                            14:52:00 → 14:53:00  (60.0 s)
    [  6] 53M00S60.mp4                                            14:53:00 → 14:54:00  (60.0 s)
    [  7] 54M00S60.mp4                                            14:54:00 → 14:55:00  (60.0 s)
    [  8] 55M00S60.mp4                                            14:55:00 → 14:56:00  (60.0 s)
    [  9] 56M00S60.mp4                                            14:56:00 → 14:57:00  (60.0 s)
    [ 10] 57M00S60.mp4                                            14:57:00 → 14:58:00  (60.0 s)
    [ 11] 58M00S60.mp4                                            14:58:00 → 14:59:00  (60.0 s)
    [ 12] 59M00S60.mp4                                            14:59:00 → 15:00:00  (60.0 s)
    [ 13] 00M00S60.mp4                                            15:00:00 → 15:01:00  (60.0 s)
    [ 14] 01M00S60.mp4                                            15:01:00 → 15:02:00  (60.0 s)
    [ 15] 02M00S60.mp4                                            15:02:00 → 15:03:00  (60.0 s)
           ↕ gap: 24.00 s  → filled with 24.00 s black frames
    [ 16] 03M24S36.mp4                                            15:03:24 → 15:04:00  (36.0 s)
    [ 17] 04M00S60.mp4                                            15:04:00 → 15:05:00  (60.0 s)
           ↕ gap: 5.00 s  → filled with 5.00 s black frames
    [ 18] 05M05S55.mp4                                            15:05:05 → 15:06:00  (55.0 s)
    [ 19] 06M00S60.mp4                                            15:06:00 → 15:07:00  (60.0 s)
    [ 20] 07M00S60.mp4                                            15:07:00 → 15:08:00  (60.0 s)
    [ 21] 08M00S60.mp4                                            15:08:00 → 15:09:00  (60.0 s)
    [ 22] 09M00S60.mp4                                            15:09:00 → 15:10:00  (60.0 s)
    [ 23] 10M00S60.mp4                                            15:10:00 → 15:11:00  (60.0 s)
    [ 24] 11M00S60.mp4                                            15:11:00 → 15:12:00  (60.0 s)
    [ 25] 12M00S60.mp4                                            15:12:00 → 15:13:00  (60.0 s)
    [ 26] 13M00S60.mp4                                            15:13:00 → 15:14:00  (60.0 s)
    [ 27] 14M00S60.mp4                                            15:14:00 → 15:15:00  (60.0 s)
    [ 28] 15M00S60.mp4                                            15:15:00 → 15:16:00  (60.0 s)
    [ 29] 16M00S60.mp4                                            15:16:00 → 15:17:00  (60.0 s)
    [ 30] 17M00S60.mp4                                            15:17:00 → 15:18:00  (60.0 s)
    [ 31] 18M00S60.mp4                                            15:18:00 → 15:19:00  (60.0 s)
    [ 32] 19M00S60.mp4                                            15:19:00 → 15:20:00  (60.0 s)
    [ 33] 20M00S60.mp4                                            15:20:00 → 15:21:00  (60.0 s)
    [ 34] 21M00S60.mp4                                            15:21:00 → 15:22:00  (60.0 s)
    [ 35] 22M00S60.mp4                                            15:22:00 → 15:23:00  (60.0 s)
    [ 36] 23M00S60.mp4                                            15:23:00 → 15:24:00  (60.0 s)
    [ 37] 24M00S60.mp4                                            15:24:00 → 15:25:00  (60.0 s)
    [ 38] 25M00S60.mp4                                            15:25:00 → 15:26:00  (60.0 s)
    [ 39] 26M00S60.mp4                                            15:26:00 → 15:27:00  (60.0 s)
    [ 40] 27M00S60.mp4                                            15:27:00 → 15:28:00  (60.0 s)
    [ 41] 28M00S60.mp4                                            15:28:00 → 15:29:00  (60.0 s)
    [ 42] 29M00S60.mp4                                            15:29:00 → 15:30:00  (60.0 s)
    [ 43] 30M00S60.mp4                                            15:30:00 → 15:31:00  (60.0 s)
    [ 44] 31M00S60.mp4                                            15:31:00 → 15:32:00  (60.0 s)
    [ 45] 32M00S60.mp4                                            15:32:00 → 15:33:00  (60.0 s)
    [ 46] 33M00S60.mp4                                            15:33:00 → 15:34:00  (60.0 s)
    [ 47] 34M00S60.mp4                                            15:34:00 → 15:35:00  (60.0 s)
    [ 48] 35M00S60.mp4                                            15:35:00 → 15:36:00  (60.0 s)
    [ 49] 36M00S60.mp4                                            15:36:00 → 15:37:00  (60.0 s)
    [ 50] 37M00S60.mp4                                            15:37:00 → 15:38:00  (60.0 s)
    [ 51] 38M00S60.mp4                                            15:38:00 → 15:39:00  (60.0 s)
    [ 52] 39M00S60.mp4                                            15:39:00 → 15:40:00  (60.0 s)
    [ 53] 40M00S60.mp4                                            15:40:00 → 15:41:00  (60.0 s)
    [ 54] 41M00S60.mp4                                            15:41:00 → 15:42:00  (60.0 s)
    [ 55] 42M00S60.mp4                                            15:42:00 → 15:43:00  (60.0 s)

────────────────────────────────────────────────────────────────────────
  Segment 5 of 8   [MERGED]   →  merged_20260414_154258_21clips.mp4
  Gap from previous segment : -2.0 s
  Wall-clock span : 15:42:58 → 16:03:00  (1202.0 s)
  Content footage : 1200.0 s
  Black filler    : 2.00 s (1 gap(s))
  Video props     : 1920x1080 20/1 fps  yuvj420p
  Audio props     : 16000 Hz  1ch
  File size       : 114.3 MB

  Input clips (21)
    [  1] 42M58S02.mp4                                            15:42:58 → 15:43:00  (2.0 s)
    [  2] 43M00S60.mp4                                            15:43:00 → 15:44:00  (60.0 s)
    [  3] 44M00S60.mp4                                            15:44:00 → 15:45:00  (60.0 s)
    [  4] 45M00S60.mp4                                            15:45:00 → 15:46:00  (60.0 s)
    [  5] 46M00S60.mp4                                            15:46:00 → 15:47:00  (60.0 s)
    [  6] 47M00S60.mp4                                            15:47:00 → 15:48:00  (60.0 s)
    [  7] 48M00S60.mp4                                            15:48:00 → 15:49:00  (60.0 s)
    [  8] 49M00S60.mp4                                            15:49:00 → 15:50:00  (60.0 s)
    [  9] 50M00S60.mp4                                            15:50:00 → 15:51:00  (60.0 s)
    [ 10] 51M00S60.mp4                                            15:51:00 → 15:52:00  (60.0 s)
    [ 11] 52M00S60.mp4                                            15:52:00 → 15:53:00  (60.0 s)
           ↕ gap: 2.00 s  → filled with 2.00 s black frames
    [ 12] 53M02S58.mp4                                            15:53:02 → 15:54:00  (58.0 s)
    [ 13] 54M00S60.mp4                                            15:54:00 → 15:55:00  (60.0 s)
    [ 14] 55M00S60.mp4                                            15:55:00 → 15:56:00  (60.0 s)
    [ 15] 56M00S60.mp4                                            15:56:00 → 15:57:00  (60.0 s)
    [ 16] 57M00S60.mp4                                            15:57:00 → 15:58:00  (60.0 s)
    [ 17] 58M00S60.mp4                                            15:58:00 → 15:59:00  (60.0 s)
    [ 18] 59M00S60.mp4                                            15:59:00 → 16:00:00  (60.0 s)
    [ 19] 00M00S60.mp4                                            16:00:00 → 16:01:00  (60.0 s)
    [ 20] 01M00S60.mp4                                            16:01:00 → 16:02:00  (60.0 s)
    [ 21] 02M00S60.mp4                                            16:02:00 → 16:03:00  (60.0 s)

────────────────────────────────────────────────────────────────────────
  Segment 6 of 8   [MERGED]   →  merged_20260414_160258_24clips.mp4
  Gap from previous segment : -2.0 s
  Wall-clock span : 16:02:58 → 16:26:00  (1382.0 s)
  Content footage : 1177.0 s
  Black filler    : 205.00 s (5 gap(s))
  Video props     : 1920x1080 20/1 fps  yuvj420p
  Audio props     : 16000 Hz  1ch
  File size       : 116.7 MB

  Input clips (24)
    [  1] 02M58S02.mp4                                            16:02:58 → 16:03:00  (2.0 s)
    [  2] 03M00S60.mp4                                            16:03:00 → 16:04:00  (60.0 s)
    [  3] 04M00S60.mp4                                            16:04:00 → 16:05:00  (60.0 s)
    [  4] 05M00S60.mp4                                            16:05:00 → 16:06:00  (60.0 s)
    [  5] 06M00S60.mp4                                            16:06:00 → 16:07:00  (60.0 s)
    [  6] 07M00S60.mp4                                            16:07:00 → 16:08:00  (60.0 s)
    [  7] 08M00S60.mp4                                            16:08:00 → 16:09:00  (60.0 s)
    [  8] 09M00S60.mp4                                            16:09:00 → 16:10:00  (60.0 s)
    [  9] 10M00S60.mp4                                            16:10:00 → 16:11:00  (60.0 s)
    [ 10] 11M00S60.mp4                                            16:11:00 → 16:12:00  (60.0 s)
    [ 11] 12M00S60.mp4                                            16:12:00 → 16:13:00  (60.0 s)
    [ 12] 13M00S60.mp4                                            16:13:00 → 16:14:00  (60.0 s)
    [ 13] 14M00S60.mp4                                            16:14:00 → 16:15:00  (60.0 s)
           ↕ gap: 40.00 s  → filled with 40.00 s black frames
    [ 14] 15M40S20.mp4                                            16:15:40 → 16:16:00  (20.0 s)
    [ 15] 16M00S60.mp4                                            16:16:00 → 16:17:00  (60.0 s)
    [ 16] 17M00S60.mp4                                            16:17:00 → 16:18:00  (60.0 s)
           ↕ gap: 32.00 s  → filled with 32.00 s black frames
    [ 17] 18M32S28.mp4                                            16:18:32 → 16:19:00  (28.0 s)
    [ 18] 19M00S60.mp4                                            16:19:00 → 16:20:00  (60.0 s)
           ↕ gap: 47.00 s  → filled with 47.00 s black frames
    [ 19] 20M47S13.mp4                                            16:20:47 → 16:21:00  (13.0 s)
    [ 20] 21M00S60.mp4                                            16:21:00 → 16:22:00  (60.0 s)
           ↕ gap: 39.00 s  → filled with 39.00 s black frames
    [ 21] 22M39S21.mp4                                            16:22:39 → 16:23:00  (21.0 s)
    [ 22] 23M00S60.mp4                                            16:23:00 → 16:24:00  (60.0 s)
           ↕ gap: 47.00 s  → filled with 47.00 s black frames
    [ 23] 24M47S13.mp4                                            16:24:47 → 16:25:00  (13.0 s)
    [ 24] 25M00S60.mp4                                            16:25:00 → 16:26:00  (60.0 s)

────────────────────────────────────────────────────────────────────────
  Segment 7 of 8   [MERGED]   →  merged_20260414_163624_15clips.mp4
  Gap from previous segment : 624.0 s
  Wall-clock span : 16:36:24 → 16:50:00  (816.0 s)
  Content footage : 765.0 s
  Black filler    : 52.00 s (3 gap(s))
  Video props     : 1920x1080 20/1 fps  yuvj420p
  Audio props     : 16000 Hz  1ch
  File size       : 63.7 MB
  Intra-overlaps  : 1.00 s

  Input clips (15)
    [  1] 36M24S36.mp4                                            16:36:24 → 16:37:00  (36.0 s)
    [  2] 37M00S60.mp4                                            16:37:00 → 16:38:00  (60.0 s)
           ↕ gap: 28.00 s  → filled with 28.00 s black frames
    [  3] 38M28S32.mp4                                            16:38:28 → 16:39:00  (32.0 s)
    [  4] 39M00S60.mp4                                            16:39:00 → 16:40:00  (60.0 s)
           ↕ gap: 20.00 s  → filled with 20.00 s black frames
    [  5] 40M20S40.mp4                                            16:40:20 → 16:41:00  (40.0 s)
    [  6] 41M00S60.mp4                                            16:41:00 → 16:42:00  (60.0 s)
    [  7] 42M00S60.mp4                                            16:42:00 → 16:43:00  (60.0 s)
    [  8] 43M00S60.mp4                                            16:43:00 → 16:44:00  (60.0 s)
    [  9] 44M00S60.mp4                                            16:44:00 → 16:45:00  (60.0 s)
           ↕ gap: 4.00 s  → filled with 4.00 s black frames
    [ 10] 45M04S56.mp4                                            16:45:04 → 16:46:00  (56.0 s)
    [ 11] 46M00S60.mp4                                            16:46:00 → 16:47:00  (60.0 s)
    [ 12] 47M00S60.mp4                                            16:47:00 → 16:48:00  (60.0 s)
           ↕ overlap: 1.00 s
    [ 13] 47M59S01.mp4                                            16:47:59 → 16:48:00  (1.0 s)
    [ 14] 48M00S60.mp4                                            16:48:00 → 16:49:00  (60.0 s)
    [ 15] 49M00S60.mp4                                            16:49:00 → 16:50:00  (60.0 s)

────────────────────────────────────────────────────────────────────────
  Segment 8 of 8   [MERGED]   →  merged_20260414_165347_5clips.mp4
  Gap from previous segment : 227.0 s
  Wall-clock span : 16:53:47 → 16:58:00  (253.0 s)
  Content footage : 253.0 s
  File size       : 22.6 MB

  Input clips (5)
    [  1] 53M47S13.mp4                                            16:53:47 → 16:54:00  (13.0 s)
    [  2] 54M00S60.mp4                                            16:54:00 → 16:55:00  (60.0 s)
    [  3] 55M00S60.mp4                                            16:55:00 → 16:56:00  (60.0 s)
    [  4] 56M00S60.mp4                                            16:56:00 → 16:57:00  (60.0 s)
    [  5] 57M00S60.mp4                                            16:57:00 → 16:58:00  (60.0 s)

