Camera Merge Log  —  P05 / back_camera
  Generated     : 2026-04-29 20:07:36 UTC
  Gap tolerance : 60.0 s  |  Black fill < 60 s
  Total clips   : 219
  Segments      : 6  (merged: 6, skipped: 0, single: 0, failed: 0)
  Dropped clips : 3  (spurious trailing restart stub(s) removed)

────────────────────────────────────────────────────────────────────────
  Segment 1 of 6   [MERGED]   →  merged_20260415_163038_5clips.mp4
  Wall-clock span : 16:30:38 → 16:35:00  (262.0 s)
  Content footage : 262.0 s
  File size       : 28.6 MB

  Input clips (5)
    [  1] W430M38S22.mp4                                          16:30:38 → 16:31:00  (22.0 s)
    [  2] W431M00S60.mp4                                          16:31:00 → 16:32:00  (60.0 s)
    [  3] W432M00S60.mp4                                          16:32:00 → 16:33:00  (60.0 s)
    [  4] W433M00S60.mp4                                          16:33:00 → 16:34:00  (60.0 s)
    [  5] W434M00S60.mp4                                          16:34:00 → 16:35:00  (60.0 s)

────────────────────────────────────────────────────────────────────────
  Segment 2 of 6   [MERGED]   →  merged_20260415_163622_2clips.mp4
  Gap from previous segment : 82.0 s
  Wall-clock span : 16:36:22 → 16:38:00  (98.0 s)
  Content footage : 98.0 s
  File size       : 11.3 MB

  Input clips (2)
    [  1] W436M22S38.mp4                                          16:36:22 → 16:37:00  (38.0 s)
    [  2] W437M00S60.mp4                                          16:37:00 → 16:38:00  (60.0 s)

────────────────────────────────────────────────────────────────────────
  Segment 3 of 6   [MERGED]   →  merged_20260415_163952_8clips.mp4
  Gap from previous segment : 112.0 s
  Wall-clock span : 16:39:52 → 16:47:00  (428.0 s)
  Content footage : 424.0 s
  Black filler    : 4.00 s (1 gap(s))
  Video props     : 1920x1080 239/12 fps  yuvj420p
  Audio props     : 16000 Hz  1ch
  File size       : 46.7 MB
  Dropped clips   : 1  (superseded by next clip — same start time)
    [drop] W442M00S02.mp4                                          16:42:00 → 16:42:02  (2.0 s)

  Input clips (8)
    [  1] W439M52S08.mp4                                          16:39:52 → 16:40:00  (8.0 s)
    [  2] W440M00S60.mp4                                          16:40:00 → 16:41:00  (60.0 s)
    [  3] W441M00S60.mp4                                          16:41:00 → 16:42:00  (60.0 s)
    [  4] W442M00S60.mp4                                          16:42:00 → 16:43:00  (60.0 s)
    [  5] W443M00S60.mp4                                          16:43:00 → 16:44:00  (60.0 s)
           ↕ gap: 4.00 s  → filled with 4.00 s black frames
    [  6] W444M04S56.mp4                                          16:44:04 → 16:45:00  (56.0 s)
    [  7] W445M00S60.mp4                                          16:45:00 → 16:46:00  (60.0 s)
    [  8] W446M00S60.mp4                                          16:46:00 → 16:47:00  (60.0 s)

────────────────────────────────────────────────────────────────────────
  Segment 4 of 6   [MERGED]   →  merged_20260415_165858_2clips.mp4
  Gap from previous segment : 718.0 s
  Wall-clock span : 16:58:58 → 17:00:00  (62.0 s)
  Content footage : 62.0 s
  File size       : 6.3 MB

  Input clips (2)
    [  1] W458M58S02.mp4                                          16:58:58 → 16:59:00  (2.0 s)
    [  2] W459M00S60.mp4                                          16:59:00 → 17:00:00  (60.0 s)

────────────────────────────────────────────────────────────────────────
  Segment 5 of 6   [MERGED]   →  merged_20260415_170651_191clips.mp4
  Gap from previous segment : 411.0 s
  Wall-clock span : 17:06:51 → 20:17:00  (11409.0 s)
  Content footage : 11365.0 s
  Black filler    : 44.00 s (7 gap(s))
  Video props     : 1920x1080 239/12 fps  yuvj420p
  Audio props     : 16000 Hz  1ch
  File size       : 1237.8 MB
  Dropped clips   : 2  (superseded by next clip — same start time)
    [drop] W426M00S02.mp4                                          19:26:00 → 19:26:02  (2.0 s)
    [drop] W448M01S02.mp4                                          19:48:01 → 19:48:03  (2.0 s)

  Input clips (191)
    [  1] W406M51S09.mp4                                          17:06:51 → 17:07:00  (9.0 s)
    [  2] W407M00S60.mp4                                          17:07:00 → 17:08:00  (60.0 s)
    [  3] W408M00S60.mp4                                          17:08:00 → 17:09:00  (60.0 s)
    [  4] W409M00S60.mp4                                          17:09:00 → 17:10:00  (60.0 s)
    [  5] W410M00S60.mp4                                          17:10:00 → 17:11:00  (60.0 s)
    [  6] W411M00S60.mp4                                          17:11:00 → 17:12:00  (60.0 s)
    [  7] W412M00S60.mp4                                          17:12:00 → 17:13:00  (60.0 s)
    [  8] W413M00S60.mp4                                          17:13:00 → 17:14:00  (60.0 s)
    [  9] W414M00S60.mp4                                          17:14:00 → 17:15:00  (60.0 s)
    [ 10] W415M00S60.mp4                                          17:15:00 → 17:16:00  (60.0 s)
    [ 11] W416M00S60.mp4                                          17:16:00 → 17:17:00  (60.0 s)
    [ 12] W417M00S60.mp4                                          17:17:00 → 17:18:00  (60.0 s)
    [ 13] W418M00S60.mp4                                          17:18:00 → 17:19:00  (60.0 s)
    [ 14] W419M00S60.mp4                                          17:19:00 → 17:20:00  (60.0 s)
    [ 15] W420M00S60.mp4                                          17:20:00 → 17:21:00  (60.0 s)
    [ 16] W421M00S60.mp4                                          17:21:00 → 17:22:00  (60.0 s)
    [ 17] W422M00S60.mp4                                          17:22:00 → 17:23:00  (60.0 s)
    [ 18] W423M00S60.mp4                                          17:23:00 → 17:24:00  (60.0 s)
    [ 19] W424M00S60.mp4                                          17:24:00 → 17:25:00  (60.0 s)
    [ 20] W425M00S60.mp4                                          17:25:00 → 17:26:00  (60.0 s)
    [ 21] W426M00S60.mp4                                          17:26:00 → 17:27:00  (60.0 s)
    [ 22] W427M00S60.mp4                                          17:27:00 → 17:28:00  (60.0 s)
    [ 23] W428M00S60.mp4                                          17:28:00 → 17:29:00  (60.0 s)
    [ 24] W429M00S60.mp4                                          17:29:00 → 17:30:00  (60.0 s)
    [ 25] W430M00S60.mp4                                          17:30:00 → 17:31:00  (60.0 s)
    [ 26] W431M00S60.mp4                                          17:31:00 → 17:32:00  (60.0 s)
    [ 27] W432M00S60.mp4                                          17:32:00 → 17:33:00  (60.0 s)
    [ 28] W433M00S60.mp4                                          17:33:00 → 17:34:00  (60.0 s)
    [ 29] W434M00S60.mp4                                          17:34:00 → 17:35:00  (60.0 s)
    [ 30] W435M00S60.mp4                                          17:35:00 → 17:36:00  (60.0 s)
    [ 31] W436M00S60.mp4                                          17:36:00 → 17:37:00  (60.0 s)
    [ 32] W437M00S60.mp4                                          17:37:00 → 17:38:00  (60.0 s)
    [ 33] W438M00S60.mp4                                          17:38:00 → 17:39:00  (60.0 s)
    [ 34] W439M00S60.mp4                                          17:39:00 → 17:40:00  (60.0 s)
    [ 35] W440M00S60.mp4                                          17:40:00 → 17:41:00  (60.0 s)
    [ 36] W441M00S60.mp4                                          17:41:00 → 17:42:00  (60.0 s)
    [ 37] W442M00S60.mp4                                          17:42:00 → 17:43:00  (60.0 s)
    [ 38] W443M00S60.mp4                                          17:43:00 → 17:44:00  (60.0 s)
    [ 39] W444M00S60.mp4                                          17:44:00 → 17:45:00  (60.0 s)
    [ 40] W445M00S60.mp4                                          17:45:00 → 17:46:00  (60.0 s)
    [ 41] W446M00S60.mp4                                          17:46:00 → 17:47:00  (60.0 s)
    [ 42] W447M00S60.mp4                                          17:47:00 → 17:48:00  (60.0 s)
    [ 43] W448M00S60.mp4                                          17:48:00 → 17:49:00  (60.0 s)
    [ 44] W449M00S60.mp4                                          17:49:00 → 17:50:00  (60.0 s)
    [ 45] W450M00S60.mp4                                          17:50:00 → 17:51:00  (60.0 s)
    [ 46] W451M00S60.mp4                                          17:51:00 → 17:52:00  (60.0 s)
    [ 47] W452M00S60.mp4                                          17:52:00 → 17:53:00  (60.0 s)
    [ 48] W453M00S60.mp4                                          17:53:00 → 17:54:00  (60.0 s)
    [ 49] W454M00S60.mp4                                          17:54:00 → 17:55:00  (60.0 s)
    [ 50] W455M00S60.mp4                                          17:55:00 → 17:56:00  (60.0 s)
    [ 51] W456M00S60.mp4                                          17:56:00 → 17:57:00  (60.0 s)
    [ 52] W457M00S60.mp4                                          17:57:00 → 17:58:00  (60.0 s)
    [ 53] W458M00S60.mp4                                          17:58:00 → 17:59:00  (60.0 s)
    [ 54] W459M00S60.mp4                                          17:59:00 → 18:00:00  (60.0 s)
    [ 55] W400M00S60.mp4                                          18:00:00 → 18:01:00  (60.0 s)
    [ 56] W401M00S60.mp4                                          18:01:00 → 18:02:00  (60.0 s)
    [ 57] W402M00S60.mp4                                          18:02:00 → 18:03:00  (60.0 s)
    [ 58] W403M00S60.mp4                                          18:03:00 → 18:04:00  (60.0 s)
    [ 59] W404M00S60.mp4                                          18:04:00 → 18:05:00  (60.0 s)
    [ 60] W405M00S60.mp4                                          18:05:00 → 18:06:00  (60.0 s)
    [ 61] W406M00S60.mp4                                          18:06:00 → 18:07:00  (60.0 s)
    [ 62] W407M00S60.mp4                                          18:07:00 → 18:08:00  (60.0 s)
    [ 63] W408M00S60.mp4                                          18:08:00 → 18:09:00  (60.0 s)
    [ 64] W409M00S60.mp4                                          18:09:00 → 18:10:00  (60.0 s)
    [ 65] W410M00S60.mp4                                          18:10:00 → 18:11:00  (60.0 s)
    [ 66] W411M00S60.mp4                                          18:11:00 → 18:12:00  (60.0 s)
    [ 67] W412M00S60.mp4                                          18:12:00 → 18:13:00  (60.0 s)
    [ 68] W413M00S60.mp4                                          18:13:00 → 18:14:00  (60.0 s)
    [ 69] W414M00S60.mp4                                          18:14:00 → 18:15:00  (60.0 s)
    [ 70] W415M00S60.mp4                                          18:15:00 → 18:16:00  (60.0 s)
    [ 71] W416M00S60.mp4                                          18:16:00 → 18:17:00  (60.0 s)
    [ 72] W417M00S60.mp4                                          18:17:00 → 18:18:00  (60.0 s)
    [ 73] W418M00S60.mp4                                          18:18:00 → 18:19:00  (60.0 s)
    [ 74] W419M00S60.mp4                                          18:19:00 → 18:20:00  (60.0 s)
           ↕ gap: 1.00 s  → filled with 1.00 s black frames
    [ 75] W420M01S59.mp4                                          18:20:01 → 18:21:00  (59.0 s)
    [ 76] W421M00S60.mp4                                          18:21:00 → 18:22:00  (60.0 s)
    [ 77] W422M00S60.mp4                                          18:22:00 → 18:23:00  (60.0 s)
    [ 78] W423M00S60.mp4                                          18:23:00 → 18:24:00  (60.0 s)
    [ 79] W424M00S60.mp4                                          18:24:00 → 18:25:00  (60.0 s)
    [ 80] W425M00S60.mp4                                          18:25:00 → 18:26:00  (60.0 s)
    [ 81] W426M00S60.mp4                                          18:26:00 → 18:27:00  (60.0 s)
    [ 82] W427M00S60.mp4                                          18:27:00 → 18:28:00  (60.0 s)
    [ 83] W428M00S60.mp4                                          18:28:00 → 18:29:00  (60.0 s)
    [ 84] W429M00S60.mp4                                          18:29:00 → 18:30:00  (60.0 s)
           ↕ gap: 2.00 s  → filled with 2.00 s black frames
    [ 85] W430M02S58.mp4                                          18:30:02 → 18:31:00  (58.0 s)
    [ 86] W431M00S60.mp4                                          18:31:00 → 18:32:00  (60.0 s)
    [ 87] W432M00S60.mp4                                          18:32:00 → 18:33:00  (60.0 s)
    [ 88] W433M00S60.mp4                                          18:33:00 → 18:34:00  (60.0 s)
    [ 89] W434M00S60.mp4                                          18:34:00 → 18:35:00  (60.0 s)
    [ 90] W435M00S60.mp4                                          18:35:00 → 18:36:00  (60.0 s)
    [ 91] W436M00S60.mp4                                          18:36:00 → 18:37:00  (60.0 s)
    [ 92] W437M00S60.mp4                                          18:37:00 → 18:38:00  (60.0 s)
    [ 93] W438M00S60.mp4                                          18:38:00 → 18:39:00  (60.0 s)
    [ 94] W439M00S60.mp4                                          18:39:00 → 18:40:00  (60.0 s)
    [ 95] W440M00S60.mp4                                          18:40:00 → 18:41:00  (60.0 s)
    [ 96] W441M00S60.mp4                                          18:41:00 → 18:42:00  (60.0 s)
    [ 97] W442M00S60.mp4                                          18:42:00 → 18:43:00  (60.0 s)
    [ 98] W443M00S60.mp4                                          18:43:00 → 18:44:00  (60.0 s)
    [ 99] W444M00S60.mp4                                          18:44:00 → 18:45:00  (60.0 s)
    [100] W445M00S60.mp4                                          18:45:00 → 18:46:00  (60.0 s)
           ↕ gap: 31.00 s  → filled with 31.00 s black frames
    [101] W446M31S29.mp4                                          18:46:31 → 18:47:00  (29.0 s)
    [102] W447M00S60.mp4                                          18:47:00 → 18:48:00  (60.0 s)
    [103] W448M00S60.mp4                                          18:48:00 → 18:49:00  (60.0 s)
           ↕ gap: 1.00 s  → filled with 1.00 s black frames
    [104] W449M01S59.mp4                                          18:49:01 → 18:50:00  (59.0 s)
    [105] W450M00S60.mp4                                          18:50:00 → 18:51:00  (60.0 s)
    [106] W451M00S60.mp4                                          18:51:00 → 18:52:00  (60.0 s)
    [107] W452M00S60.mp4                                          18:52:00 → 18:53:00  (60.0 s)
    [108] W453M00S60.mp4                                          18:53:00 → 18:54:00  (60.0 s)
    [109] W454M00S60.mp4                                          18:54:00 → 18:55:00  (60.0 s)
    [110] W455M00S60.mp4                                          18:55:00 → 18:56:00  (60.0 s)
    [111] W456M00S60.mp4                                          18:56:00 → 18:57:00  (60.0 s)
    [112] W457M00S60.mp4                                          18:57:00 → 18:58:00  (60.0 s)
    [113] W458M00S60.mp4                                          18:58:00 → 18:59:00  (60.0 s)
    [114] W459M00S60.mp4                                          18:59:00 → 19:00:00  (60.0 s)
    [115] W400M00S60.mp4                                          19:00:00 → 19:01:00  (60.0 s)
    [116] W401M00S60.mp4                                          19:01:00 → 19:02:00  (60.0 s)
    [117] W402M00S60.mp4                                          19:02:00 → 19:03:00  (60.0 s)
    [118] W403M00S60.mp4                                          19:03:00 → 19:04:00  (60.0 s)
    [119] W404M00S60.mp4                                          19:04:00 → 19:05:00  (60.0 s)
    [120] W405M00S60.mp4                                          19:05:00 → 19:06:00  (60.0 s)
    [121] W406M00S60.mp4                                          19:06:00 → 19:07:00  (60.0 s)
    [122] W407M00S60.mp4                                          19:07:00 → 19:08:00  (60.0 s)
           ↕ gap: 5.00 s  → filled with 5.00 s black frames
    [123] W408M05S55.mp4                                          19:08:05 → 19:09:00  (55.0 s)
    [124] W409M00S60.mp4                                          19:09:00 → 19:10:00  (60.0 s)
    [125] W410M00S60.mp4                                          19:10:00 → 19:11:00  (60.0 s)
    [126] W411M00S60.mp4                                          19:11:00 → 19:12:00  (60.0 s)
    [127] W412M00S60.mp4                                          19:12:00 → 19:13:00  (60.0 s)
    [128] W413M00S60.mp4                                          19:13:00 → 19:14:00  (60.0 s)
    [129] W414M00S60.mp4                                          19:14:00 → 19:15:00  (60.0 s)
    [130] W415M00S60.mp4                                          19:15:00 → 19:16:00  (60.0 s)
    [131] W416M00S60.mp4                                          19:16:00 → 19:17:00  (60.0 s)
    [132] W417M00S60.mp4                                          19:17:00 → 19:18:00  (60.0 s)
    [133] W418M00S60.mp4                                          19:18:00 → 19:19:00  (60.0 s)
    [134] W419M00S60.mp4                                          19:19:00 → 19:20:00  (60.0 s)
    [135] W420M00S60.mp4                                          19:20:00 → 19:21:00  (60.0 s)
    [136] W421M00S60.mp4                                          19:21:00 → 19:22:00  (60.0 s)
    [137] W422M00S60.mp4                                          19:22:00 → 19:23:00  (60.0 s)
    [138] W423M00S60.mp4                                          19:23:00 → 19:24:00  (60.0 s)
    [139] W424M00S60.mp4                                          19:24:00 → 19:25:00  (60.0 s)
    [140] W425M00S60.mp4                                          19:25:00 → 19:26:00  (60.0 s)
    [141] W426M00S60.mp4                                          19:26:00 → 19:27:00  (60.0 s)
    [142] W427M00S60.mp4                                          19:27:00 → 19:28:00  (60.0 s)
    [143] W428M00S60.mp4                                          19:28:00 → 19:29:00  (60.0 s)
    [144] W429M00S60.mp4                                          19:29:00 → 19:30:00  (60.0 s)
    [145] W430M00S60.mp4                                          19:30:00 → 19:31:00  (60.0 s)
    [146] W431M00S60.mp4                                          19:31:00 → 19:32:00  (60.0 s)
    [147] W432M00S60.mp4                                          19:32:00 → 19:33:00  (60.0 s)
    [148] W433M00S60.mp4                                          19:33:00 → 19:34:00  (60.0 s)
    [149] W434M00S60.mp4                                          19:34:00 → 19:35:00  (60.0 s)
    [150] W435M00S60.mp4                                          19:35:00 → 19:36:00  (60.0 s)
    [151] W436M00S60.mp4                                          19:36:00 → 19:37:00  (60.0 s)
    [152] W437M00S60.mp4                                          19:37:00 → 19:38:00  (60.0 s)
    [153] W438M00S60.mp4                                          19:38:00 → 19:39:00  (60.0 s)
    [154] W439M00S60.mp4                                          19:39:00 → 19:40:00  (60.0 s)
    [155] W440M00S60.mp4                                          19:40:00 → 19:41:00  (60.0 s)
    [156] W441M00S60.mp4                                          19:41:00 → 19:42:00  (60.0 s)
    [157] W442M00S60.mp4                                          19:42:00 → 19:43:00  (60.0 s)
    [158] W443M00S60.mp4                                          19:43:00 → 19:44:00  (60.0 s)
    [159] W444M00S60.mp4                                          19:44:00 → 19:45:00  (60.0 s)
    [160] W445M00S60.mp4                                          19:45:00 → 19:46:00  (60.0 s)
    [161] W446M00S60.mp4                                          19:46:00 → 19:47:00  (60.0 s)
    [162] W447M00S60.mp4                                          19:47:00 → 19:48:00  (60.0 s)
           ↕ gap: 1.00 s  → filled with 1.00 s black frames
    [163] W448M01S59.mp4                                          19:48:01 → 19:49:00  (59.0 s)
    [164] W449M00S60.mp4                                          19:49:00 → 19:50:00  (60.0 s)
    [165] W450M00S60.mp4                                          19:50:00 → 19:51:00  (60.0 s)
    [166] W451M00S60.mp4                                          19:51:00 → 19:52:00  (60.0 s)
    [167] W452M00S60.mp4                                          19:52:00 → 19:53:00  (60.0 s)
    [168] W453M00S60.mp4                                          19:53:00 → 19:54:00  (60.0 s)
    [169] W454M00S60.mp4                                          19:54:00 → 19:55:00  (60.0 s)
    [170] W455M00S60.mp4                                          19:55:00 → 19:56:00  (60.0 s)
    [171] W456M00S60.mp4                                          19:56:00 → 19:57:00  (60.0 s)
    [172] W457M00S60.mp4                                          19:57:00 → 19:58:00  (60.0 s)
           ↕ gap: 3.00 s  → filled with 3.00 s black frames
    [173] W458M03S57.mp4                                          19:58:03 → 19:59:00  (57.0 s)
    [174] W459M00S60.mp4                                          19:59:00 → 20:00:00  (60.0 s)
    [175] W400M00S60.mp4                                          20:00:00 → 20:01:00  (60.0 s)
    [176] W401M00S60.mp4                                          20:01:00 → 20:02:00  (60.0 s)
    [177] W402M00S60.mp4                                          20:02:00 → 20:03:00  (60.0 s)
    [178] W403M00S60.mp4                                          20:03:00 → 20:04:00  (60.0 s)
    [179] W404M00S60.mp4                                          20:04:00 → 20:05:00  (60.0 s)
    [180] W405M00S60.mp4                                          20:05:00 → 20:06:00  (60.0 s)
    [181] W406M00S60.mp4                                          20:06:00 → 20:07:00  (60.0 s)
    [182] W407M00S60.mp4                                          20:07:00 → 20:08:00  (60.0 s)
    [183] W408M00S60.mp4                                          20:08:00 → 20:09:00  (60.0 s)
    [184] W409M00S60.mp4                                          20:09:00 → 20:10:00  (60.0 s)
    [185] W410M00S60.mp4                                          20:10:00 → 20:11:00  (60.0 s)
    [186] W411M00S60.mp4                                          20:11:00 → 20:12:00  (60.0 s)
    [187] W412M00S60.mp4                                          20:12:00 → 20:13:00  (60.0 s)
    [188] W413M00S60.mp4                                          20:13:00 → 20:14:00  (60.0 s)
    [189] W414M00S60.mp4                                          20:14:00 → 20:15:00  (60.0 s)
    [190] W415M00S60.mp4                                          20:15:00 → 20:16:00  (60.0 s)
    [191] W416M00S60.mp4                                          20:16:00 → 20:17:00  (60.0 s)

────────────────────────────────────────────────────────────────────────
  Segment 6 of 6   [MERGED]   →  merged_20260415_211324_8clips.mp4
  Gap from previous segment : 3384.0 s
  Wall-clock span : 21:13:24 → 21:21:00  (456.0 s)
  Content footage : 453.0 s
  Black filler    : 3.00 s (1 gap(s))
  Video props     : 1920x1080 239/12 fps  yuvj420p
  Audio props     : 16000 Hz  1ch
  File size       : 56.2 MB

  Input clips (8)
    [  1] W413M24S36.mp4                                          21:13:24 → 21:14:00  (36.0 s)
    [  2] W414M00S60.mp4                                          21:14:00 → 21:15:00  (60.0 s)
    [  3] W415M00S60.mp4                                          21:15:00 → 21:16:00  (60.0 s)
    [  4] W416M00S60.mp4                                          21:16:00 → 21:17:00  (60.0 s)
    [  5] W417M00S60.mp4                                          21:17:00 → 21:18:00  (60.0 s)
    [  6] W418M00S60.mp4                                          21:18:00 → 21:19:00  (60.0 s)
    [  7] W419M00S60.mp4                                          21:19:00 → 21:20:00  (60.0 s)
           ↕ gap: 3.00 s  → filled with 3.00 s black frames
    [  8] W420M03S57.mp4                                          21:20:03 → 21:21:00  (57.0 s)

