Camera Merge Log  —  P10 / back_camera
  Generated     : 2026-04-29 20:09:49 UTC
  Gap tolerance : 60.0 s  |  Black fill < 60 s
  Total clips   : 190
  Segments      : 3  (merged: 2, skipped: 0, single: 1, failed: 0)

────────────────────────────────────────────────────────────────────────
  Segment 1 of 3   [MERGED]   →  merged_20260423_124458_2clips.mp4
  Wall-clock span : 12:44:58 → 12:46:00  (62.0 s)
  Content footage : 62.0 s
  File size       : 7.3 MB

  Input clips (2)
    [  1] W444M58S02.mp4                                          12:44:58 → 12:45:00  (2.0 s)
    [  2] W445M00S60.mp4                                          12:45:00 → 12:46:00  (60.0 s)

────────────────────────────────────────────────────────────────────────
  Segment 2 of 3   [SINGLE]   →  W450M00S12.mp4
  Gap from previous segment : 240.0 s
  Wall-clock span : 12:50:00 → 12:50:12  (12.0 s)
  Content footage : 12.0 s

  Input clips (1)
    [  1] W450M00S12.mp4                                          12:50:00 → 12:50:12  (12.0 s)

────────────────────────────────────────────────────────────────────────
  Segment 3 of 3   [MERGED]   →  merged_20260423_125001_187clips.mp4
  Gap from previous segment : -11.0 s
  Wall-clock span : 12:50:01 → 15:57:00  (11219.0 s)
  Content footage : 11219.0 s
  File size       : 1087.5 MB

  Input clips (187)
    [  1] W450M01S59.mp4                                          12:50:01 → 12:51:00  (59.0 s)
    [  2] W451M00S60.mp4                                          12:51:00 → 12:52:00  (60.0 s)
    [  3] W452M00S60.mp4                                          12:52:00 → 12:53:00  (60.0 s)
    [  4] W453M00S60.mp4                                          12:53:00 → 12:54:00  (60.0 s)
    [  5] W454M00S60.mp4                                          12:54:00 → 12:55:00  (60.0 s)
    [  6] W455M00S60.mp4                                          12:55:00 → 12:56:00  (60.0 s)
    [  7] W456M00S60.mp4                                          12:56:00 → 12:57:00  (60.0 s)
    [  8] W457M00S60.mp4                                          12:57:00 → 12:58:00  (60.0 s)
    [  9] W458M00S60.mp4                                          12:58:00 → 12:59:00  (60.0 s)
    [ 10] W459M00S60.mp4                                          12:59:00 → 13:00:00  (60.0 s)
    [ 11] W400M00S60.mp4                                          13:00:00 → 13:01:00  (60.0 s)
    [ 12] W401M00S60.mp4                                          13:01:00 → 13:02:00  (60.0 s)
    [ 13] W402M00S60.mp4                                          13:02:00 → 13:03:00  (60.0 s)
    [ 14] W403M00S60.mp4                                          13:03:00 → 13:04:00  (60.0 s)
    [ 15] W404M00S60.mp4                                          13:04:00 → 13:05:00  (60.0 s)
    [ 16] W405M00S60.mp4                                          13:05:00 → 13:06:00  (60.0 s)
    [ 17] W406M00S60.mp4                                          13:06:00 → 13:07:00  (60.0 s)
    [ 18] W407M00S60.mp4                                          13:07:00 → 13:08:00  (60.0 s)
    [ 19] W408M00S60.mp4                                          13:08:00 → 13:09:00  (60.0 s)
    [ 20] W409M00S60.mp4                                          13:09:00 → 13:10:00  (60.0 s)
    [ 21] W410M00S60.mp4                                          13:10:00 → 13:11:00  (60.0 s)
    [ 22] W411M00S60.mp4                                          13:11:00 → 13:12:00  (60.0 s)
    [ 23] W412M00S60.mp4                                          13:12:00 → 13:13:00  (60.0 s)
    [ 24] W413M00S60.mp4                                          13:13:00 → 13:14:00  (60.0 s)
    [ 25] W414M00S60.mp4                                          13:14:00 → 13:15:00  (60.0 s)
    [ 26] W415M00S60.mp4                                          13:15:00 → 13:16:00  (60.0 s)
    [ 27] W416M00S60.mp4                                          13:16:00 → 13:17:00  (60.0 s)
    [ 28] W417M00S60.mp4                                          13:17:00 → 13:18:00  (60.0 s)
    [ 29] W418M00S60.mp4                                          13:18:00 → 13:19:00  (60.0 s)
    [ 30] W419M00S60.mp4                                          13:19:00 → 13:20:00  (60.0 s)
    [ 31] W420M00S60.mp4                                          13:20:00 → 13:21:00  (60.0 s)
    [ 32] W421M00S60.mp4                                          13:21:00 → 13:22:00  (60.0 s)
    [ 33] W422M00S60.mp4                                          13:22:00 → 13:23:00  (60.0 s)
    [ 34] W423M00S60.mp4                                          13:23:00 → 13:24:00  (60.0 s)
    [ 35] W424M00S60.mp4                                          13:24:00 → 13:25:00  (60.0 s)
    [ 36] W425M00S60.mp4                                          13:25:00 → 13:26:00  (60.0 s)
    [ 37] W426M00S60.mp4                                          13:26:00 → 13:27:00  (60.0 s)
    [ 38] W427M00S60.mp4                                          13:27:00 → 13:28:00  (60.0 s)
    [ 39] W428M00S60.mp4                                          13:28:00 → 13:29:00  (60.0 s)
    [ 40] W429M00S60.mp4                                          13:29:00 → 13:30:00  (60.0 s)
    [ 41] W430M00S60.mp4                                          13:30:00 → 13:31:00  (60.0 s)
    [ 42] W431M00S60.mp4                                          13:31:00 → 13:32:00  (60.0 s)
    [ 43] W432M00S60.mp4                                          13:32:00 → 13:33:00  (60.0 s)
    [ 44] W433M00S60.mp4                                          13:33:00 → 13:34:00  (60.0 s)
    [ 45] W434M00S60.mp4                                          13:34:00 → 13:35:00  (60.0 s)
    [ 46] W435M00S60.mp4                                          13:35:00 → 13:36:00  (60.0 s)
    [ 47] W436M00S60.mp4                                          13:36:00 → 13:37:00  (60.0 s)
    [ 48] W437M00S60.mp4                                          13:37:00 → 13:38:00  (60.0 s)
    [ 49] W438M00S60.mp4                                          13:38:00 → 13:39:00  (60.0 s)
    [ 50] W439M00S60.mp4                                          13:39:00 → 13:40:00  (60.0 s)
    [ 51] W440M00S60.mp4                                          13:40:00 → 13:41:00  (60.0 s)
    [ 52] W441M00S60.mp4                                          13:41:00 → 13:42:00  (60.0 s)
    [ 53] W442M00S60.mp4                                          13:42:00 → 13:43:00  (60.0 s)
    [ 54] W443M00S60.mp4                                          13:43:00 → 13:44:00  (60.0 s)
    [ 55] W444M00S60.mp4                                          13:44:00 → 13:45:00  (60.0 s)
    [ 56] W445M00S60.mp4                                          13:45:00 → 13:46:00  (60.0 s)
    [ 57] W446M00S60.mp4                                          13:46:00 → 13:47:00  (60.0 s)
    [ 58] W447M00S60.mp4                                          13:47:00 → 13:48:00  (60.0 s)
    [ 59] W448M00S60.mp4                                          13:48:00 → 13:49:00  (60.0 s)
    [ 60] W449M00S60.mp4                                          13:49:00 → 13:50:00  (60.0 s)
    [ 61] W450M00S60.mp4                                          13:50:00 → 13:51:00  (60.0 s)
    [ 62] W451M00S60.mp4                                          13:51:00 → 13:52:00  (60.0 s)
    [ 63] W452M00S60.mp4                                          13:52:00 → 13:53:00  (60.0 s)
    [ 64] W453M00S60.mp4                                          13:53:00 → 13:54:00  (60.0 s)
    [ 65] W454M00S60.mp4                                          13:54:00 → 13:55:00  (60.0 s)
    [ 66] W455M00S60.mp4                                          13:55:00 → 13:56:00  (60.0 s)
    [ 67] W456M00S60.mp4                                          13:56:00 → 13:57:00  (60.0 s)
    [ 68] W457M00S60.mp4                                          13:57:00 → 13:58:00  (60.0 s)
    [ 69] W458M00S60.mp4                                          13:58:00 → 13:59:00  (60.0 s)
    [ 70] W459M00S60.mp4                                          13:59:00 → 14:00:00  (60.0 s)
    [ 71] W400M00S60.mp4                                          14:00:00 → 14:01:00  (60.0 s)
    [ 72] W401M00S60.mp4                                          14:01:00 → 14:02:00  (60.0 s)
    [ 73] W402M00S60.mp4                                          14:02:00 → 14:03:00  (60.0 s)
    [ 74] W403M00S60.mp4                                          14:03:00 → 14:04:00  (60.0 s)
    [ 75] W404M00S60.mp4                                          14:04:00 → 14:05:00  (60.0 s)
    [ 76] W405M00S60.mp4                                          14:05:00 → 14:06:00  (60.0 s)
    [ 77] W406M00S60.mp4                                          14:06:00 → 14:07:00  (60.0 s)
    [ 78] W407M00S60.mp4                                          14:07:00 → 14:08:00  (60.0 s)
    [ 79] W408M00S60.mp4                                          14:08:00 → 14:09:00  (60.0 s)
    [ 80] W409M00S60.mp4                                          14:09:00 → 14:10:00  (60.0 s)
    [ 81] W410M00S60.mp4                                          14:10:00 → 14:11:00  (60.0 s)
    [ 82] W411M00S60.mp4                                          14:11:00 → 14:12:00  (60.0 s)
    [ 83] W412M00S60.mp4                                          14:12:00 → 14:13:00  (60.0 s)
    [ 84] W413M00S60.mp4                                          14:13:00 → 14:14:00  (60.0 s)
    [ 85] W414M00S60.mp4                                          14:14:00 → 14:15:00  (60.0 s)
    [ 86] W415M00S60.mp4                                          14:15:00 → 14:16:00  (60.0 s)
    [ 87] W416M00S60.mp4                                          14:16:00 → 14:17:00  (60.0 s)
    [ 88] W417M00S60.mp4                                          14:17:00 → 14:18:00  (60.0 s)
    [ 89] W418M00S60.mp4                                          14:18:00 → 14:19:00  (60.0 s)
    [ 90] W419M00S60.mp4                                          14:19:00 → 14:20:00  (60.0 s)
    [ 91] W420M00S60.mp4                                          14:20:00 → 14:21:00  (60.0 s)
    [ 92] W421M00S60.mp4                                          14:21:00 → 14:22:00  (60.0 s)
    [ 93] W422M00S60.mp4                                          14:22:00 → 14:23:00  (60.0 s)
    [ 94] W423M00S60.mp4                                          14:23:00 → 14:24:00  (60.0 s)
    [ 95] W424M00S60.mp4                                          14:24:00 → 14:25:00  (60.0 s)
    [ 96] W425M00S60.mp4                                          14:25:00 → 14:26:00  (60.0 s)
    [ 97] W426M00S60.mp4                                          14:26:00 → 14:27:00  (60.0 s)
    [ 98] W427M00S60.mp4                                          14:27:00 → 14:28:00  (60.0 s)
    [ 99] W428M00S60.mp4                                          14:28:00 → 14:29:00  (60.0 s)
    [100] W429M00S60.mp4                                          14:29:00 → 14:30:00  (60.0 s)
    [101] W430M00S60.mp4                                          14:30:00 → 14:31:00  (60.0 s)
    [102] W431M00S60.mp4                                          14:31:00 → 14:32:00  (60.0 s)
    [103] W432M00S60.mp4                                          14:32:00 → 14:33:00  (60.0 s)
    [104] W433M00S60.mp4                                          14:33:00 → 14:34:00  (60.0 s)
    [105] W434M00S60.mp4                                          14:34:00 → 14:35:00  (60.0 s)
    [106] W435M00S60.mp4                                          14:35:00 → 14:36:00  (60.0 s)
    [107] W436M00S60.mp4                                          14:36:00 → 14:37:00  (60.0 s)
    [108] W437M00S60.mp4                                          14:37:00 → 14:38:00  (60.0 s)
    [109] W438M00S60.mp4                                          14:38:00 → 14:39:00  (60.0 s)
    [110] W439M00S60.mp4                                          14:39:00 → 14:40:00  (60.0 s)
    [111] W440M00S60.mp4                                          14:40:00 → 14:41:00  (60.0 s)
    [112] W441M00S60.mp4                                          14:41:00 → 14:42:00  (60.0 s)
    [113] W442M00S60.mp4                                          14:42:00 → 14:43:00  (60.0 s)
    [114] W443M00S60.mp4                                          14:43:00 → 14:44:00  (60.0 s)
    [115] W444M00S60.mp4                                          14:44:00 → 14:45:00  (60.0 s)
    [116] W445M00S60.mp4                                          14:45:00 → 14:46:00  (60.0 s)
    [117] W446M00S60.mp4                                          14:46:00 → 14:47:00  (60.0 s)
    [118] W447M00S60.mp4                                          14:47:00 → 14:48:00  (60.0 s)
    [119] W448M00S60.mp4                                          14:48:00 → 14:49:00  (60.0 s)
    [120] W449M00S60.mp4                                          14:49:00 → 14:50:00  (60.0 s)
    [121] W450M00S60.mp4                                          14:50:00 → 14:51:00  (60.0 s)
    [122] W451M00S60.mp4                                          14:51:00 → 14:52:00  (60.0 s)
    [123] W452M00S60.mp4                                          14:52:00 → 14:53:00  (60.0 s)
    [124] W453M00S60.mp4                                          14:53:00 → 14:54:00  (60.0 s)
    [125] W454M00S60.mp4                                          14:54:00 → 14:55:00  (60.0 s)
    [126] W455M00S60.mp4                                          14:55:00 → 14:56:00  (60.0 s)
    [127] W456M00S60.mp4                                          14:56:00 → 14:57:00  (60.0 s)
    [128] W457M00S60.mp4                                          14:57:00 → 14:58:00  (60.0 s)
    [129] W458M00S60.mp4                                          14:58:00 → 14:59:00  (60.0 s)
    [130] W459M00S60.mp4                                          14:59:00 → 15:00:00  (60.0 s)
    [131] W400M00S60.mp4                                          15:00:00 → 15:01:00  (60.0 s)
    [132] W401M00S60.mp4                                          15:01:00 → 15:02:00  (60.0 s)
    [133] W402M00S60.mp4                                          15:02:00 → 15:03:00  (60.0 s)
    [134] W403M00S60.mp4                                          15:03:00 → 15:04:00  (60.0 s)
    [135] W404M00S60.mp4                                          15:04:00 → 15:05:00  (60.0 s)
    [136] W405M00S60.mp4                                          15:05:00 → 15:06:00  (60.0 s)
    [137] W406M00S60.mp4                                          15:06:00 → 15:07:00  (60.0 s)
    [138] W407M00S60.mp4                                          15:07:00 → 15:08:00  (60.0 s)
    [139] W408M00S60.mp4                                          15:08:00 → 15:09:00  (60.0 s)
    [140] W409M00S60.mp4                                          15:09:00 → 15:10:00  (60.0 s)
    [141] W410M00S60.mp4                                          15:10:00 → 15:11:00  (60.0 s)
    [142] W411M00S60.mp4                                          15:11:00 → 15:12:00  (60.0 s)
    [143] W412M00S60.mp4                                          15:12:00 → 15:13:00  (60.0 s)
    [144] W413M00S60.mp4                                          15:13:00 → 15:14:00  (60.0 s)
    [145] W414M00S60.mp4                                          15:14:00 → 15:15:00  (60.0 s)
    [146] W415M00S60.mp4                                          15:15:00 → 15:16:00  (60.0 s)
    [147] W416M00S60.mp4                                          15:16:00 → 15:17:00  (60.0 s)
    [148] W417M00S60.mp4                                          15:17:00 → 15:18:00  (60.0 s)
    [149] W418M00S60.mp4                                          15:18:00 → 15:19:00  (60.0 s)
    [150] W419M00S60.mp4                                          15:19:00 → 15:20:00  (60.0 s)
    [151] W420M00S60.mp4                                          15:20:00 → 15:21:00  (60.0 s)
    [152] W421M00S60.mp4                                          15:21:00 → 15:22:00  (60.0 s)
    [153] W422M00S60.mp4                                          15:22:00 → 15:23:00  (60.0 s)
    [154] W423M00S60.mp4                                          15:23:00 → 15:24:00  (60.0 s)
    [155] W424M00S60.mp4                                          15:24:00 → 15:25:00  (60.0 s)
    [156] W425M00S60.mp4                                          15:25:00 → 15:26:00  (60.0 s)
    [157] W426M00S60.mp4                                          15:26:00 → 15:27:00  (60.0 s)
    [158] W427M00S60.mp4                                          15:27:00 → 15:28:00  (60.0 s)
    [159] W428M00S60.mp4                                          15:28:00 → 15:29:00  (60.0 s)
    [160] W429M00S60.mp4                                          15:29:00 → 15:30:00  (60.0 s)
    [161] W430M00S60.mp4                                          15:30:00 → 15:31:00  (60.0 s)
    [162] W431M00S60.mp4                                          15:31:00 → 15:32:00  (60.0 s)
    [163] W432M00S60.mp4                                          15:32:00 → 15:33:00  (60.0 s)
    [164] W433M00S60.mp4                                          15:33:00 → 15:34:00  (60.0 s)
    [165] W434M00S60.mp4                                          15:34:00 → 15:35:00  (60.0 s)
    [166] W435M00S60.mp4                                          15:35:00 → 15:36:00  (60.0 s)
    [167] W436M00S60.mp4                                          15:36:00 → 15:37:00  (60.0 s)
    [168] W437M00S60.mp4                                          15:37:00 → 15:38:00  (60.0 s)
    [169] W438M00S60.mp4                                          15:38:00 → 15:39:00  (60.0 s)
    [170] W439M00S60.mp4                                          15:39:00 → 15:40:00  (60.0 s)
    [171] W440M00S60.mp4                                          15:40:00 → 15:41:00  (60.0 s)
    [172] W441M00S60.mp4                                          15:41:00 → 15:42:00  (60.0 s)
    [173] W442M00S60.mp4                                          15:42:00 → 15:43:00  (60.0 s)
    [174] W443M00S60.mp4                                          15:43:00 → 15:44:00  (60.0 s)
    [175] W444M00S60.mp4                                          15:44:00 → 15:45:00  (60.0 s)
    [176] W445M00S60.mp4                                          15:45:00 → 15:46:00  (60.0 s)
    [177] W446M00S60.mp4                                          15:46:00 → 15:47:00  (60.0 s)
    [178] W447M00S60.mp4                                          15:47:00 → 15:48:00  (60.0 s)
    [179] W448M00S60.mp4                                          15:48:00 → 15:49:00  (60.0 s)
    [180] W449M00S60.mp4                                          15:49:00 → 15:50:00  (60.0 s)
    [181] W450M00S60.mp4                                          15:50:00 → 15:51:00  (60.0 s)
    [182] W451M00S60.mp4                                          15:51:00 → 15:52:00  (60.0 s)
    [183] W452M00S60.mp4                                          15:52:00 → 15:53:00  (60.0 s)
    [184] W453M00S60.mp4                                          15:53:00 → 15:54:00  (60.0 s)
    [185] W454M00S60.mp4                                          15:54:00 → 15:55:00  (60.0 s)
    [186] W455M00S60.mp4                                          15:55:00 → 15:56:00  (60.0 s)
    [187] W456M00S60.mp4                                          15:56:00 → 15:57:00  (60.0 s)

