Camera Merge Log  —  P09 / back_camera
  Generated     : 2026-04-29 20:09:36 UTC
  Gap tolerance : 60.0 s  |  Black fill < 60 s
  Total clips   : 140
  Segments      : 3  (merged: 2, skipped: 0, single: 1, failed: 0)
  Dropped clips : 3  (spurious trailing restart stub(s) removed)

────────────────────────────────────────────────────────────────────────
  Segment 1 of 3   [MERGED]   →  merged_20260422_175827_7clips.mp4
  Wall-clock span : 17:58:27 → 18:05:00  (393.0 s)
  Content footage : 356.0 s
  Black filler    : 37.00 s (1 gap(s))
  Video props     : 1920x1080 60000/1001 fps  yuvj420p
  Audio props     : 16000 Hz  1ch
  File size       : 43.2 MB

  Input clips (7)
    [  1] W458M27S33.mp4                                          17:58:27 → 17:59:00  (33.0 s)
    [  2] W459M00S60.mp4                                          17:59:00 → 18:00:00  (60.0 s)
    [  3] W400M00S60.mp4                                          18:00:00 → 18:01:00  (60.0 s)
           ↕ gap: 37.00 s  → filled with 37.00 s black frames
    [  4] W401M37S23.mp4                                          18:01:37 → 18:02:00  (23.0 s)
    [  5] W402M00S60.mp4                                          18:02:00 → 18:03:00  (60.0 s)
    [  6] W403M00S60.mp4                                          18:03:00 → 18:04:00  (60.0 s)
    [  7] W404M00S60.mp4                                          18:04:00 → 18:05:00  (60.0 s)

────────────────────────────────────────────────────────────────────────
  Segment 2 of 3   [MERGED]   →  merged_20260422_183840_129clips.mp4
  Gap from previous segment : 2020.0 s
  Wall-clock span : 18:38:40 → 20:47:00  (7700.0 s)
  Content footage : 7655.0 s
  Black filler    : 45.00 s (7 gap(s))
  Video props     : 1920x1080 239/12 fps  yuvj420p
  Audio props     : 16000 Hz  1ch
  File size       : 945.2 MB
  Dropped clips   : 3  (superseded by next clip — same start time)
    [drop] W406M00S02.mp4                                          19:06:00 → 19:06:02  (2.0 s)
    [drop] W411M01S02.mp4                                          20:11:01 → 20:11:03  (2.0 s)
    [drop] W445M01S02.mp4                                          20:45:01 → 20:45:03  (2.0 s)

  Input clips (129)
    [  1] W438M40S20.mp4                                          18:38:40 → 18:39:00  (20.0 s)
    [  2] W439M00S60.mp4                                          18:39:00 → 18:40:00  (60.0 s)
    [  3] W440M00S60.mp4                                          18:40:00 → 18:41:00  (60.0 s)
    [  4] W441M00S60.mp4                                          18:41:00 → 18:42:00  (60.0 s)
    [  5] W442M00S60.mp4                                          18:42:00 → 18:43:00  (60.0 s)
           ↕ gap: 11.00 s  → filled with 11.00 s black frames
    [  6] W443M11S49.mp4                                          18:43:11 → 18:44:00  (49.0 s)
    [  7] W444M00S60.mp4                                          18:44:00 → 18:45:00  (60.0 s)
    [  8] W445M00S60.mp4                                          18:45:00 → 18:46:00  (60.0 s)
    [  9] W446M00S60.mp4                                          18:46:00 → 18:47:00  (60.0 s)
    [ 10] W447M00S60.mp4                                          18:47:00 → 18:48:00  (60.0 s)
    [ 11] W448M00S60.mp4                                          18:48:00 → 18:49:00  (60.0 s)
    [ 12] W449M00S60.mp4                                          18:49:00 → 18:50:00  (60.0 s)
    [ 13] W450M00S60.mp4                                          18:50:00 → 18:51:00  (60.0 s)
    [ 14] W451M00S60.mp4                                          18:51:00 → 18:52:00  (60.0 s)
    [ 15] W452M00S60.mp4                                          18:52:00 → 18:53:00  (60.0 s)
    [ 16] W453M00S60.mp4                                          18:53:00 → 18:54:00  (60.0 s)
    [ 17] W454M00S60.mp4                                          18:54:00 → 18:55:00  (60.0 s)
    [ 18] W455M00S60.mp4                                          18:55:00 → 18:56:00  (60.0 s)
    [ 19] W456M00S60.mp4                                          18:56:00 → 18:57:00  (60.0 s)
    [ 20] W457M00S60.mp4                                          18:57:00 → 18:58:00  (60.0 s)
    [ 21] W458M00S60.mp4                                          18:58:00 → 18:59:00  (60.0 s)
    [ 22] W459M00S60.mp4                                          18:59:00 → 19:00:00  (60.0 s)
    [ 23] W400M00S60.mp4                                          19:00:00 → 19:01:00  (60.0 s)
    [ 24] W401M00S60.mp4                                          19:01:00 → 19:02:00  (60.0 s)
    [ 25] W402M00S60.mp4                                          19:02:00 → 19:03:00  (60.0 s)
    [ 26] W403M00S60.mp4                                          19:03:00 → 19:04:00  (60.0 s)
    [ 27] W404M00S60.mp4                                          19:04:00 → 19:05:00  (60.0 s)
    [ 28] W405M00S60.mp4                                          19:05:00 → 19:06:00  (60.0 s)
    [ 29] W406M00S60.mp4                                          19:06:00 → 19:07:00  (60.0 s)
    [ 30] W407M00S60.mp4                                          19:07:00 → 19:08:00  (60.0 s)
    [ 31] W408M00S60.mp4                                          19:08:00 → 19:09:00  (60.0 s)
    [ 32] W409M00S60.mp4                                          19:09:00 → 19:10:00  (60.0 s)
    [ 33] W410M00S60.mp4                                          19:10:00 → 19:11:00  (60.0 s)
    [ 34] W411M00S60.mp4                                          19:11:00 → 19:12:00  (60.0 s)
    [ 35] W412M00S60.mp4                                          19:12:00 → 19:13:00  (60.0 s)
    [ 36] W413M00S60.mp4                                          19:13:00 → 19:14:00  (60.0 s)
    [ 37] W414M00S60.mp4                                          19:14:00 → 19:15:00  (60.0 s)
    [ 38] W415M00S60.mp4                                          19:15:00 → 19:16:00  (60.0 s)
    [ 39] W416M00S60.mp4                                          19:16:00 → 19:17:00  (60.0 s)
    [ 40] W417M00S60.mp4                                          19:17:00 → 19:18:00  (60.0 s)
    [ 41] W418M00S60.mp4                                          19:18:00 → 19:19:00  (60.0 s)
    [ 42] W419M00S60.mp4                                          19:19:00 → 19:20:00  (60.0 s)
    [ 43] W420M00S60.mp4                                          19:20:00 → 19:21:00  (60.0 s)
    [ 44] W421M00S60.mp4                                          19:21:00 → 19:22:00  (60.0 s)
    [ 45] W422M00S60.mp4                                          19:22:00 → 19:23:00  (60.0 s)
    [ 46] W423M00S60.mp4                                          19:23:00 → 19:24:00  (60.0 s)
    [ 47] W424M00S60.mp4                                          19:24:00 → 19:25:00  (60.0 s)
    [ 48] W425M00S60.mp4                                          19:25:00 → 19:26:00  (60.0 s)
    [ 49] W426M00S60.mp4                                          19:26:00 → 19:27:00  (60.0 s)
    [ 50] W427M00S60.mp4                                          19:27:00 → 19:28:00  (60.0 s)
           ↕ gap: 4.00 s  → filled with 4.00 s black frames
    [ 51] W428M04S56.mp4                                          19:28:04 → 19:29:00  (56.0 s)
    [ 52] W429M00S60.mp4                                          19:29:00 → 19:30:00  (60.0 s)
    [ 53] W430M00S60.mp4                                          19:30:00 → 19:31:00  (60.0 s)
    [ 54] W431M00S60.mp4                                          19:31:00 → 19:32:00  (60.0 s)
    [ 55] W432M00S60.mp4                                          19:32:00 → 19:33:00  (60.0 s)
    [ 56] W433M00S60.mp4                                          19:33:00 → 19:34:00  (60.0 s)
    [ 57] W434M00S60.mp4                                          19:34:00 → 19:35:00  (60.0 s)
    [ 58] W435M00S60.mp4                                          19:35:00 → 19:36:00  (60.0 s)
    [ 59] W436M00S60.mp4                                          19:36:00 → 19:37:00  (60.0 s)
    [ 60] W437M00S60.mp4                                          19:37:00 → 19:38:00  (60.0 s)
    [ 61] W438M00S60.mp4                                          19:38:00 → 19:39:00  (60.0 s)
    [ 62] W439M00S60.mp4                                          19:39:00 → 19:40:00  (60.0 s)
    [ 63] W440M00S60.mp4                                          19:40:00 → 19:41:00  (60.0 s)
    [ 64] W441M00S60.mp4                                          19:41:00 → 19:42:00  (60.0 s)
    [ 65] W442M00S60.mp4                                          19:42:00 → 19:43:00  (60.0 s)
    [ 66] W443M00S60.mp4                                          19:43:00 → 19:44:00  (60.0 s)
    [ 67] W444M00S60.mp4                                          19:44:00 → 19:45:00  (60.0 s)
    [ 68] W445M00S60.mp4                                          19:45:00 → 19:46:00  (60.0 s)
    [ 69] W446M00S60.mp4                                          19:46:00 → 19:47:00  (60.0 s)
           ↕ gap: 12.00 s  → filled with 12.00 s black frames
    [ 70] W447M12S48.mp4                                          19:47:12 → 19:48:00  (48.0 s)
    [ 71] W448M00S60.mp4                                          19:48:00 → 19:49:00  (60.0 s)
    [ 72] W449M00S60.mp4                                          19:49:00 → 19:50:00  (60.0 s)
    [ 73] W450M00S60.mp4                                          19:50:00 → 19:51:00  (60.0 s)
    [ 74] W451M00S60.mp4                                          19:51:00 → 19:52:00  (60.0 s)
    [ 75] W452M00S60.mp4                                          19:52:00 → 19:53:00  (60.0 s)
    [ 76] W453M00S60.mp4                                          19:53:00 → 19:54:00  (60.0 s)
    [ 77] W454M00S60.mp4                                          19:54:00 → 19:55:00  (60.0 s)
    [ 78] W455M00S60.mp4                                          19:55:00 → 19:56:00  (60.0 s)
    [ 79] W456M00S60.mp4                                          19:56:00 → 19:57:00  (60.0 s)
    [ 80] W457M00S60.mp4                                          19:57:00 → 19:58:00  (60.0 s)
    [ 81] W458M00S60.mp4                                          19:58:00 → 19:59:00  (60.0 s)
    [ 82] W459M00S60.mp4                                          19:59:00 → 20:00:00  (60.0 s)
    [ 83] W400M00S60.mp4                                          20:00:00 → 20:01:00  (60.0 s)
    [ 84] W401M00S60.mp4                                          20:01:00 → 20:02:00  (60.0 s)
           ↕ gap: 13.00 s  → filled with 13.00 s black frames
    [ 85] W402M13S47.mp4                                          20:02:13 → 20:03:00  (47.0 s)
    [ 86] W403M00S60.mp4                                          20:03:00 → 20:04:00  (60.0 s)
    [ 87] W404M00S60.mp4                                          20:04:00 → 20:05:00  (60.0 s)
    [ 88] W405M00S60.mp4                                          20:05:00 → 20:06:00  (60.0 s)
    [ 89] W406M00S60.mp4                                          20:06:00 → 20:07:00  (60.0 s)
    [ 90] W407M00S60.mp4                                          20:07:00 → 20:08:00  (60.0 s)
    [ 91] W408M00S60.mp4                                          20:08:00 → 20:09:00  (60.0 s)
    [ 92] W409M00S60.mp4                                          20:09:00 → 20:10:00  (60.0 s)
    [ 93] W410M00S60.mp4                                          20:10:00 → 20:11:00  (60.0 s)
           ↕ gap: 1.00 s  → filled with 1.00 s black frames
    [ 94] W411M01S59.mp4                                          20:11:01 → 20:12:00  (59.0 s)
    [ 95] W412M00S60.mp4                                          20:12:00 → 20:13:00  (60.0 s)
    [ 96] W413M00S60.mp4                                          20:13:00 → 20:14:00  (60.0 s)
    [ 97] W414M00S60.mp4                                          20:14:00 → 20:15:00  (60.0 s)
    [ 98] W415M00S60.mp4                                          20:15:00 → 20:16:00  (60.0 s)
    [ 99] W416M00S60.mp4                                          20:16:00 → 20:17:00  (60.0 s)
    [100] W417M00S60.mp4                                          20:17:00 → 20:18:00  (60.0 s)
    [101] W418M00S60.mp4                                          20:18:00 → 20:19:00  (60.0 s)
    [102] W419M00S60.mp4                                          20:19:00 → 20:20:00  (60.0 s)
    [103] W420M00S60.mp4                                          20:20:00 → 20:21:00  (60.0 s)
    [104] W421M00S60.mp4                                          20:21:00 → 20:22:00  (60.0 s)
    [105] W422M00S60.mp4                                          20:22:00 → 20:23:00  (60.0 s)
    [106] W423M00S60.mp4                                          20:23:00 → 20:24:00  (60.0 s)
    [107] W424M00S60.mp4                                          20:24:00 → 20:25:00  (60.0 s)
    [108] W425M00S60.mp4                                          20:25:00 → 20:26:00  (60.0 s)
    [109] W426M00S60.mp4                                          20:26:00 → 20:27:00  (60.0 s)
    [110] W427M00S60.mp4                                          20:27:00 → 20:28:00  (60.0 s)
           ↕ gap: 3.00 s  → filled with 3.00 s black frames
    [111] W428M03S57.mp4                                          20:28:03 → 20:29:00  (57.0 s)
    [112] W429M00S60.mp4                                          20:29:00 → 20:30:00  (60.0 s)
    [113] W430M00S60.mp4                                          20:30:00 → 20:31:00  (60.0 s)
    [114] W431M00S60.mp4                                          20:31:00 → 20:32:00  (60.0 s)
    [115] W432M00S60.mp4                                          20:32:00 → 20:33:00  (60.0 s)
    [116] W433M00S60.mp4                                          20:33:00 → 20:34:00  (60.0 s)
    [117] W434M00S60.mp4                                          20:34:00 → 20:35:00  (60.0 s)
    [118] W435M00S60.mp4                                          20:35:00 → 20:36:00  (60.0 s)
    [119] W436M00S60.mp4                                          20:36:00 → 20:37:00  (60.0 s)
    [120] W437M00S60.mp4                                          20:37:00 → 20:38:00  (60.0 s)
    [121] W438M00S60.mp4                                          20:38:00 → 20:39:00  (60.0 s)
    [122] W439M00S60.mp4                                          20:39:00 → 20:40:00  (60.0 s)
    [123] W440M00S60.mp4                                          20:40:00 → 20:41:00  (60.0 s)
    [124] W441M00S60.mp4                                          20:41:00 → 20:42:00  (60.0 s)
    [125] W442M00S60.mp4                                          20:42:00 → 20:43:00  (60.0 s)
    [126] W443M00S60.mp4                                          20:43:00 → 20:44:00  (60.0 s)
    [127] W444M00S60.mp4                                          20:44:00 → 20:45:00  (60.0 s)
           ↕ gap: 1.00 s  → filled with 1.00 s black frames
    [128] W445M01S59.mp4                                          20:45:01 → 20:46:00  (59.0 s)
    [129] W446M00S60.mp4                                          20:46:00 → 20:47:00  (60.0 s)

────────────────────────────────────────────────────────────────────────
  Segment 3 of 3   [SINGLE]   →  W459M56S04.mp4
  Gap from previous segment : 4376.0 s
  Wall-clock span : 21:59:56 → 22:00:00  (4.0 s)
  Content footage : 4.0 s

  Input clips (1)
    [  1] W459M56S04.mp4                                          21:59:56 → 22:00:00  (4.0 s)

