Camera Merge Log  —  P03 / back_camera
  Generated     : 2026-04-29 20:06:22 UTC
  Gap tolerance : 60.0 s  |  Black fill < 60 s
  Total clips   : 183
  Segments      : 5  (merged: 4, skipped: 0, single: 1, failed: 0)
  Dropped clips : 3  (spurious trailing restart stub(s) removed)

────────────────────────────────────────────────────────────────────────
  Segment 1 of 5   [MERGED]   →  merged_20260414_124140_5clips.mp4
  Wall-clock span : 12:41:40 → 12:46:00  (260.0 s)
  Content footage : 260.0 s
  File size       : 31.2 MB

  Input clips (5)
    [  1] W441M40S20.mp4                                          12:41:40 → 12:42:00  (20.0 s)
    [  2] W442M00S60.mp4                                          12:42:00 → 12:43:00  (60.0 s)
    [  3] W443M00S60.mp4                                          12:43:00 → 12:44:00  (60.0 s)
    [  4] W444M00S60.mp4                                          12:44:00 → 12:45:00  (60.0 s)
    [  5] W445M00S60.mp4                                          12:45:00 → 12:46:00  (60.0 s)

────────────────────────────────────────────────────────────────────────
  Segment 2 of 5   [MERGED]   →  merged_20260414_124732_11clips.mp4
  Gap from previous segment : 92.0 s
  Wall-clock span : 12:47:32 → 12:58:00  (628.0 s)
  Content footage : 494.0 s
  Black filler    : 134.00 s (4 gap(s))
  Video props     : 1920x1080 239/12 fps  yuvj420p
  Audio props     : 16000 Hz  1ch
  File size       : 55.1 MB

  Input clips (11)
    [  1] W447M32S28.mp4                                          12:47:32 → 12:48:00  (28.0 s)
    [  2] W448M00S60.mp4                                          12:48:00 → 12:49:00  (60.0 s)
           ↕ gap: 28.00 s  → filled with 28.00 s black frames
    [  3] W449M28S32.mp4                                          12:49:28 → 12:50:00  (32.0 s)
    [  4] W450M00S60.mp4                                          12:50:00 → 12:51:00  (60.0 s)
    [  5] W451M00S60.mp4                                          12:51:00 → 12:52:00  (60.0 s)
           ↕ gap: 27.00 s  → filled with 27.00 s black frames
    [  6] W452M27S33.mp4                                          12:52:27 → 12:53:00  (33.0 s)
    [  7] W453M00S60.mp4                                          12:53:00 → 12:54:00  (60.0 s)
           ↕ gap: 46.00 s  → filled with 46.00 s black frames
    [  8] W454M46S14.mp4                                          12:54:46 → 12:55:00  (14.0 s)
    [  9] W455M00S60.mp4                                          12:55:00 → 12:56:00  (60.0 s)
           ↕ gap: 33.00 s  → filled with 33.00 s black frames
    [ 10] W456M33S27.mp4                                          12:56:33 → 12:57:00  (27.0 s)
    [ 11] W457M00S60.mp4                                          12:57:00 → 12:58:00  (60.0 s)

────────────────────────────────────────────────────────────────────────
  Segment 3 of 5   [MERGED]   →  merged_20260414_133309_161clips.mp4
  Gap from previous segment : 2109.0 s
  Wall-clock span : 13:33:09 → 16:14:00  (9651.0 s)
  Content footage : 9559.0 s
  Black filler    : 92.00 s (7 gap(s))
  Video props     : 1920x1080 239/12 fps  yuvj420p
  Audio props     : 16000 Hz  1ch
  File size       : 1166.8 MB
  Dropped clips   : 3  (superseded by next clip — same start time)
    [drop] W404M00S02.mp4                                          14:04:00 → 14:04:02  (2.0 s)
    [drop] W425M00S02.mp4                                          14:25:00 → 14:25:02  (2.0 s)
    [drop] W445M00S02.mp4                                          14:45:00 → 14:45:02  (2.0 s)

  Input clips (161)
    [  1] W433M09S51.mp4                                          13:33:09 → 13:34:00  (51.0 s)
    [  2] W434M00S60.mp4                                          13:34:00 → 13:35:00  (60.0 s)
    [  3] W435M00S60.mp4                                          13:35:00 → 13:36:00  (60.0 s)
    [  4] W436M00S60.mp4                                          13:36:00 → 13:37:00  (60.0 s)
           ↕ gap: 1.00 s  → filled with 1.00 s black frames
    [  5] W437M01S59.mp4                                          13:37:01 → 13:38:00  (59.0 s)
    [  6] W438M00S60.mp4                                          13:38:00 → 13:39:00  (60.0 s)
    [  7] W439M00S60.mp4                                          13:39:00 → 13:40:00  (60.0 s)
    [  8] W440M00S60.mp4                                          13:40:00 → 13:41:00  (60.0 s)
    [  9] W441M00S60.mp4                                          13:41:00 → 13:42:00  (60.0 s)
    [ 10] W442M00S60.mp4                                          13:42:00 → 13:43:00  (60.0 s)
    [ 11] W443M00S60.mp4                                          13:43:00 → 13:44:00  (60.0 s)
    [ 12] W444M00S60.mp4                                          13:44:00 → 13:45:00  (60.0 s)
    [ 13] W445M00S60.mp4                                          13:45:00 → 13:46:00  (60.0 s)
    [ 14] W446M00S60.mp4                                          13:46:00 → 13:47:00  (60.0 s)
    [ 15] W447M00S60.mp4                                          13:47:00 → 13:48:00  (60.0 s)
    [ 16] W448M00S60.mp4                                          13:48:00 → 13:49:00  (60.0 s)
    [ 17] W449M00S60.mp4                                          13:49:00 → 13:50:00  (60.0 s)
    [ 18] W450M00S60.mp4                                          13:50:00 → 13:51:00  (60.0 s)
    [ 19] W451M00S60.mp4                                          13:51:00 → 13:52:00  (60.0 s)
    [ 20] W452M00S60.mp4                                          13:52:00 → 13:53:00  (60.0 s)
    [ 21] W453M00S60.mp4                                          13:53:00 → 13:54:00  (60.0 s)
    [ 22] W454M00S60.mp4                                          13:54:00 → 13:55:00  (60.0 s)
    [ 23] W455M00S60.mp4                                          13:55:00 → 13:56:00  (60.0 s)
    [ 24] W456M00S60.mp4                                          13:56:00 → 13:57:00  (60.0 s)
    [ 25] W457M00S60.mp4                                          13:57:00 → 13:58:00  (60.0 s)
    [ 26] W458M00S60.mp4                                          13:58:00 → 13:59:00  (60.0 s)
    [ 27] W459M00S60.mp4                                          13:59:00 → 14:00:00  (60.0 s)
    [ 28] W400M00S60.mp4                                          14:00:00 → 14:01:00  (60.0 s)
    [ 29] W401M00S60.mp4                                          14:01:00 → 14:02:00  (60.0 s)
    [ 30] W402M00S60.mp4                                          14:02:00 → 14:03:00  (60.0 s)
    [ 31] W403M00S60.mp4                                          14:03:00 → 14:04:00  (60.0 s)
    [ 32] W404M00S60.mp4                                          14:04:00 → 14:05:00  (60.0 s)
    [ 33] W405M00S60.mp4                                          14:05:00 → 14:06:00  (60.0 s)
    [ 34] W406M00S60.mp4                                          14:06:00 → 14:07:00  (60.0 s)
    [ 35] W407M00S60.mp4                                          14:07:00 → 14:08:00  (60.0 s)
    [ 36] W408M00S60.mp4                                          14:08:00 → 14:09:00  (60.0 s)
    [ 37] W409M00S60.mp4                                          14:09:00 → 14:10:00  (60.0 s)
    [ 38] W410M00S60.mp4                                          14:10:00 → 14:11:00  (60.0 s)
    [ 39] W411M00S60.mp4                                          14:11:00 → 14:12:00  (60.0 s)
    [ 40] W412M00S60.mp4                                          14:12:00 → 14:13:00  (60.0 s)
    [ 41] W413M00S60.mp4                                          14:13:00 → 14:14:00  (60.0 s)
    [ 42] W414M00S60.mp4                                          14:14:00 → 14:15:00  (60.0 s)
    [ 43] W415M00S60.mp4                                          14:15:00 → 14:16:00  (60.0 s)
    [ 44] W416M00S60.mp4                                          14:16:00 → 14:17:00  (60.0 s)
    [ 45] W417M00S60.mp4                                          14:17:00 → 14:18:00  (60.0 s)
    [ 46] W418M00S60.mp4                                          14:18:00 → 14:19:00  (60.0 s)
    [ 47] W419M00S60.mp4                                          14:19:00 → 14:20:00  (60.0 s)
    [ 48] W420M00S60.mp4                                          14:20:00 → 14:21:00  (60.0 s)
    [ 49] W421M00S60.mp4                                          14:21:00 → 14:22:00  (60.0 s)
    [ 50] W422M00S60.mp4                                          14:22:00 → 14:23:00  (60.0 s)
    [ 51] W423M00S60.mp4                                          14:23:00 → 14:24:00  (60.0 s)
    [ 52] W424M00S60.mp4                                          14:24:00 → 14:25:00  (60.0 s)
    [ 53] W425M00S60.mp4                                          14:25:00 → 14:26:00  (60.0 s)
    [ 54] W426M00S60.mp4                                          14:26:00 → 14:27:00  (60.0 s)
    [ 55] W427M00S60.mp4                                          14:27:00 → 14:28:00  (60.0 s)
    [ 56] W428M00S60.mp4                                          14:28:00 → 14:29:00  (60.0 s)
    [ 57] W429M00S60.mp4                                          14:29:00 → 14:30:00  (60.0 s)
    [ 58] W430M00S60.mp4                                          14:30:00 → 14:31:00  (60.0 s)
    [ 59] W431M00S60.mp4                                          14:31:00 → 14:32:00  (60.0 s)
    [ 60] W432M00S60.mp4                                          14:32:00 → 14:33:00  (60.0 s)
    [ 61] W433M00S60.mp4                                          14:33:00 → 14:34:00  (60.0 s)
    [ 62] W434M00S60.mp4                                          14:34:00 → 14:35:00  (60.0 s)
    [ 63] W435M00S60.mp4                                          14:35:00 → 14:36:00  (60.0 s)
    [ 64] W436M00S60.mp4                                          14:36:00 → 14:37:00  (60.0 s)
    [ 65] W437M00S60.mp4                                          14:37:00 → 14:38:00  (60.0 s)
    [ 66] W438M00S60.mp4                                          14:38:00 → 14:39:00  (60.0 s)
    [ 67] W439M00S60.mp4                                          14:39:00 → 14:40:00  (60.0 s)
    [ 68] W440M00S60.mp4                                          14:40:00 → 14:41:00  (60.0 s)
    [ 69] W441M00S60.mp4                                          14:41:00 → 14:42:00  (60.0 s)
    [ 70] W442M00S60.mp4                                          14:42:00 → 14:43:00  (60.0 s)
    [ 71] W443M00S60.mp4                                          14:43:00 → 14:44:00  (60.0 s)
    [ 72] W444M00S60.mp4                                          14:44:00 → 14:45:00  (60.0 s)
    [ 73] W445M00S60.mp4                                          14:45:00 → 14:46:00  (60.0 s)
    [ 74] W446M00S60.mp4                                          14:46:00 → 14:47:00  (60.0 s)
    [ 75] W447M00S60.mp4                                          14:47:00 → 14:48:00  (60.0 s)
    [ 76] W448M00S60.mp4                                          14:48:00 → 14:49:00  (60.0 s)
    [ 77] W449M00S60.mp4                                          14:49:00 → 14:50:00  (60.0 s)
    [ 78] W450M00S60.mp4                                          14:50:00 → 14:51:00  (60.0 s)
    [ 79] W451M00S60.mp4                                          14:51:00 → 14:52:00  (60.0 s)
    [ 80] W452M00S60.mp4                                          14:52:00 → 14:53:00  (60.0 s)
    [ 81] W453M00S60.mp4                                          14:53:00 → 14:54:00  (60.0 s)
    [ 82] W454M00S60.mp4                                          14:54:00 → 14:55:00  (60.0 s)
    [ 83] W455M00S60.mp4                                          14:55:00 → 14:56:00  (60.0 s)
    [ 84] W456M00S60.mp4                                          14:56:00 → 14:57:00  (60.0 s)
    [ 85] W457M00S60.mp4                                          14:57:00 → 14:58:00  (60.0 s)
    [ 86] W458M00S60.mp4                                          14:58:00 → 14:59:00  (60.0 s)
           ↕ gap: 43.00 s  → filled with 43.00 s black frames
    [ 87] W459M43S17.mp4                                          14:59:43 → 15:00:00  (17.0 s)
    [ 88] W400M00S60.mp4                                          15:00:00 → 15:01:00  (60.0 s)
    [ 89] W401M00S60.mp4                                          15:01:00 → 15:02:00  (60.0 s)
    [ 90] W402M00S60.mp4                                          15:02:00 → 15:03:00  (60.0 s)
           ↕ gap: 26.00 s  → filled with 26.00 s black frames
    [ 91] W403M26S34.mp4                                          15:03:26 → 15:04:00  (34.0 s)
    [ 92] W404M00S60.mp4                                          15:04:00 → 15:05:00  (60.0 s)
           ↕ gap: 7.00 s  → filled with 7.00 s black frames
    [ 93] W405M07S53.mp4                                          15:05:07 → 15:06:00  (53.0 s)
    [ 94] W406M00S60.mp4                                          15:06:00 → 15:07:00  (60.0 s)
    [ 95] W407M00S60.mp4                                          15:07:00 → 15:08:00  (60.0 s)
    [ 96] W408M00S60.mp4                                          15:08:00 → 15:09:00  (60.0 s)
    [ 97] W409M00S60.mp4                                          15:09:00 → 15:10:00  (60.0 s)
    [ 98] W410M00S60.mp4                                          15:10:00 → 15:11:00  (60.0 s)
    [ 99] W411M00S60.mp4                                          15:11:00 → 15:12:00  (60.0 s)
    [100] W412M00S60.mp4                                          15:12:00 → 15:13:00  (60.0 s)
    [101] W413M00S60.mp4                                          15:13:00 → 15:14:00  (60.0 s)
    [102] W414M00S60.mp4                                          15:14:00 → 15:15:00  (60.0 s)
    [103] W415M00S60.mp4                                          15:15:00 → 15:16:00  (60.0 s)
    [104] W416M00S60.mp4                                          15:16:00 → 15:17:00  (60.0 s)
    [105] W417M00S60.mp4                                          15:17:00 → 15:18:00  (60.0 s)
    [106] W418M00S60.mp4                                          15:18:00 → 15:19:00  (60.0 s)
    [107] W419M00S60.mp4                                          15:19:00 → 15:20:00  (60.0 s)
    [108] W420M00S60.mp4                                          15:20:00 → 15:21:00  (60.0 s)
    [109] W421M00S60.mp4                                          15:21:00 → 15:22:00  (60.0 s)
    [110] W422M00S60.mp4                                          15:22:00 → 15:23:00  (60.0 s)
    [111] W423M00S60.mp4                                          15:23:00 → 15:24:00  (60.0 s)
    [112] W424M00S60.mp4                                          15:24:00 → 15:25:00  (60.0 s)
           ↕ gap: 9.00 s  → filled with 9.00 s black frames
    [113] W425M09S51.mp4                                          15:25:09 → 15:26:00  (51.0 s)
    [114] W426M00S60.mp4                                          15:26:00 → 15:27:00  (60.0 s)
    [115] W427M00S60.mp4                                          15:27:00 → 15:28:00  (60.0 s)
    [116] W428M00S60.mp4                                          15:28:00 → 15:29:00  (60.0 s)
    [117] W429M00S60.mp4                                          15:29:00 → 15:30:00  (60.0 s)
    [118] W430M00S60.mp4                                          15:30:00 → 15:31:00  (60.0 s)
    [119] W431M00S60.mp4                                          15:31:00 → 15:32:00  (60.0 s)
    [120] W432M00S60.mp4                                          15:32:00 → 15:33:00  (60.0 s)
    [121] W433M00S60.mp4                                          15:33:00 → 15:34:00  (60.0 s)
    [122] W434M00S60.mp4                                          15:34:00 → 15:35:00  (60.0 s)
           ↕ gap: 2.00 s  → filled with 2.00 s black frames
    [123] W435M02S58.mp4                                          15:35:02 → 15:36:00  (58.0 s)
    [124] W436M00S60.mp4                                          15:36:00 → 15:37:00  (60.0 s)
    [125] W437M00S60.mp4                                          15:37:00 → 15:38:00  (60.0 s)
    [126] W438M00S60.mp4                                          15:38:00 → 15:39:00  (60.0 s)
    [127] W439M00S60.mp4                                          15:39:00 → 15:40:00  (60.0 s)
    [128] W440M00S60.mp4                                          15:40:00 → 15:41:00  (60.0 s)
    [129] W441M00S60.mp4                                          15:41:00 → 15:42:00  (60.0 s)
    [130] W442M00S60.mp4                                          15:42:00 → 15:43:00  (60.0 s)
    [131] W443M00S60.mp4                                          15:43:00 → 15:44:00  (60.0 s)
    [132] W444M00S60.mp4                                          15:44:00 → 15:45:00  (60.0 s)
    [133] W445M00S60.mp4                                          15:45:00 → 15:46:00  (60.0 s)
    [134] W446M00S60.mp4                                          15:46:00 → 15:47:00  (60.0 s)
    [135] W447M00S60.mp4                                          15:47:00 → 15:48:00  (60.0 s)
    [136] W448M00S60.mp4                                          15:48:00 → 15:49:00  (60.0 s)
    [137] W449M00S60.mp4                                          15:49:00 → 15:50:00  (60.0 s)
    [138] W450M00S60.mp4                                          15:50:00 → 15:51:00  (60.0 s)
    [139] W451M00S60.mp4                                          15:51:00 → 15:52:00  (60.0 s)
    [140] W452M00S60.mp4                                          15:52:00 → 15:53:00  (60.0 s)
           ↕ gap: 4.00 s  → filled with 4.00 s black frames
    [141] W453M04S56.mp4                                          15:53:04 → 15:54:00  (56.0 s)
    [142] W454M00S60.mp4                                          15:54:00 → 15:55:00  (60.0 s)
    [143] W455M00S60.mp4                                          15:55:00 → 15:56:00  (60.0 s)
    [144] W456M00S60.mp4                                          15:56:00 → 15:57:00  (60.0 s)
    [145] W457M00S60.mp4                                          15:57:00 → 15:58:00  (60.0 s)
    [146] W458M00S60.mp4                                          15:58:00 → 15:59:00  (60.0 s)
    [147] W459M00S60.mp4                                          15:59:00 → 16:00:00  (60.0 s)
    [148] W400M00S60.mp4                                          16:00:00 → 16:01:00  (60.0 s)
    [149] W401M00S60.mp4                                          16:01:00 → 16:02:00  (60.0 s)
    [150] W402M00S60.mp4                                          16:02:00 → 16:03:00  (60.0 s)
    [151] W403M00S60.mp4                                          16:03:00 → 16:04:00  (60.0 s)
    [152] W404M00S60.mp4                                          16:04:00 → 16:05:00  (60.0 s)
    [153] W405M00S60.mp4                                          16:05:00 → 16:06:00  (60.0 s)
    [154] W406M00S60.mp4                                          16:06:00 → 16:07:00  (60.0 s)
    [155] W407M00S60.mp4                                          16:07:00 → 16:08:00  (60.0 s)
    [156] W408M00S60.mp4                                          16:08:00 → 16:09:00  (60.0 s)
    [157] W409M00S60.mp4                                          16:09:00 → 16:10:00  (60.0 s)
    [158] W410M00S60.mp4                                          16:10:00 → 16:11:00  (60.0 s)
    [159] W411M00S60.mp4                                          16:11:00 → 16:12:00  (60.0 s)
    [160] W412M00S60.mp4                                          16:12:00 → 16:13:00  (60.0 s)
    [161] W413M00S60.mp4                                          16:13:00 → 16:14:00  (60.0 s)

────────────────────────────────────────────────────────────────────────
  Segment 4 of 5   [MERGED]   →  merged_20260414_165529_2clips.mp4
  Gap from previous segment : 2489.0 s
  Wall-clock span : 16:55:29 → 16:57:00  (91.0 s)
  Content footage : 91.0 s
  File size       : 10.7 MB

  Input clips (2)
    [  1] W455M29S31.mp4                                          16:55:29 → 16:56:00  (31.0 s)
    [  2] W456M00S60.mp4                                          16:56:00 → 16:57:00  (60.0 s)

────────────────────────────────────────────────────────────────────────
  Segment 5 of 5   [SINGLE]   →  W459M16S44.mp4
  Gap from previous segment : 136.0 s
  Wall-clock span : 16:59:16 → 17:00:00  (44.0 s)
  Content footage : 44.0 s

  Input clips (1)
    [  1] W459M16S44.mp4                                          16:59:16 → 17:00:00  (44.0 s)

