Camera Merge Log  —  P08 / front_camera
  Generated     : 2026-04-29 20:09:21 UTC
  Gap tolerance : 60.0 s  |  Black fill < 60 s
  Total clips   : 175
  Segments      : 17  (merged: 16, skipped: 0, single: 1, failed: 0)

────────────────────────────────────────────────────────────────────────
  Segment 1 of 17   [MERGED]   →  merged_20260419_164620_5clips.mp4
  Wall-clock span : 16:46:20 → 16:51:00  (280.0 s)
  Content footage : 280.0 s
  File size       : 39.6 MB

  Input clips (5)
    [  1] 46M20S40.mp4                                            16:46:20 → 16:47:00  (40.0 s)
    [  2] 47M00S60.mp4                                            16:47:00 → 16:48:00  (60.0 s)
    [  3] 48M00S60.mp4                                            16:48:00 → 16:49:00  (60.0 s)
    [  4] 49M00S60.mp4                                            16:49:00 → 16:50:00  (60.0 s)
    [  5] 50M00S60.mp4                                            16:50:00 → 16:51:00  (60.0 s)

────────────────────────────────────────────────────────────────────────
  Segment 2 of 17   [MERGED]   →  merged_20260419_170026_4clips.mp4
  Gap from previous segment : 566.0 s
  Wall-clock span : 17:00:26 → 17:04:00  (214.0 s)
  Content footage : 210.0 s
  Black filler    : 4.00 s (1 gap(s))
  Video props     : 1920x1080 20/1 fps  yuvj420p
  Audio props     : 16000 Hz  1ch
  File size       : 24.0 MB

  Input clips (4)
    [  1] 00M26S34.mp4                                            17:00:26 → 17:01:00  (34.0 s)
    [  2] 01M00S60.mp4                                            17:01:00 → 17:02:00  (60.0 s)
           ↕ gap: 4.00 s  → filled with 4.00 s black frames
    [  3] 02M04S56.mp4                                            17:02:04 → 17:03:00  (56.0 s)
    [  4] 03M00S60.mp4                                            17:03:00 → 17:04:00  (60.0 s)

────────────────────────────────────────────────────────────────────────
  Segment 3 of 17   [MERGED]   →  merged_20260419_171455_2clips.mp4
  Gap from previous segment : 655.0 s
  Wall-clock span : 17:14:55 → 17:16:00  (65.0 s)
  Content footage : 65.0 s
  File size       : 7.4 MB

  Input clips (2)
    [  1] 14M55S05.mp4                                            17:14:55 → 17:15:00  (5.0 s)
    [  2] 15M00S60.mp4                                            17:15:00 → 17:16:00  (60.0 s)

────────────────────────────────────────────────────────────────────────
  Segment 4 of 17   [MERGED]   →  merged_20260419_172212_3clips.mp4
  Gap from previous segment : 372.0 s
  Wall-clock span : 17:22:12 → 17:25:00  (168.0 s)
  Content footage : 168.0 s
  File size       : 18.6 MB

  Input clips (3)
    [  1] 22M12S48.mp4                                            17:22:12 → 17:23:00  (48.0 s)
    [  2] 23M00S60.mp4                                            17:23:00 → 17:24:00  (60.0 s)
    [  3] 24M00S60.mp4                                            17:24:00 → 17:25:00  (60.0 s)

────────────────────────────────────────────────────────────────────────
  Segment 5 of 17   [MERGED]   →  merged_20260419_172828_2clips.mp4
  Gap from previous segment : 208.0 s
  Wall-clock span : 17:28:28 → 17:30:00  (92.0 s)
  Content footage : 92.0 s
  File size       : 10.3 MB

  Input clips (2)
    [  1] 28M28S32.mp4                                            17:28:28 → 17:29:00  (32.0 s)
    [  2] 29M00S60.mp4                                            17:29:00 → 17:30:00  (60.0 s)

────────────────────────────────────────────────────────────────────────
  Segment 6 of 17   [MERGED]   →  merged_20260419_173333_2clips.mp4
  Gap from previous segment : 213.0 s
  Wall-clock span : 17:33:33 → 17:35:00  (87.0 s)
  Content footage : 87.0 s
  File size       : 9.9 MB

  Input clips (2)
    [  1] 33M33S27.mp4                                            17:33:33 → 17:34:00  (27.0 s)
    [  2] 34M00S60.mp4                                            17:34:00 → 17:35:00  (60.0 s)

────────────────────────────────────────────────────────────────────────
  Segment 7 of 17   [MERGED]   →  merged_20260419_173642_5clips.mp4
  Gap from previous segment : 102.0 s
  Wall-clock span : 17:36:42 → 17:41:00  (258.0 s)
  Content footage : 220.0 s
  Black filler    : 38.00 s (1 gap(s))
  Video props     : 1920x1080 20/1 fps  yuvj420p
  Audio props     : 16000 Hz  1ch
  File size       : 31.4 MB

  Input clips (5)
    [  1] 36M42S18.mp4                                            17:36:42 → 17:37:00  (18.0 s)
    [  2] 37M00S60.mp4                                            17:37:00 → 17:38:00  (60.0 s)
    [  3] 38M00S60.mp4                                            17:38:00 → 17:39:00  (60.0 s)
           ↕ gap: 38.00 s  → filled with 38.00 s black frames
    [  4] 39M38S22.mp4                                            17:39:38 → 17:40:00  (22.0 s)
    [  5] 40M00S60.mp4                                            17:40:00 → 17:41:00  (60.0 s)

────────────────────────────────────────────────────────────────────────
  Segment 8 of 17   [MERGED]   →  merged_20260419_175117_4clips.mp4
  Gap from previous segment : 617.0 s
  Wall-clock span : 17:51:17 → 17:55:00  (223.0 s)
  Content footage : 223.0 s
  File size       : 30.3 MB

  Input clips (4)
    [  1] 51M17S43.mp4                                            17:51:17 → 17:52:00  (43.0 s)
    [  2] 52M00S60.mp4                                            17:52:00 → 17:53:00  (60.0 s)
    [  3] 53M00S60.mp4                                            17:53:00 → 17:54:00  (60.0 s)
    [  4] 54M00S60.mp4                                            17:54:00 → 17:55:00  (60.0 s)

────────────────────────────────────────────────────────────────────────
  Segment 9 of 17   [MERGED]   →  merged_20260419_175616_3clips.mp4
  Gap from previous segment : 76.0 s
  Wall-clock span : 17:56:16 → 17:59:00  (164.0 s)
  Content footage : 164.0 s
  File size       : 19.7 MB

  Input clips (3)
    [  1] 56M16S44.mp4                                            17:56:16 → 17:57:00  (44.0 s)
    [  2] 57M00S60.mp4                                            17:57:00 → 17:58:00  (60.0 s)
    [  3] 58M00S60.mp4                                            17:58:00 → 17:59:00  (60.0 s)

────────────────────────────────────────────────────────────────────────
  Segment 10 of 17   [MERGED]   →  merged_20260419_180254_3clips.mp4
  Gap from previous segment : 234.0 s
  Wall-clock span : 18:02:54 → 18:05:00  (126.0 s)
  Content footage : 126.0 s
  File size       : 15.6 MB

  Input clips (3)
    [  1] 02M54S06.mp4                                            18:02:54 → 18:03:00  (6.0 s)
    [  2] 03M00S60.mp4                                            18:03:00 → 18:04:00  (60.0 s)
    [  3] 04M00S60.mp4                                            18:04:00 → 18:05:00  (60.0 s)

────────────────────────────────────────────────────────────────────────
  Segment 11 of 17   [MERGED]   →  merged_20260419_180809_4clips.mp4
  Gap from previous segment : 189.0 s
  Wall-clock span : 18:08:09 → 18:12:00  (231.0 s)
  Content footage : 231.0 s
  File size       : 28.6 MB

  Input clips (4)
    [  1] 08M09S51.mp4                                            18:08:09 → 18:09:00  (51.0 s)
    [  2] 09M00S60.mp4                                            18:09:00 → 18:10:00  (60.0 s)
    [  3] 10M00S60.mp4                                            18:10:00 → 18:11:00  (60.0 s)
    [  4] 11M00S60.mp4                                            18:11:00 → 18:12:00  (60.0 s)

────────────────────────────────────────────────────────────────────────
  Segment 12 of 17   [MERGED]   →  merged_20260419_181301_10clips.mp4
  Gap from previous segment : 61.0 s
  Wall-clock span : 18:13:01 → 18:23:00  (599.0 s)
  Content footage : 529.0 s
  Black filler    : 70.00 s (2 gap(s))
  Video props     : 1920x1080 20/1 fps  yuvj420p
  Audio props     : 16000 Hz  1ch
  File size       : 65.3 MB

  Input clips (10)
    [  1] 13M01S59.mp4                                            18:13:01 → 18:14:00  (59.0 s)
    [  2] 14M00S60.mp4                                            18:14:00 → 18:15:00  (60.0 s)
    [  3] 15M00S60.mp4                                            18:15:00 → 18:16:00  (60.0 s)
    [  4] 16M00S60.mp4                                            18:16:00 → 18:17:00  (60.0 s)
    [  5] 17M00S60.mp4                                            18:17:00 → 18:18:00  (60.0 s)
           ↕ gap: 14.00 s  → filled with 14.00 s black frames
    [  6] 18M14S46.mp4                                            18:18:14 → 18:19:00  (46.0 s)
    [  7] 19M00S60.mp4                                            18:19:00 → 18:20:00  (60.0 s)
    [  8] 20M00S60.mp4                                            18:20:00 → 18:21:00  (60.0 s)
           ↕ gap: 56.00 s  → filled with 56.00 s black frames
    [  9] 21M56S04.mp4                                            18:21:56 → 18:22:00  (4.0 s)
    [ 10] 22M00S60.mp4                                            18:22:00 → 18:23:00  (60.0 s)

────────────────────────────────────────────────────────────────────────
  Segment 13 of 17   [MERGED]   →  merged_20260419_182550_10clips.mp4
  Gap from previous segment : 170.0 s
  Wall-clock span : 18:25:50 → 18:35:00  (550.0 s)
  Content footage : 499.0 s
  Black filler    : 51.00 s (2 gap(s))
  Video props     : 1920x1080 20/1 fps  yuvj420p
  Audio props     : 16000 Hz  1ch
  File size       : 64.7 MB

  Input clips (10)
    [  1] 25M50S10.mp4                                            18:25:50 → 18:26:00  (10.0 s)
    [  2] 26M00S60.mp4                                            18:26:00 → 18:27:00  (60.0 s)
           ↕ gap: 26.00 s  → filled with 26.00 s black frames
    [  3] 27M26S34.mp4                                            18:27:26 → 18:28:00  (34.0 s)
    [  4] 28M00S60.mp4                                            18:28:00 → 18:29:00  (60.0 s)
    [  5] 29M00S60.mp4                                            18:29:00 → 18:30:00  (60.0 s)
           ↕ gap: 25.00 s  → filled with 25.00 s black frames
    [  6] 30M25S35.mp4                                            18:30:25 → 18:31:00  (35.0 s)
    [  7] 31M00S60.mp4                                            18:31:00 → 18:32:00  (60.0 s)
    [  8] 32M00S60.mp4                                            18:32:00 → 18:33:00  (60.0 s)
    [  9] 33M00S60.mp4                                            18:33:00 → 18:34:00  (60.0 s)
    [ 10] 34M00S60.mp4                                            18:34:00 → 18:35:00  (60.0 s)

────────────────────────────────────────────────────────────────────────
  Segment 14 of 17   [MERGED]   →  merged_20260419_183458_84clips.mp4
  Gap from previous segment : -2.0 s
  Wall-clock span : 18:34:58 → 19:58:00  (4982.0 s)
  Content footage : 4981.0 s
  Black filler    : 1.00 s (1 gap(s))
  Video props     : 1920x1080 20/1 fps  yuvj420p
  Audio props     : 16000 Hz  1ch
  File size       : 582.8 MB

  Input clips (84)
    [  1] 34M58S02.mp4                                            18:34:58 → 18:35:00  (2.0 s)
    [  2] 35M00S60.mp4                                            18:35:00 → 18:36:00  (60.0 s)
    [  3] 36M00S60.mp4                                            18:36:00 → 18:37:00  (60.0 s)
    [  4] 37M00S60.mp4                                            18:37:00 → 18:38:00  (60.0 s)
    [  5] 38M00S60.mp4                                            18:38:00 → 18:39:00  (60.0 s)
    [  6] 39M00S60.mp4                                            18:39:00 → 18:40:00  (60.0 s)
    [  7] 40M00S60.mp4                                            18:40:00 → 18:41:00  (60.0 s)
    [  8] 41M00S60.mp4                                            18:41:00 → 18:42:00  (60.0 s)
    [  9] 42M00S60.mp4                                            18:42:00 → 18:43:00  (60.0 s)
    [ 10] 43M00S60.mp4                                            18:43:00 → 18:44:00  (60.0 s)
    [ 11] 44M00S60.mp4                                            18:44:00 → 18:45:00  (60.0 s)
    [ 12] 45M00S60.mp4                                            18:45:00 → 18:46:00  (60.0 s)
    [ 13] 46M00S60.mp4                                            18:46:00 → 18:47:00  (60.0 s)
    [ 14] 47M00S60.mp4                                            18:47:00 → 18:48:00  (60.0 s)
    [ 15] 48M00S60.mp4                                            18:48:00 → 18:49:00  (60.0 s)
    [ 16] 49M00S60.mp4                                            18:49:00 → 18:50:00  (60.0 s)
    [ 17] 50M00S60.mp4                                            18:50:00 → 18:51:00  (60.0 s)
    [ 18] 51M00S60.mp4                                            18:51:00 → 18:52:00  (60.0 s)
    [ 19] 52M00S60.mp4                                            18:52:00 → 18:53:00  (60.0 s)
    [ 20] 53M00S60.mp4                                            18:53:00 → 18:54:00  (60.0 s)
    [ 21] 54M00S60.mp4                                            18:54:00 → 18:55:00  (60.0 s)
    [ 22] 55M00S60.mp4                                            18:55:00 → 18:56:00  (60.0 s)
    [ 23] 56M00S60.mp4                                            18:56:00 → 18:57:00  (60.0 s)
    [ 24] 57M00S60.mp4                                            18:57:00 → 18:58:00  (60.0 s)
    [ 25] 58M00S60.mp4                                            18:58:00 → 18:59:00  (60.0 s)
    [ 26] 59M00S60.mp4                                            18:59:00 → 19:00:00  (60.0 s)
    [ 27] 00M00S60.mp4                                            19:00:00 → 19:01:00  (60.0 s)
    [ 28] 01M00S60.mp4                                            19:01:00 → 19:02:00  (60.0 s)
    [ 29] 02M00S60.mp4                                            19:02:00 → 19:03:00  (60.0 s)
    [ 30] 03M00S60.mp4                                            19:03:00 → 19:04:00  (60.0 s)
    [ 31] 04M00S60.mp4                                            19:04:00 → 19:05:00  (60.0 s)
    [ 32] 05M00S60.mp4                                            19:05:00 → 19:06:00  (60.0 s)
    [ 33] 06M00S60.mp4                                            19:06:00 → 19:07:00  (60.0 s)
    [ 34] 07M00S60.mp4                                            19:07:00 → 19:08:00  (60.0 s)
    [ 35] 08M00S60.mp4                                            19:08:00 → 19:09:00  (60.0 s)
    [ 36] 09M00S60.mp4                                            19:09:00 → 19:10:00  (60.0 s)
    [ 37] 10M00S60.mp4                                            19:10:00 → 19:11:00  (60.0 s)
    [ 38] 11M00S60.mp4                                            19:11:00 → 19:12:00  (60.0 s)
    [ 39] 12M00S60.mp4                                            19:12:00 → 19:13:00  (60.0 s)
    [ 40] 13M00S60.mp4                                            19:13:00 → 19:14:00  (60.0 s)
    [ 41] 14M00S60.mp4                                            19:14:00 → 19:15:00  (60.0 s)
    [ 42] 15M00S60.mp4                                            19:15:00 → 19:16:00  (60.0 s)
    [ 43] 16M00S60.mp4                                            19:16:00 → 19:17:00  (60.0 s)
    [ 44] 17M00S60.mp4                                            19:17:00 → 19:18:00  (60.0 s)
    [ 45] 18M00S60.mp4                                            19:18:00 → 19:19:00  (60.0 s)
    [ 46] 19M00S60.mp4                                            19:19:00 → 19:20:00  (60.0 s)
    [ 47] 20M00S60.mp4                                            19:20:00 → 19:21:00  (60.0 s)
    [ 48] 21M00S60.mp4                                            19:21:00 → 19:22:00  (60.0 s)
    [ 49] 22M00S60.mp4                                            19:22:00 → 19:23:00  (60.0 s)
    [ 50] 23M00S60.mp4                                            19:23:00 → 19:24:00  (60.0 s)
    [ 51] 24M00S60.mp4                                            19:24:00 → 19:25:00  (60.0 s)
    [ 52] 25M00S60.mp4                                            19:25:00 → 19:26:00  (60.0 s)
    [ 53] 26M00S60.mp4                                            19:26:00 → 19:27:00  (60.0 s)
    [ 54] 27M00S60.mp4                                            19:27:00 → 19:28:00  (60.0 s)
    [ 55] 28M00S60.mp4                                            19:28:00 → 19:29:00  (60.0 s)
    [ 56] 29M00S60.mp4                                            19:29:00 → 19:30:00  (60.0 s)
    [ 57] 30M00S60.mp4                                            19:30:00 → 19:31:00  (60.0 s)
    [ 58] 31M00S60.mp4                                            19:31:00 → 19:32:00  (60.0 s)
    [ 59] 32M00S60.mp4                                            19:32:00 → 19:33:00  (60.0 s)
           ↕ gap: 1.00 s  → filled with 1.00 s black frames
    [ 60] 33M01S59.mp4                                            19:33:01 → 19:34:00  (59.0 s)
    [ 61] 34M00S60.mp4                                            19:34:00 → 19:35:00  (60.0 s)
    [ 62] 35M00S60.mp4                                            19:35:00 → 19:36:00  (60.0 s)
    [ 63] 36M00S60.mp4                                            19:36:00 → 19:37:00  (60.0 s)
    [ 64] 37M00S60.mp4                                            19:37:00 → 19:38:00  (60.0 s)
    [ 65] 38M00S60.mp4                                            19:38:00 → 19:39:00  (60.0 s)
    [ 66] 39M00S60.mp4                                            19:39:00 → 19:40:00  (60.0 s)
    [ 67] 40M00S60.mp4                                            19:40:00 → 19:41:00  (60.0 s)
    [ 68] 41M00S60.mp4                                            19:41:00 → 19:42:00  (60.0 s)
    [ 69] 42M00S60.mp4                                            19:42:00 → 19:43:00  (60.0 s)
    [ 70] 43M00S60.mp4                                            19:43:00 → 19:44:00  (60.0 s)
    [ 71] 44M00S60.mp4                                            19:44:00 → 19:45:00  (60.0 s)
    [ 72] 45M00S60.mp4                                            19:45:00 → 19:46:00  (60.0 s)
    [ 73] 46M00S60.mp4                                            19:46:00 → 19:47:00  (60.0 s)
    [ 74] 47M00S60.mp4                                            19:47:00 → 19:48:00  (60.0 s)
    [ 75] 48M00S60.mp4                                            19:48:00 → 19:49:00  (60.0 s)
    [ 76] 49M00S60.mp4                                            19:49:00 → 19:50:00  (60.0 s)
    [ 77] 50M00S60.mp4                                            19:50:00 → 19:51:00  (60.0 s)
    [ 78] 51M00S60.mp4                                            19:51:00 → 19:52:00  (60.0 s)
    [ 79] 52M00S60.mp4                                            19:52:00 → 19:53:00  (60.0 s)
    [ 80] 53M00S60.mp4                                            19:53:00 → 19:54:00  (60.0 s)
    [ 81] 54M00S60.mp4                                            19:54:00 → 19:55:00  (60.0 s)
    [ 82] 55M00S60.mp4                                            19:55:00 → 19:56:00  (60.0 s)
    [ 83] 56M00S60.mp4                                            19:56:00 → 19:57:00  (60.0 s)
    [ 84] 57M00S60.mp4                                            19:57:00 → 19:58:00  (60.0 s)

────────────────────────────────────────────────────────────────────────
  Segment 15 of 17   [MERGED]   →  merged_20260419_195758_31clips.mp4
  Gap from previous segment : -2.0 s
  Wall-clock span : 19:57:58 → 20:28:00  (1802.0 s)
  Content footage : 1796.0 s
  Black filler    : 6.00 s (1 gap(s))
  Video props     : 1920x1080 20/1 fps  yuvj420p
  Audio props     : 16000 Hz  1ch
  File size       : 221.2 MB

  Input clips (31)
    [  1] 57M58S02.mp4                                            19:57:58 → 19:58:00  (2.0 s)
    [  2] 58M00S60.mp4                                            19:58:00 → 19:59:00  (60.0 s)
    [  3] 59M00S60.mp4                                            19:59:00 → 20:00:00  (60.0 s)
    [  4] 00M00S60.mp4                                            20:00:00 → 20:01:00  (60.0 s)
    [  5] 01M00S60.mp4                                            20:01:00 → 20:02:00  (60.0 s)
    [  6] 02M00S60.mp4                                            20:02:00 → 20:03:00  (60.0 s)
    [  7] 03M00S60.mp4                                            20:03:00 → 20:04:00  (60.0 s)
    [  8] 04M00S60.mp4                                            20:04:00 → 20:05:00  (60.0 s)
    [  9] 05M00S60.mp4                                            20:05:00 → 20:06:00  (60.0 s)
    [ 10] 06M00S60.mp4                                            20:06:00 → 20:07:00  (60.0 s)
    [ 11] 07M00S60.mp4                                            20:07:00 → 20:08:00  (60.0 s)
    [ 12] 08M00S60.mp4                                            20:08:00 → 20:09:00  (60.0 s)
    [ 13] 09M00S60.mp4                                            20:09:00 → 20:10:00  (60.0 s)
    [ 14] 10M00S60.mp4                                            20:10:00 → 20:11:00  (60.0 s)
    [ 15] 11M00S60.mp4                                            20:11:00 → 20:12:00  (60.0 s)
    [ 16] 12M00S60.mp4                                            20:12:00 → 20:13:00  (60.0 s)
    [ 17] 13M00S60.mp4                                            20:13:00 → 20:14:00  (60.0 s)
    [ 18] 14M00S60.mp4                                            20:14:00 → 20:15:00  (60.0 s)
    [ 19] 15M00S60.mp4                                            20:15:00 → 20:16:00  (60.0 s)
    [ 20] 16M00S60.mp4                                            20:16:00 → 20:17:00  (60.0 s)
    [ 21] 17M00S60.mp4                                            20:17:00 → 20:18:00  (60.0 s)
    [ 22] 18M00S60.mp4                                            20:18:00 → 20:19:00  (60.0 s)
    [ 23] 19M00S60.mp4                                            20:19:00 → 20:20:00  (60.0 s)
    [ 24] 20M00S60.mp4                                            20:20:00 → 20:21:00  (60.0 s)
    [ 25] 21M00S60.mp4                                            20:21:00 → 20:22:00  (60.0 s)
    [ 26] 22M00S60.mp4                                            20:22:00 → 20:23:00  (60.0 s)
    [ 27] 23M00S60.mp4                                            20:23:00 → 20:24:00  (60.0 s)
           ↕ gap: 6.00 s  → filled with 6.00 s black frames
    [ 28] 24M06S54.mp4                                            20:24:06 → 20:25:00  (54.0 s)
    [ 29] 25M00S60.mp4                                            20:25:00 → 20:26:00  (60.0 s)
    [ 30] 26M00S60.mp4                                            20:26:00 → 20:27:00  (60.0 s)
    [ 31] 27M00S60.mp4                                            20:27:00 → 20:28:00  (60.0 s)

────────────────────────────────────────────────────────────────────────
  Segment 16 of 17   [MERGED]   →  merged_20260419_210128_2clips.mp4
  Gap from previous segment : 2008.0 s
  Wall-clock span : 21:01:28 → 21:03:00  (92.0 s)
  Content footage : 92.0 s
  File size       : 11.6 MB

  Input clips (2)
    [  1] 01M28S32.mp4                                            21:01:28 → 21:02:00  (32.0 s)
    [  2] 02M00S60.mp4                                            21:02:00 → 21:03:00  (60.0 s)

────────────────────────────────────────────────────────────────────────
  Segment 17 of 17   [SINGLE]   →  04M52S08.mp4
  Gap from previous segment : 112.0 s
  Wall-clock span : 21:04:52 → 21:05:00  (8.0 s)
  Content footage : 8.0 s

  Input clips (1)
    [  1] 04M52S08.mp4                                            21:04:52 → 21:05:00  (8.0 s)

