Camera Merge Log  —  P07 / back_camera
  Generated     : 2026-04-29 20:08:38 UTC
  Gap tolerance : 60.0 s  |  Black fill < 60 s
  Total clips   : 201
  Segments      : 1  (merged: 1, skipped: 0, single: 0, failed: 0)

────────────────────────────────────────────────────────────────────────
  Segment 1 of 1   [MERGED]   →  merged_20260418_170000_201clips.mp4
  Wall-clock span : 17:00:00 → 20:21:00  (12060.0 s)
  Content footage : 12060.0 s
  File size       : 1396.8 MB

  Input clips (201)
    [  1] W400M00S60.mp4                                          17:00:00 → 17:01:00  (60.0 s)
    [  2] W401M00S60.mp4                                          17:01:00 → 17:02:00  (60.0 s)
    [  3] W402M00S60.mp4                                          17:02:00 → 17:03:00  (60.0 s)
    [  4] W403M00S60.mp4                                          17:03:00 → 17:04:00  (60.0 s)
    [  5] W404M00S60.mp4                                          17:04:00 → 17:05:00  (60.0 s)
    [  6] W405M00S60.mp4                                          17:05:00 → 17:06:00  (60.0 s)
    [  7] W406M00S60.mp4                                          17:06:00 → 17:07:00  (60.0 s)
    [  8] W407M00S60.mp4                                          17:07:00 → 17:08:00  (60.0 s)
    [  9] W408M00S60.mp4                                          17:08:00 → 17:09:00  (60.0 s)
    [ 10] W409M00S60.mp4                                          17:09:00 → 17:10:00  (60.0 s)
    [ 11] W410M00S60.mp4                                          17:10:00 → 17:11:00  (60.0 s)
    [ 12] W411M00S60.mp4                                          17:11:00 → 17:12:00  (60.0 s)
    [ 13] W412M00S60.mp4                                          17:12:00 → 17:13:00  (60.0 s)
    [ 14] W413M00S60.mp4                                          17:13:00 → 17:14:00  (60.0 s)
    [ 15] W414M00S60.mp4                                          17:14:00 → 17:15:00  (60.0 s)
    [ 16] W415M00S60.mp4                                          17:15:00 → 17:16:00  (60.0 s)
    [ 17] W416M00S60.mp4                                          17:16:00 → 17:17:00  (60.0 s)
    [ 18] W417M00S60.mp4                                          17:17:00 → 17:18:00  (60.0 s)
    [ 19] W418M00S60.mp4                                          17:18:00 → 17:19:00  (60.0 s)
    [ 20] W419M00S60.mp4                                          17:19:00 → 17:20:00  (60.0 s)
    [ 21] W420M00S60.mp4                                          17:20:00 → 17:21:00  (60.0 s)
    [ 22] W421M00S60.mp4                                          17:21:00 → 17:22:00  (60.0 s)
    [ 23] W422M00S60.mp4                                          17:22:00 → 17:23:00  (60.0 s)
    [ 24] W423M00S60.mp4                                          17:23:00 → 17:24:00  (60.0 s)
    [ 25] W424M00S60.mp4                                          17:24:00 → 17:25:00  (60.0 s)
    [ 26] W425M00S60.mp4                                          17:25:00 → 17:26:00  (60.0 s)
    [ 27] W426M00S60.mp4                                          17:26:00 → 17:27:00  (60.0 s)
    [ 28] W427M00S60.mp4                                          17:27:00 → 17:28:00  (60.0 s)
    [ 29] W428M00S60.mp4                                          17:28:00 → 17:29:00  (60.0 s)
    [ 30] W429M00S60.mp4                                          17:29:00 → 17:30:00  (60.0 s)
    [ 31] W430M00S60.mp4                                          17:30:00 → 17:31:00  (60.0 s)
    [ 32] W431M00S60.mp4                                          17:31:00 → 17:32:00  (60.0 s)
    [ 33] W432M00S60.mp4                                          17:32:00 → 17:33:00  (60.0 s)
    [ 34] W433M00S60.mp4                                          17:33:00 → 17:34:00  (60.0 s)
    [ 35] W434M00S60.mp4                                          17:34:00 → 17:35:00  (60.0 s)
    [ 36] W435M00S60.mp4                                          17:35:00 → 17:36:00  (60.0 s)
    [ 37] W436M00S60.mp4                                          17:36:00 → 17:37:00  (60.0 s)
    [ 38] W437M00S60.mp4                                          17:37:00 → 17:38:00  (60.0 s)
    [ 39] W438M00S60.mp4                                          17:38:00 → 17:39:00  (60.0 s)
    [ 40] W439M00S60.mp4                                          17:39:00 → 17:40:00  (60.0 s)
    [ 41] W440M00S60.mp4                                          17:40:00 → 17:41:00  (60.0 s)
    [ 42] W441M00S60.mp4                                          17:41:00 → 17:42:00  (60.0 s)
    [ 43] W442M00S60.mp4                                          17:42:00 → 17:43:00  (60.0 s)
    [ 44] W443M00S60.mp4                                          17:43:00 → 17:44:00  (60.0 s)
    [ 45] W444M00S60.mp4                                          17:44:00 → 17:45:00  (60.0 s)
    [ 46] W445M00S60.mp4                                          17:45:00 → 17:46:00  (60.0 s)
    [ 47] W446M00S60.mp4                                          17:46:00 → 17:47:00  (60.0 s)
    [ 48] W447M00S60.mp4                                          17:47:00 → 17:48:00  (60.0 s)
    [ 49] W448M00S60.mp4                                          17:48:00 → 17:49:00  (60.0 s)
    [ 50] W449M00S60.mp4                                          17:49:00 → 17:50:00  (60.0 s)
    [ 51] W450M00S60.mp4                                          17:50:00 → 17:51:00  (60.0 s)
    [ 52] W451M00S60.mp4                                          17:51:00 → 17:52:00  (60.0 s)
    [ 53] W452M00S60.mp4                                          17:52:00 → 17:53:00  (60.0 s)
    [ 54] W453M00S60.mp4                                          17:53:00 → 17:54:00  (60.0 s)
    [ 55] W454M00S60.mp4                                          17:54:00 → 17:55:00  (60.0 s)
    [ 56] W455M00S60.mp4                                          17:55:00 → 17:56:00  (60.0 s)
    [ 57] W456M00S60.mp4                                          17:56:00 → 17:57:00  (60.0 s)
    [ 58] W457M00S60.mp4                                          17:57:00 → 17:58:00  (60.0 s)
    [ 59] W458M00S60.mp4                                          17:58:00 → 17:59:00  (60.0 s)
    [ 60] W459M00S60.mp4                                          17:59:00 → 18:00:00  (60.0 s)
    [ 61] W400M00S60.mp4                                          18:00:00 → 18:01:00  (60.0 s)
    [ 62] W401M00S60.mp4                                          18:01:00 → 18:02:00  (60.0 s)
    [ 63] W402M00S60.mp4                                          18:02:00 → 18:03:00  (60.0 s)
    [ 64] W403M00S60.mp4                                          18:03:00 → 18:04:00  (60.0 s)
    [ 65] W404M00S60.mp4                                          18:04:00 → 18:05:00  (60.0 s)
    [ 66] W405M00S60.mp4                                          18:05:00 → 18:06:00  (60.0 s)
    [ 67] W406M00S60.mp4                                          18:06:00 → 18:07:00  (60.0 s)
    [ 68] W407M00S60.mp4                                          18:07:00 → 18:08:00  (60.0 s)
    [ 69] W408M00S60.mp4                                          18:08:00 → 18:09:00  (60.0 s)
    [ 70] W409M00S60.mp4                                          18:09:00 → 18:10:00  (60.0 s)
    [ 71] W410M00S60.mp4                                          18:10:00 → 18:11:00  (60.0 s)
    [ 72] W411M00S60.mp4                                          18:11:00 → 18:12:00  (60.0 s)
    [ 73] W412M00S60.mp4                                          18:12:00 → 18:13:00  (60.0 s)
    [ 74] W413M00S60.mp4                                          18:13:00 → 18:14:00  (60.0 s)
    [ 75] W414M00S60.mp4                                          18:14:00 → 18:15:00  (60.0 s)
    [ 76] W415M00S60.mp4                                          18:15:00 → 18:16:00  (60.0 s)
    [ 77] W416M00S60.mp4                                          18:16:00 → 18:17:00  (60.0 s)
    [ 78] W417M00S60.mp4                                          18:17:00 → 18:18:00  (60.0 s)
    [ 79] W418M00S60.mp4                                          18:18:00 → 18:19:00  (60.0 s)
    [ 80] W419M00S60.mp4                                          18:19:00 → 18:20:00  (60.0 s)
    [ 81] W420M00S60.mp4                                          18:20:00 → 18:21:00  (60.0 s)
    [ 82] W421M00S60.mp4                                          18:21:00 → 18:22:00  (60.0 s)
    [ 83] W422M00S60.mp4                                          18:22:00 → 18:23:00  (60.0 s)
    [ 84] W423M00S60.mp4                                          18:23:00 → 18:24:00  (60.0 s)
    [ 85] W424M00S60.mp4                                          18:24:00 → 18:25:00  (60.0 s)
    [ 86] W425M00S60.mp4                                          18:25:00 → 18:26:00  (60.0 s)
    [ 87] W426M00S60.mp4                                          18:26:00 → 18:27:00  (60.0 s)
    [ 88] W427M00S60.mp4                                          18:27:00 → 18:28:00  (60.0 s)
    [ 89] W428M00S60.mp4                                          18:28:00 → 18:29:00  (60.0 s)
    [ 90] W429M00S60.mp4                                          18:29:00 → 18:30:00  (60.0 s)
    [ 91] W430M00S60.mp4                                          18:30:00 → 18:31:00  (60.0 s)
    [ 92] W431M00S60.mp4                                          18:31:00 → 18:32:00  (60.0 s)
    [ 93] W432M00S60.mp4                                          18:32:00 → 18:33:00  (60.0 s)
    [ 94] W433M00S60.mp4                                          18:33:00 → 18:34:00  (60.0 s)
    [ 95] W434M00S60.mp4                                          18:34:00 → 18:35:00  (60.0 s)
    [ 96] W435M00S60.mp4                                          18:35:00 → 18:36:00  (60.0 s)
    [ 97] W436M00S60.mp4                                          18:36:00 → 18:37:00  (60.0 s)
    [ 98] W437M00S60.mp4                                          18:37:00 → 18:38:00  (60.0 s)
    [ 99] W438M00S60.mp4                                          18:38:00 → 18:39:00  (60.0 s)
    [100] W439M00S60.mp4                                          18:39:00 → 18:40:00  (60.0 s)
    [101] W440M00S60.mp4                                          18:40:00 → 18:41:00  (60.0 s)
    [102] W441M00S60.mp4                                          18:41:00 → 18:42:00  (60.0 s)
    [103] W442M00S60.mp4                                          18:42:00 → 18:43:00  (60.0 s)
    [104] W443M00S60.mp4                                          18:43:00 → 18:44:00  (60.0 s)
    [105] W444M00S60.mp4                                          18:44:00 → 18:45:00  (60.0 s)
    [106] W445M00S60.mp4                                          18:45:00 → 18:46:00  (60.0 s)
    [107] W446M00S60.mp4                                          18:46:00 → 18:47:00  (60.0 s)
    [108] W447M00S60.mp4                                          18:47:00 → 18:48:00  (60.0 s)
    [109] W448M00S60.mp4                                          18:48:00 → 18:49:00  (60.0 s)
    [110] W449M00S60.mp4                                          18:49:00 → 18:50:00  (60.0 s)
    [111] W450M00S60.mp4                                          18:50:00 → 18:51:00  (60.0 s)
    [112] W451M00S60.mp4                                          18:51:00 → 18:52:00  (60.0 s)
    [113] W452M00S60.mp4                                          18:52:00 → 18:53:00  (60.0 s)
    [114] W453M00S60.mp4                                          18:53:00 → 18:54:00  (60.0 s)
    [115] W454M00S60.mp4                                          18:54:00 → 18:55:00  (60.0 s)
    [116] W455M00S60.mp4                                          18:55:00 → 18:56:00  (60.0 s)
    [117] W456M00S60.mp4                                          18:56:00 → 18:57:00  (60.0 s)
    [118] W457M00S60.mp4                                          18:57:00 → 18:58:00  (60.0 s)
    [119] W458M00S60.mp4                                          18:58:00 → 18:59:00  (60.0 s)
    [120] W459M00S60.mp4                                          18:59:00 → 19:00:00  (60.0 s)
    [121] W400M00S60.mp4                                          19:00:00 → 19:01:00  (60.0 s)
    [122] W401M00S60.mp4                                          19:01:00 → 19:02:00  (60.0 s)
    [123] W402M00S60.mp4                                          19:02:00 → 19:03:00  (60.0 s)
    [124] W403M00S60.mp4                                          19:03:00 → 19:04:00  (60.0 s)
    [125] W404M00S60.mp4                                          19:04:00 → 19:05:00  (60.0 s)
    [126] W405M00S60.mp4                                          19:05:00 → 19:06:00  (60.0 s)
    [127] W406M00S60.mp4                                          19:06:00 → 19:07:00  (60.0 s)
    [128] W407M00S60.mp4                                          19:07:00 → 19:08:00  (60.0 s)
    [129] W408M00S60.mp4                                          19:08:00 → 19:09:00  (60.0 s)
    [130] W409M00S60.mp4                                          19:09:00 → 19:10:00  (60.0 s)
    [131] W410M00S60.mp4                                          19:10:00 → 19:11:00  (60.0 s)
    [132] W411M00S60.mp4                                          19:11:00 → 19:12:00  (60.0 s)
    [133] W412M00S60.mp4                                          19:12:00 → 19:13:00  (60.0 s)
    [134] W413M00S60.mp4                                          19:13:00 → 19:14:00  (60.0 s)
    [135] W414M00S60.mp4                                          19:14:00 → 19:15:00  (60.0 s)
    [136] W415M00S60.mp4                                          19:15:00 → 19:16:00  (60.0 s)
    [137] W416M00S60.mp4                                          19:16:00 → 19:17:00  (60.0 s)
    [138] W417M00S60.mp4                                          19:17:00 → 19:18:00  (60.0 s)
    [139] W418M00S60.mp4                                          19:18:00 → 19:19:00  (60.0 s)
    [140] W419M00S60.mp4                                          19:19:00 → 19:20:00  (60.0 s)
    [141] W420M00S60.mp4                                          19:20:00 → 19:21:00  (60.0 s)
    [142] W421M00S60.mp4                                          19:21:00 → 19:22:00  (60.0 s)
    [143] W422M00S60.mp4                                          19:22:00 → 19:23:00  (60.0 s)
    [144] W423M00S60.mp4                                          19:23:00 → 19:24:00  (60.0 s)
    [145] W424M00S60.mp4                                          19:24:00 → 19:25:00  (60.0 s)
    [146] W425M00S60.mp4                                          19:25:00 → 19:26:00  (60.0 s)
    [147] W426M00S60.mp4                                          19:26:00 → 19:27:00  (60.0 s)
    [148] W427M00S60.mp4                                          19:27:00 → 19:28:00  (60.0 s)
    [149] W428M00S60.mp4                                          19:28:00 → 19:29:00  (60.0 s)
    [150] W429M00S60.mp4                                          19:29:00 → 19:30:00  (60.0 s)
    [151] W430M00S60.mp4                                          19:30:00 → 19:31:00  (60.0 s)
    [152] W431M00S60.mp4                                          19:31:00 → 19:32:00  (60.0 s)
    [153] W432M00S60.mp4                                          19:32:00 → 19:33:00  (60.0 s)
    [154] W433M00S60.mp4                                          19:33:00 → 19:34:00  (60.0 s)
    [155] W434M00S60.mp4                                          19:34:00 → 19:35:00  (60.0 s)
    [156] W435M00S60.mp4                                          19:35:00 → 19:36:00  (60.0 s)
    [157] W436M00S60.mp4                                          19:36:00 → 19:37:00  (60.0 s)
    [158] W437M00S60.mp4                                          19:37:00 → 19:38:00  (60.0 s)
    [159] W438M00S60.mp4                                          19:38:00 → 19:39:00  (60.0 s)
    [160] W439M00S60.mp4                                          19:39:00 → 19:40:00  (60.0 s)
    [161] W440M00S60.mp4                                          19:40:00 → 19:41:00  (60.0 s)
    [162] W441M00S60.mp4                                          19:41:00 → 19:42:00  (60.0 s)
    [163] W442M00S60.mp4                                          19:42:00 → 19:43:00  (60.0 s)
    [164] W443M00S60.mp4                                          19:43:00 → 19:44:00  (60.0 s)
    [165] W444M00S60.mp4                                          19:44:00 → 19:45:00  (60.0 s)
    [166] W445M00S60.mp4                                          19:45:00 → 19:46:00  (60.0 s)
    [167] W446M00S60.mp4                                          19:46:00 → 19:47:00  (60.0 s)
    [168] W447M00S60.mp4                                          19:47:00 → 19:48:00  (60.0 s)
    [169] W448M00S60.mp4                                          19:48:00 → 19:49:00  (60.0 s)
    [170] W449M00S60.mp4                                          19:49:00 → 19:50:00  (60.0 s)
    [171] W450M00S60.mp4                                          19:50:00 → 19:51:00  (60.0 s)
    [172] W451M00S60.mp4                                          19:51:00 → 19:52:00  (60.0 s)
    [173] W452M00S60.mp4                                          19:52:00 → 19:53:00  (60.0 s)
    [174] W453M00S60.mp4                                          19:53:00 → 19:54:00  (60.0 s)
    [175] W454M00S60.mp4                                          19:54:00 → 19:55:00  (60.0 s)
    [176] W455M00S60.mp4                                          19:55:00 → 19:56:00  (60.0 s)
    [177] W456M00S60.mp4                                          19:56:00 → 19:57:00  (60.0 s)
    [178] W457M00S60.mp4                                          19:57:00 → 19:58:00  (60.0 s)
    [179] W458M00S60.mp4                                          19:58:00 → 19:59:00  (60.0 s)
    [180] W459M00S60.mp4                                          19:59:00 → 20:00:00  (60.0 s)
    [181] W400M00S60.mp4                                          20:00:00 → 20:01:00  (60.0 s)
    [182] W401M00S60.mp4                                          20:01:00 → 20:02:00  (60.0 s)
    [183] W402M00S60.mp4                                          20:02:00 → 20:03:00  (60.0 s)
    [184] W403M00S60.mp4                                          20:03:00 → 20:04:00  (60.0 s)
    [185] W404M00S60.mp4                                          20:04:00 → 20:05:00  (60.0 s)
    [186] W405M00S60.mp4                                          20:05:00 → 20:06:00  (60.0 s)
    [187] W406M00S60.mp4                                          20:06:00 → 20:07:00  (60.0 s)
    [188] W407M00S60.mp4                                          20:07:00 → 20:08:00  (60.0 s)
    [189] W408M00S60.mp4                                          20:08:00 → 20:09:00  (60.0 s)
    [190] W409M00S60.mp4                                          20:09:00 → 20:10:00  (60.0 s)
    [191] W410M00S60.mp4                                          20:10:00 → 20:11:00  (60.0 s)
    [192] W411M00S60.mp4                                          20:11:00 → 20:12:00  (60.0 s)
    [193] W412M00S60.mp4                                          20:12:00 → 20:13:00  (60.0 s)
    [194] W413M00S60.mp4                                          20:13:00 → 20:14:00  (60.0 s)
    [195] W414M00S60.mp4                                          20:14:00 → 20:15:00  (60.0 s)
    [196] W415M00S60.mp4                                          20:15:00 → 20:16:00  (60.0 s)
    [197] W416M00S60.mp4                                          20:16:00 → 20:17:00  (60.0 s)
    [198] W417M00S60.mp4                                          20:17:00 → 20:18:00  (60.0 s)
    [199] W418M00S60.mp4                                          20:18:00 → 20:19:00  (60.0 s)
    [200] W419M00S60.mp4                                          20:19:00 → 20:20:00  (60.0 s)
    [201] W420M00S60.mp4                                          20:20:00 → 20:21:00  (60.0 s)

