Camera Merge Log  —  P13 / back_camera
  Generated     : 2026-04-29 20:11:17 UTC
  Gap tolerance : 60.0 s  |  Black fill < 60 s
  Total clips   : 218
  Segments      : 2  (merged: 2, skipped: 0, single: 0, failed: 0)

────────────────────────────────────────────────────────────────────────
  Segment 1 of 2   [MERGED]   →  merged_20260427_153628_6clips.mp4
  Wall-clock span : 15:36:28 → 15:42:00  (332.0 s)
  Content footage : 271.0 s
  Black filler    : 61.00 s (2 gap(s))
  Video props     : 1920x1080 239/12 fps  yuvj420p
  Audio props     : 16000 Hz  1ch
  File size       : 33.0 MB

  Input clips (6)
    [  1] W436M28S32.mp4                                          15:36:28 → 15:37:00  (32.0 s)
    [  2] W437M00S60.mp4                                          15:37:00 → 15:38:00  (60.0 s)
           ↕ gap: 56.00 s  → filled with 56.00 s black frames
    [  3] W438M56S04.mp4                                          15:38:56 → 15:39:00  (4.0 s)
    [  4] W439M00S60.mp4                                          15:39:00 → 15:40:00  (60.0 s)
           ↕ gap: 5.00 s  → filled with 5.00 s black frames
    [  5] W440M05S55.mp4                                          15:40:05 → 15:41:00  (55.0 s)
    [  6] W441M00S60.mp4                                          15:41:00 → 15:42:00  (60.0 s)

────────────────────────────────────────────────────────────────────────
  Segment 2 of 2   [MERGED]   →  merged_20260427_154530_212clips.mp4
  Gap from previous segment : 210.0 s
  Wall-clock span : 15:45:30 → 19:17:00  (12690.0 s)
  Content footage : 12690.0 s
  File size       : 1508.6 MB

  Input clips (212)
    [  1] W445M30S30.mp4                                          15:45:30 → 15:46:00  (30.0 s)
    [  2] W446M00S60.mp4                                          15:46:00 → 15:47:00  (60.0 s)
    [  3] W447M00S60.mp4                                          15:47:00 → 15:48:00  (60.0 s)
    [  4] W448M00S60.mp4                                          15:48:00 → 15:49:00  (60.0 s)
    [  5] W449M00S60.mp4                                          15:49:00 → 15:50:00  (60.0 s)
    [  6] W450M00S60.mp4                                          15:50:00 → 15:51:00  (60.0 s)
    [  7] W451M00S60.mp4                                          15:51:00 → 15:52:00  (60.0 s)
    [  8] W452M00S60.mp4                                          15:52:00 → 15:53:00  (60.0 s)
    [  9] W453M00S60.mp4                                          15:53:00 → 15:54:00  (60.0 s)
    [ 10] W454M00S60.mp4                                          15:54:00 → 15:55:00  (60.0 s)
    [ 11] W455M00S60.mp4                                          15:55:00 → 15:56:00  (60.0 s)
    [ 12] W456M00S60.mp4                                          15:56:00 → 15:57:00  (60.0 s)
    [ 13] W457M00S60.mp4                                          15:57:00 → 15:58:00  (60.0 s)
    [ 14] W458M00S60.mp4                                          15:58:00 → 15:59:00  (60.0 s)
    [ 15] W459M00S60.mp4                                          15:59:00 → 16:00:00  (60.0 s)
    [ 16] W400M00S60.mp4                                          16:00:00 → 16:01:00  (60.0 s)
    [ 17] W401M00S60.mp4                                          16:01:00 → 16:02:00  (60.0 s)
    [ 18] W402M00S60.mp4                                          16:02:00 → 16:03:00  (60.0 s)
    [ 19] W403M00S60.mp4                                          16:03:00 → 16:04:00  (60.0 s)
    [ 20] W404M00S60.mp4                                          16:04:00 → 16:05:00  (60.0 s)
    [ 21] W405M00S60.mp4                                          16:05:00 → 16:06:00  (60.0 s)
    [ 22] W406M00S60.mp4                                          16:06:00 → 16:07:00  (60.0 s)
    [ 23] W407M00S60.mp4                                          16:07:00 → 16:08:00  (60.0 s)
    [ 24] W408M00S60.mp4                                          16:08:00 → 16:09:00  (60.0 s)
    [ 25] W409M00S60.mp4                                          16:09:00 → 16:10:00  (60.0 s)
    [ 26] W410M00S60.mp4                                          16:10:00 → 16:11:00  (60.0 s)
    [ 27] W411M00S60.mp4                                          16:11:00 → 16:12:00  (60.0 s)
    [ 28] W412M00S60.mp4                                          16:12:00 → 16:13:00  (60.0 s)
    [ 29] W413M00S60.mp4                                          16:13:00 → 16:14:00  (60.0 s)
    [ 30] W414M00S60.mp4                                          16:14:00 → 16:15:00  (60.0 s)
    [ 31] W415M00S60.mp4                                          16:15:00 → 16:16:00  (60.0 s)
    [ 32] W416M00S60.mp4                                          16:16:00 → 16:17:00  (60.0 s)
    [ 33] W417M00S60.mp4                                          16:17:00 → 16:18:00  (60.0 s)
    [ 34] W418M00S60.mp4                                          16:18:00 → 16:19:00  (60.0 s)
    [ 35] W419M00S60.mp4                                          16:19:00 → 16:20:00  (60.0 s)
    [ 36] W420M00S60.mp4                                          16:20:00 → 16:21:00  (60.0 s)
    [ 37] W421M00S60.mp4                                          16:21:00 → 16:22:00  (60.0 s)
    [ 38] W422M00S60.mp4                                          16:22:00 → 16:23:00  (60.0 s)
    [ 39] W423M00S60.mp4                                          16:23:00 → 16:24:00  (60.0 s)
    [ 40] W424M00S60.mp4                                          16:24:00 → 16:25:00  (60.0 s)
    [ 41] W425M00S60.mp4                                          16:25:00 → 16:26:00  (60.0 s)
    [ 42] W426M00S60.mp4                                          16:26:00 → 16:27:00  (60.0 s)
    [ 43] W427M00S60.mp4                                          16:27:00 → 16:28:00  (60.0 s)
    [ 44] W428M00S60.mp4                                          16:28:00 → 16:29:00  (60.0 s)
    [ 45] W429M00S60.mp4                                          16:29:00 → 16:30:00  (60.0 s)
    [ 46] W430M00S60.mp4                                          16:30:00 → 16:31:00  (60.0 s)
    [ 47] W431M00S60.mp4                                          16:31:00 → 16:32:00  (60.0 s)
    [ 48] W432M00S60.mp4                                          16:32:00 → 16:33:00  (60.0 s)
    [ 49] W433M00S60.mp4                                          16:33:00 → 16:34:00  (60.0 s)
    [ 50] W434M00S60.mp4                                          16:34:00 → 16:35:00  (60.0 s)
    [ 51] W435M00S60.mp4                                          16:35:00 → 16:36:00  (60.0 s)
    [ 52] W436M00S60.mp4                                          16:36:00 → 16:37:00  (60.0 s)
    [ 53] W437M00S60.mp4                                          16:37:00 → 16:38:00  (60.0 s)
    [ 54] W438M00S60.mp4                                          16:38:00 → 16:39:00  (60.0 s)
    [ 55] W439M00S60.mp4                                          16:39:00 → 16:40:00  (60.0 s)
    [ 56] W440M00S60.mp4                                          16:40:00 → 16:41:00  (60.0 s)
    [ 57] W441M00S60.mp4                                          16:41:00 → 16:42:00  (60.0 s)
    [ 58] W442M00S60.mp4                                          16:42:00 → 16:43:00  (60.0 s)
    [ 59] W443M00S60.mp4                                          16:43:00 → 16:44:00  (60.0 s)
    [ 60] W444M00S60.mp4                                          16:44:00 → 16:45:00  (60.0 s)
    [ 61] W445M00S60.mp4                                          16:45:00 → 16:46:00  (60.0 s)
    [ 62] W446M00S60.mp4                                          16:46:00 → 16:47:00  (60.0 s)
    [ 63] W447M00S60.mp4                                          16:47:00 → 16:48:00  (60.0 s)
    [ 64] W448M00S60.mp4                                          16:48:00 → 16:49:00  (60.0 s)
    [ 65] W449M00S60.mp4                                          16:49:00 → 16:50:00  (60.0 s)
    [ 66] W450M00S60.mp4                                          16:50:00 → 16:51:00  (60.0 s)
    [ 67] W451M00S60.mp4                                          16:51:00 → 16:52:00  (60.0 s)
    [ 68] W452M00S60.mp4                                          16:52:00 → 16:53:00  (60.0 s)
    [ 69] W453M00S60.mp4                                          16:53:00 → 16:54:00  (60.0 s)
    [ 70] W454M00S60.mp4                                          16:54:00 → 16:55:00  (60.0 s)
    [ 71] W455M00S60.mp4                                          16:55:00 → 16:56:00  (60.0 s)
    [ 72] W456M00S60.mp4                                          16:56:00 → 16:57:00  (60.0 s)
    [ 73] W457M00S60.mp4                                          16:57:00 → 16:58:00  (60.0 s)
    [ 74] W458M00S60.mp4                                          16:58:00 → 16:59:00  (60.0 s)
    [ 75] W459M00S60.mp4                                          16:59:00 → 17:00:00  (60.0 s)
    [ 76] W400M00S60.mp4                                          17:00:00 → 17:01:00  (60.0 s)
    [ 77] W401M00S60.mp4                                          17:01:00 → 17:02:00  (60.0 s)
    [ 78] W402M00S60.mp4                                          17:02:00 → 17:03:00  (60.0 s)
    [ 79] W403M00S60.mp4                                          17:03:00 → 17:04:00  (60.0 s)
    [ 80] W404M00S60.mp4                                          17:04:00 → 17:05:00  (60.0 s)
    [ 81] W405M00S60.mp4                                          17:05:00 → 17:06:00  (60.0 s)
    [ 82] W406M00S60.mp4                                          17:06:00 → 17:07:00  (60.0 s)
    [ 83] W407M00S60.mp4                                          17:07:00 → 17:08:00  (60.0 s)
    [ 84] W408M00S60.mp4                                          17:08:00 → 17:09:00  (60.0 s)
    [ 85] W409M00S60.mp4                                          17:09:00 → 17:10:00  (60.0 s)
    [ 86] W410M00S60.mp4                                          17:10:00 → 17:11:00  (60.0 s)
    [ 87] W411M00S60.mp4                                          17:11:00 → 17:12:00  (60.0 s)
    [ 88] W412M00S60.mp4                                          17:12:00 → 17:13:00  (60.0 s)
    [ 89] W413M00S60.mp4                                          17:13:00 → 17:14:00  (60.0 s)
    [ 90] W414M00S60.mp4                                          17:14:00 → 17:15:00  (60.0 s)
    [ 91] W415M00S60.mp4                                          17:15:00 → 17:16:00  (60.0 s)
    [ 92] W416M00S60.mp4                                          17:16:00 → 17:17:00  (60.0 s)
    [ 93] W417M00S60.mp4                                          17:17:00 → 17:18:00  (60.0 s)
    [ 94] W418M00S60.mp4                                          17:18:00 → 17:19:00  (60.0 s)
    [ 95] W419M00S60.mp4                                          17:19:00 → 17:20:00  (60.0 s)
    [ 96] W420M00S60.mp4                                          17:20:00 → 17:21:00  (60.0 s)
    [ 97] W421M00S60.mp4                                          17:21:00 → 17:22:00  (60.0 s)
    [ 98] W422M00S60.mp4                                          17:22:00 → 17:23:00  (60.0 s)
    [ 99] W423M00S60.mp4                                          17:23:00 → 17:24:00  (60.0 s)
    [100] W424M00S60.mp4                                          17:24:00 → 17:25:00  (60.0 s)
    [101] W425M00S60.mp4                                          17:25:00 → 17:26:00  (60.0 s)
    [102] W426M00S60.mp4                                          17:26:00 → 17:27:00  (60.0 s)
    [103] W427M00S60.mp4                                          17:27:00 → 17:28:00  (60.0 s)
    [104] W428M00S60.mp4                                          17:28:00 → 17:29:00  (60.0 s)
    [105] W429M00S60.mp4                                          17:29:00 → 17:30:00  (60.0 s)
    [106] W430M00S60.mp4                                          17:30:00 → 17:31:00  (60.0 s)
    [107] W431M00S60.mp4                                          17:31:00 → 17:32:00  (60.0 s)
    [108] W432M00S60.mp4                                          17:32:00 → 17:33:00  (60.0 s)
    [109] W433M00S60.mp4                                          17:33:00 → 17:34:00  (60.0 s)
    [110] W434M00S60.mp4                                          17:34:00 → 17:35:00  (60.0 s)
    [111] W435M00S60.mp4                                          17:35:00 → 17:36:00  (60.0 s)
    [112] W436M00S60.mp4                                          17:36:00 → 17:37:00  (60.0 s)
    [113] W437M00S60.mp4                                          17:37:00 → 17:38:00  (60.0 s)
    [114] W438M00S60.mp4                                          17:38:00 → 17:39:00  (60.0 s)
    [115] W439M00S60.mp4                                          17:39:00 → 17:40:00  (60.0 s)
    [116] W440M00S60.mp4                                          17:40:00 → 17:41:00  (60.0 s)
    [117] W441M00S60.mp4                                          17:41:00 → 17:42:00  (60.0 s)
    [118] W442M00S60.mp4                                          17:42:00 → 17:43:00  (60.0 s)
    [119] W443M00S60.mp4                                          17:43:00 → 17:44:00  (60.0 s)
    [120] W444M00S60.mp4                                          17:44:00 → 17:45:00  (60.0 s)
    [121] W445M00S60.mp4                                          17:45:00 → 17:46:00  (60.0 s)
    [122] W446M00S60.mp4                                          17:46:00 → 17:47:00  (60.0 s)
    [123] W447M00S60.mp4                                          17:47:00 → 17:48:00  (60.0 s)
    [124] W448M00S60.mp4                                          17:48:00 → 17:49:00  (60.0 s)
    [125] W449M00S60.mp4                                          17:49:00 → 17:50:00  (60.0 s)
    [126] W450M00S60.mp4                                          17:50:00 → 17:51:00  (60.0 s)
    [127] W451M00S60.mp4                                          17:51:00 → 17:52:00  (60.0 s)
    [128] W452M00S60.mp4                                          17:52:00 → 17:53:00  (60.0 s)
    [129] W453M00S60.mp4                                          17:53:00 → 17:54:00  (60.0 s)
    [130] W454M00S60.mp4                                          17:54:00 → 17:55:00  (60.0 s)
    [131] W455M00S60.mp4                                          17:55:00 → 17:56:00  (60.0 s)
    [132] W456M00S60.mp4                                          17:56:00 → 17:57:00  (60.0 s)
    [133] W457M00S60.mp4                                          17:57:00 → 17:58:00  (60.0 s)
    [134] W458M00S60.mp4                                          17:58:00 → 17:59:00  (60.0 s)
    [135] W459M00S60.mp4                                          17:59:00 → 18:00:00  (60.0 s)
    [136] W400M00S60.mp4                                          18:00:00 → 18:01:00  (60.0 s)
    [137] W401M00S60.mp4                                          18:01:00 → 18:02:00  (60.0 s)
    [138] W402M00S60.mp4                                          18:02:00 → 18:03:00  (60.0 s)
    [139] W403M00S60.mp4                                          18:03:00 → 18:04:00  (60.0 s)
    [140] W404M00S60.mp4                                          18:04:00 → 18:05:00  (60.0 s)
    [141] W405M00S60.mp4                                          18:05:00 → 18:06:00  (60.0 s)
    [142] W406M00S60.mp4                                          18:06:00 → 18:07:00  (60.0 s)
    [143] W407M00S60.mp4                                          18:07:00 → 18:08:00  (60.0 s)
    [144] W408M00S60.mp4                                          18:08:00 → 18:09:00  (60.0 s)
    [145] W409M00S60.mp4                                          18:09:00 → 18:10:00  (60.0 s)
    [146] W410M00S60.mp4                                          18:10:00 → 18:11:00  (60.0 s)
    [147] W411M00S60.mp4                                          18:11:00 → 18:12:00  (60.0 s)
    [148] W412M00S60.mp4                                          18:12:00 → 18:13:00  (60.0 s)
    [149] W413M00S60.mp4                                          18:13:00 → 18:14:00  (60.0 s)
    [150] W414M00S60.mp4                                          18:14:00 → 18:15:00  (60.0 s)
    [151] W415M00S60.mp4                                          18:15:00 → 18:16:00  (60.0 s)
    [152] W416M00S60.mp4                                          18:16:00 → 18:17:00  (60.0 s)
    [153] W417M00S60.mp4                                          18:17:00 → 18:18:00  (60.0 s)
    [154] W418M00S60.mp4                                          18:18:00 → 18:19:00  (60.0 s)
    [155] W419M00S60.mp4                                          18:19:00 → 18:20:00  (60.0 s)
    [156] W420M00S60.mp4                                          18:20:00 → 18:21:00  (60.0 s)
    [157] W421M00S60.mp4                                          18:21:00 → 18:22:00  (60.0 s)
    [158] W422M00S60.mp4                                          18:22:00 → 18:23:00  (60.0 s)
    [159] W423M00S60.mp4                                          18:23:00 → 18:24:00  (60.0 s)
    [160] W424M00S60.mp4                                          18:24:00 → 18:25:00  (60.0 s)
    [161] W425M00S60.mp4                                          18:25:00 → 18:26:00  (60.0 s)
    [162] W426M00S60.mp4                                          18:26:00 → 18:27:00  (60.0 s)
    [163] W427M00S60.mp4                                          18:27:00 → 18:28:00  (60.0 s)
    [164] W428M00S60.mp4                                          18:28:00 → 18:29:00  (60.0 s)
    [165] W429M00S60.mp4                                          18:29:00 → 18:30:00  (60.0 s)
    [166] W430M00S60.mp4                                          18:30:00 → 18:31:00  (60.0 s)
    [167] W431M00S60.mp4                                          18:31:00 → 18:32:00  (60.0 s)
    [168] W432M00S60.mp4                                          18:32:00 → 18:33:00  (60.0 s)
    [169] W433M00S60.mp4                                          18:33:00 → 18:34:00  (60.0 s)
    [170] W434M00S60.mp4                                          18:34:00 → 18:35:00  (60.0 s)
    [171] W435M00S60.mp4                                          18:35:00 → 18:36:00  (60.0 s)
    [172] W436M00S60.mp4                                          18:36:00 → 18:37:00  (60.0 s)
    [173] W437M00S60.mp4                                          18:37:00 → 18:38:00  (60.0 s)
    [174] W438M00S60.mp4                                          18:38:00 → 18:39:00  (60.0 s)
    [175] W439M00S60.mp4                                          18:39:00 → 18:40:00  (60.0 s)
    [176] W440M00S60.mp4                                          18:40:00 → 18:41:00  (60.0 s)
    [177] W441M00S60.mp4                                          18:41:00 → 18:42:00  (60.0 s)
    [178] W442M00S60.mp4                                          18:42:00 → 18:43:00  (60.0 s)
    [179] W443M00S60.mp4                                          18:43:00 → 18:44:00  (60.0 s)
    [180] W444M00S60.mp4                                          18:44:00 → 18:45:00  (60.0 s)
    [181] W445M00S60.mp4                                          18:45:00 → 18:46:00  (60.0 s)
    [182] W446M00S60.mp4                                          18:46:00 → 18:47:00  (60.0 s)
    [183] W447M00S60.mp4                                          18:47:00 → 18:48:00  (60.0 s)
    [184] W448M00S60.mp4                                          18:48:00 → 18:49:00  (60.0 s)
    [185] W449M00S60.mp4                                          18:49:00 → 18:50:00  (60.0 s)
    [186] W450M00S60.mp4                                          18:50:00 → 18:51:00  (60.0 s)
    [187] W451M00S60.mp4                                          18:51:00 → 18:52:00  (60.0 s)
    [188] W452M00S60.mp4                                          18:52:00 → 18:53:00  (60.0 s)
    [189] W453M00S60.mp4                                          18:53:00 → 18:54:00  (60.0 s)
    [190] W454M00S60.mp4                                          18:54:00 → 18:55:00  (60.0 s)
    [191] W455M00S60.mp4                                          18:55:00 → 18:56:00  (60.0 s)
    [192] W456M00S60.mp4                                          18:56:00 → 18:57:00  (60.0 s)
    [193] W457M00S60.mp4                                          18:57:00 → 18:58:00  (60.0 s)
    [194] W458M00S60.mp4                                          18:58:00 → 18:59:00  (60.0 s)
    [195] W459M00S60.mp4                                          18:59:00 → 19:00:00  (60.0 s)
    [196] W400M00S60.mp4                                          19:00:00 → 19:01:00  (60.0 s)
    [197] W401M00S60.mp4                                          19:01:00 → 19:02:00  (60.0 s)
    [198] W402M00S60.mp4                                          19:02:00 → 19:03:00  (60.0 s)
    [199] W403M00S60.mp4                                          19:03:00 → 19:04:00  (60.0 s)
    [200] W404M00S60.mp4                                          19:04:00 → 19:05:00  (60.0 s)
    [201] W405M00S60.mp4                                          19:05:00 → 19:06:00  (60.0 s)
    [202] W406M00S60.mp4                                          19:06:00 → 19:07:00  (60.0 s)
    [203] W407M00S60.mp4                                          19:07:00 → 19:08:00  (60.0 s)
    [204] W408M00S60.mp4                                          19:08:00 → 19:09:00  (60.0 s)
    [205] W409M00S60.mp4                                          19:09:00 → 19:10:00  (60.0 s)
    [206] W410M00S60.mp4                                          19:10:00 → 19:11:00  (60.0 s)
    [207] W411M00S60.mp4                                          19:11:00 → 19:12:00  (60.0 s)
    [208] W412M00S60.mp4                                          19:12:00 → 19:13:00  (60.0 s)
    [209] W413M00S60.mp4                                          19:13:00 → 19:14:00  (60.0 s)
    [210] W414M00S60.mp4                                          19:14:00 → 19:15:00  (60.0 s)
    [211] W415M00S60.mp4                                          19:15:00 → 19:16:00  (60.0 s)
    [212] W416M00S60.mp4                                          19:16:00 → 19:17:00  (60.0 s)

