Camera Merge Log  —  P02 / front_camera
  Generated     : 2026-04-29 20:06:06 UTC
  Gap tolerance : 60.0 s  |  Black fill < 60 s
  Total clips   : 324
  Segments      : 18  (merged: 14, skipped: 4, single: 0, failed: 0)

────────────────────────────────────────────────────────────────────────
  Segment 1 of 18   [MERGED]   →  merged_20260413_160311_14clips.mp4
  Wall-clock span : 16:03:11 → 16:16:00  (769.0 s)
  Content footage : 770.0 s
  File size       : 82.7 MB
  Intra-overlaps  : 1.00 s

  Input clips (14)
    [  1] 03M11S49.mp4                                            16:03:11 → 16:04:00  (49.0 s)
    [  2] 04M00S60.mp4                                            16:04:00 → 16:05:00  (60.0 s)
    [  3] 05M00S60.mp4                                            16:05:00 → 16:06:00  (60.0 s)
    [  4] 06M00S60.mp4                                            16:06:00 → 16:07:00  (60.0 s)
    [  5] 07M00S60.mp4                                            16:07:00 → 16:08:00  (60.0 s)
    [  6] 08M00S60.mp4                                            16:08:00 → 16:09:00  (60.0 s)
    [  7] 09M00S60.mp4                                            16:09:00 → 16:10:00  (60.0 s)
    [  8] 10M00S60.mp4                                            16:10:00 → 16:11:00  (60.0 s)
    [  9] 11M00S60.mp4                                            16:11:00 → 16:12:00  (60.0 s)
           ↕ overlap: 1.00 s
    [ 10] 11M59S01.mp4                                            16:11:59 → 16:12:00  (1.0 s)
    [ 11] 12M00S60.mp4                                            16:12:00 → 16:13:00  (60.0 s)
    [ 12] 13M00S60.mp4                                            16:13:00 → 16:14:00  (60.0 s)
    [ 13] 14M00S60.mp4                                            16:14:00 → 16:15:00  (60.0 s)
    [ 14] 15M00S60.mp4                                            16:15:00 → 16:16:00  (60.0 s)

────────────────────────────────────────────────────────────────────────
  Segment 2 of 18   [MERGED]   →  merged_20260413_161931_2clips.mp4
  Gap from previous segment : 211.0 s
  Wall-clock span : 16:19:31 → 16:21:00  (89.0 s)
  Content footage : 89.0 s
  File size       : 6.8 MB

  Input clips (2)
    [  1] 19M31S29.mp4                                            16:19:31 → 16:20:00  (29.0 s)
    [  2] 20M00S60.mp4                                            16:20:00 → 16:21:00  (60.0 s)

────────────────────────────────────────────────────────────────────────
  Segment 3 of 18   [MERGED]   →  merged_20260413_162601_18clips.mp4
  Gap from previous segment : 301.0 s
  Wall-clock span : 16:26:01 → 16:44:00  (1079.0 s)
  Content footage : 967.0 s
  Black filler    : 112.00 s (5 gap(s))
  Video props     : 1920x1080 20/1 fps  yuvj420p
  Audio props     : 16000 Hz  1ch
  File size       : 74.5 MB

  Input clips (18)
    [  1] 26M01S59.mp4                                            16:26:01 → 16:27:00  (59.0 s)
    [  2] 27M00S60.mp4                                            16:27:00 → 16:28:00  (60.0 s)
    [  3] 28M00S60.mp4                                            16:28:00 → 16:29:00  (60.0 s)
    [  4] 29M00S60.mp4                                            16:29:00 → 16:30:00  (60.0 s)
           ↕ gap: 19.00 s  → filled with 19.00 s black frames
    [  5] 30M19S41.mp4                                            16:30:19 → 16:31:00  (41.0 s)
    [  6] 31M00S60.mp4                                            16:31:00 → 16:32:00  (60.0 s)
    [  7] 32M00S60.mp4                                            16:32:00 → 16:33:00  (60.0 s)
           ↕ gap: 2.00 s  → filled with 2.00 s black frames
    [  8] 33M02S58.mp4                                            16:33:02 → 16:34:00  (58.0 s)
    [  9] 34M00S60.mp4                                            16:34:00 → 16:35:00  (60.0 s)
           ↕ gap: 31.00 s  → filled with 31.00 s black frames
    [ 10] 35M31S29.mp4                                            16:35:31 → 16:36:00  (29.0 s)
    [ 11] 36M00S60.mp4                                            16:36:00 → 16:37:00  (60.0 s)
    [ 12] 37M00S60.mp4                                            16:37:00 → 16:38:00  (60.0 s)
           ↕ gap: 50.00 s  → filled with 50.00 s black frames
    [ 13] 38M50S10.mp4                                            16:38:50 → 16:39:00  (10.0 s)
    [ 14] 39M00S60.mp4                                            16:39:00 → 16:40:00  (60.0 s)
           ↕ gap: 10.00 s  → filled with 10.00 s black frames
    [ 15] 40M10S50.mp4                                            16:40:10 → 16:41:00  (50.0 s)
    [ 16] 41M00S60.mp4                                            16:41:00 → 16:42:00  (60.0 s)
    [ 17] 42M00S60.mp4                                            16:42:00 → 16:43:00  (60.0 s)
    [ 18] 43M00S60.mp4                                            16:43:00 → 16:44:00  (60.0 s)

────────────────────────────────────────────────────────────────────────
  Segment 4 of 18   [MERGED]   →  merged_20260413_164534_9clips.mp4
  Gap from previous segment : 94.0 s
  Wall-clock span : 16:45:34 → 16:54:00  (506.0 s)
  Content footage : 439.0 s
  Black filler    : 67.00 s (2 gap(s))
  Video props     : 1920x1080 20/1 fps  yuvj420p
  Audio props     : 16000 Hz  1ch
  File size       : 37.8 MB

  Input clips (9)
    [  1] 45M34S26.mp4                                            16:45:34 → 16:46:00  (26.0 s)
    [  2] 46M00S60.mp4                                            16:46:00 → 16:47:00  (60.0 s)
           ↕ gap: 57.00 s  → filled with 57.00 s black frames
    [  3] 47M57S03.mp4                                            16:47:57 → 16:48:00  (3.0 s)
    [  4] 48M00S60.mp4                                            16:48:00 → 16:49:00  (60.0 s)
    [  5] 49M00S60.mp4                                            16:49:00 → 16:50:00  (60.0 s)
    [  6] 50M00S60.mp4                                            16:50:00 → 16:51:00  (60.0 s)
    [  7] 51M00S60.mp4                                            16:51:00 → 16:52:00  (60.0 s)
           ↕ gap: 10.00 s  → filled with 10.00 s black frames
    [  8] 52M10S50.mp4                                            16:52:10 → 16:53:00  (50.0 s)
    [  9] 53M00S60.mp4                                            16:53:00 → 16:54:00  (60.0 s)

────────────────────────────────────────────────────────────────────────
  Segment 5 of 18   [SKIPPED]   →  merged_20260413_165543_153clips.mp4
  Gap from previous segment : 103.0 s
  Wall-clock span : 16:55:43 → 19:26:00  (9017.0 s)
  Content footage : 8865.0 s
  File size       : 818.3 MB
  Intra-overlaps  : 1.00 s,1.00 s

  Input clips (153)
    [  1] 55M43S17.mp4                                            16:55:43 → 16:56:00  (17.0 s)
    [  2] 56M00S60.mp4                                            16:56:00 → 16:57:00  (60.0 s)
    [  3] 57M00S60.mp4                                            16:57:00 → 16:58:00  (60.0 s)
           ↕ gap: 10.00 s
    [  4] 58M10S50.mp4                                            16:58:10 → 16:59:00  (50.0 s)
    [  5] 59M00S60.mp4                                            16:59:00 → 17:00:00  (60.0 s)
    [  6] 00M00S60.mp4                                            17:00:00 → 17:01:00  (60.0 s)
    [  7] 01M00S60.mp4                                            17:01:00 → 17:02:00  (60.0 s)
    [  8] 02M00S60.mp4                                            17:02:00 → 17:03:00  (60.0 s)
           ↕ gap: 3.00 s
    [  9] 03M03S57.mp4                                            17:03:03 → 17:04:00  (57.0 s)
    [ 10] 04M00S60.mp4                                            17:04:00 → 17:05:00  (60.0 s)
    [ 11] 05M00S60.mp4                                            17:05:00 → 17:06:00  (60.0 s)
    [ 12] 06M00S60.mp4                                            17:06:00 → 17:07:00  (60.0 s)
    [ 13] 07M00S60.mp4                                            17:07:00 → 17:08:00  (60.0 s)
           ↕ gap: 51.00 s
    [ 14] 08M51S09.mp4                                            17:08:51 → 17:09:00  (9.0 s)
    [ 15] 09M00S60.mp4                                            17:09:00 → 17:10:00  (60.0 s)
    [ 16] 10M00S60.mp4                                            17:10:00 → 17:11:00  (60.0 s)
    [ 17] 11M00S60.mp4                                            17:11:00 → 17:12:00  (60.0 s)
    [ 18] 12M00S60.mp4                                            17:12:00 → 17:13:00  (60.0 s)
    [ 19] 13M00S60.mp4                                            17:13:00 → 17:14:00  (60.0 s)
    [ 20] 14M00S60.mp4                                            17:14:00 → 17:15:00  (60.0 s)
    [ 21] 15M00S60.mp4                                            17:15:00 → 17:16:00  (60.0 s)
    [ 22] 16M00S60.mp4                                            17:16:00 → 17:17:00  (60.0 s)
    [ 23] 17M00S60.mp4                                            17:17:00 → 17:18:00  (60.0 s)
           ↕ gap: 5.00 s
    [ 24] 18M05S55.mp4                                            17:18:05 → 17:19:00  (55.0 s)
    [ 25] 19M00S60.mp4                                            17:19:00 → 17:20:00  (60.0 s)
    [ 26] 20M00S60.mp4                                            17:20:00 → 17:21:00  (60.0 s)
    [ 27] 21M00S60.mp4                                            17:21:00 → 17:22:00  (60.0 s)
    [ 28] 22M00S60.mp4                                            17:22:00 → 17:23:00  (60.0 s)
    [ 29] 23M00S60.mp4                                            17:23:00 → 17:24:00  (60.0 s)
    [ 30] 24M00S60.mp4                                            17:24:00 → 17:25:00  (60.0 s)
           ↕ gap: 24.00 s
    [ 31] 25M24S36.mp4                                            17:25:24 → 17:26:00  (36.0 s)
    [ 32] 26M00S60.mp4                                            17:26:00 → 17:27:00  (60.0 s)
    [ 33] 27M00S60.mp4                                            17:27:00 → 17:28:00  (60.0 s)
           ↕ gap: 17.00 s
    [ 34] 28M17S43.mp4                                            17:28:17 → 17:29:00  (43.0 s)
    [ 35] 29M00S60.mp4                                            17:29:00 → 17:30:00  (60.0 s)
    [ 36] 30M00S60.mp4                                            17:30:00 → 17:31:00  (60.0 s)
    [ 37] 31M00S60.mp4                                            17:31:00 → 17:32:00  (60.0 s)
    [ 38] 32M00S60.mp4                                            17:32:00 → 17:33:00  (60.0 s)
    [ 39] 33M00S60.mp4                                            17:33:00 → 17:34:00  (60.0 s)
    [ 40] 34M00S60.mp4                                            17:34:00 → 17:35:00  (60.0 s)
           ↕ gap: 2.00 s
    [ 41] 35M02S58.mp4                                            17:35:02 → 17:36:00  (58.0 s)
    [ 42] 36M00S60.mp4                                            17:36:00 → 17:37:00  (60.0 s)
    [ 43] 37M00S60.mp4                                            17:37:00 → 17:38:00  (60.0 s)
    [ 44] 38M00S60.mp4                                            17:38:00 → 17:39:00  (60.0 s)
    [ 45] 39M00S60.mp4                                            17:39:00 → 17:40:00  (60.0 s)
           ↕ gap: 42.00 s
    [ 46] 40M42S18.mp4                                            17:40:42 → 17:41:00  (18.0 s)
    [ 47] 41M00S60.mp4                                            17:41:00 → 17:42:00  (60.0 s)
    [ 48] 42M00S60.mp4                                            17:42:00 → 17:43:00  (60.0 s)
    [ 49] 43M00S60.mp4                                            17:43:00 → 17:44:00  (60.0 s)
    [ 50] 44M00S60.mp4                                            17:44:00 → 17:45:00  (60.0 s)
    [ 51] 45M00S60.mp4                                            17:45:00 → 17:46:00  (60.0 s)
    [ 52] 46M00S60.mp4                                            17:46:00 → 17:47:00  (60.0 s)
    [ 53] 47M00S60.mp4                                            17:47:00 → 17:48:00  (60.0 s)
    [ 54] 48M00S60.mp4                                            17:48:00 → 17:49:00  (60.0 s)
    [ 55] 49M00S60.mp4                                            17:49:00 → 17:50:00  (60.0 s)
    [ 56] 50M00S60.mp4                                            17:50:00 → 17:51:00  (60.0 s)
    [ 57] 51M00S60.mp4                                            17:51:00 → 17:52:00  (60.0 s)
    [ 58] 52M00S60.mp4                                            17:52:00 → 17:53:00  (60.0 s)
    [ 59] 53M00S60.mp4                                            17:53:00 → 17:54:00  (60.0 s)
    [ 60] 54M00S60.mp4                                            17:54:00 → 17:55:00  (60.0 s)
    [ 61] 55M00S60.mp4                                            17:55:00 → 17:56:00  (60.0 s)
    [ 62] 56M00S60.mp4                                            17:56:00 → 17:57:00  (60.0 s)
    [ 63] 57M00S60.mp4                                            17:57:00 → 17:58:00  (60.0 s)
    [ 64] 58M00S60.mp4                                            17:58:00 → 17:59:00  (60.0 s)
    [ 65] 59M00S60.mp4                                            17:59:00 → 18:00:00  (60.0 s)
    [ 66] 00M00S60.mp4                                            18:00:00 → 18:01:00  (60.0 s)
    [ 67] 01M00S60.mp4                                            18:01:00 → 18:02:00  (60.0 s)
    [ 68] 02M00S60.mp4                                            18:02:00 → 18:03:00  (60.0 s)
    [ 69] 03M00S60.mp4                                            18:03:00 → 18:04:00  (60.0 s)
    [ 70] 04M00S60.mp4                                            18:04:00 → 18:05:00  (60.0 s)
    [ 71] 05M00S60.mp4                                            18:05:00 → 18:06:00  (60.0 s)
    [ 72] 06M00S60.mp4                                            18:06:00 → 18:07:00  (60.0 s)
    [ 73] 07M00S60.mp4                                            18:07:00 → 18:08:00  (60.0 s)
    [ 74] 08M00S60.mp4                                            18:08:00 → 18:09:00  (60.0 s)
    [ 75] 09M00S60.mp4                                            18:09:00 → 18:10:00  (60.0 s)
    [ 76] 10M00S60.mp4                                            18:10:00 → 18:11:00  (60.0 s)
    [ 77] 11M00S60.mp4                                            18:11:00 → 18:12:00  (60.0 s)
    [ 78] 12M00S60.mp4                                            18:12:00 → 18:13:00  (60.0 s)
    [ 79] 13M00S60.mp4                                            18:13:00 → 18:14:00  (60.0 s)
    [ 80] 14M00S60.mp4                                            18:14:00 → 18:15:00  (60.0 s)
    [ 81] 15M00S60.mp4                                            18:15:00 → 18:16:00  (60.0 s)
    [ 82] 16M00S60.mp4                                            18:16:00 → 18:17:00  (60.0 s)
    [ 83] 17M00S60.mp4                                            18:17:00 → 18:18:00  (60.0 s)
    [ 84] 18M00S60.mp4                                            18:18:00 → 18:19:00  (60.0 s)
    [ 85] 19M00S60.mp4                                            18:19:00 → 18:20:00  (60.0 s)
    [ 86] 20M00S60.mp4                                            18:20:00 → 18:21:00  (60.0 s)
    [ 87] 21M00S60.mp4                                            18:21:00 → 18:22:00  (60.0 s)
    [ 88] 22M00S60.mp4                                            18:22:00 → 18:23:00  (60.0 s)
    [ 89] 23M00S60.mp4                                            18:23:00 → 18:24:00  (60.0 s)
    [ 90] 24M00S60.mp4                                            18:24:00 → 18:25:00  (60.0 s)
    [ 91] 25M00S60.mp4                                            18:25:00 → 18:26:00  (60.0 s)
    [ 92] 26M00S60.mp4                                            18:26:00 → 18:27:00  (60.0 s)
    [ 93] 27M00S60.mp4                                            18:27:00 → 18:28:00  (60.0 s)
    [ 94] 28M00S60.mp4                                            18:28:00 → 18:29:00  (60.0 s)
    [ 95] 29M00S60.mp4                                            18:29:00 → 18:30:00  (60.0 s)
    [ 96] 30M00S60.mp4                                            18:30:00 → 18:31:00  (60.0 s)
    [ 97] 31M00S60.mp4                                            18:31:00 → 18:32:00  (60.0 s)
    [ 98] 32M00S60.mp4                                            18:32:00 → 18:33:00  (60.0 s)
    [ 99] 33M00S60.mp4                                            18:33:00 → 18:34:00  (60.0 s)
    [100] 34M00S60.mp4                                            18:34:00 → 18:35:00  (60.0 s)
           ↕ overlap: 1.00 s
    [101] 34M59S01.mp4                                            18:34:59 → 18:35:00  (1.0 s)
    [102] 35M00S60.mp4                                            18:35:00 → 18:36:00  (60.0 s)
    [103] 36M00S60.mp4                                            18:36:00 → 18:37:00  (60.0 s)
    [104] 37M00S60.mp4                                            18:37:00 → 18:38:00  (60.0 s)
    [105] 38M00S60.mp4                                            18:38:00 → 18:39:00  (60.0 s)
    [106] 39M00S60.mp4                                            18:39:00 → 18:40:00  (60.0 s)
    [107] 40M00S60.mp4                                            18:40:00 → 18:41:00  (60.0 s)
    [108] 41M00S60.mp4                                            18:41:00 → 18:42:00  (60.0 s)
    [109] 42M00S60.mp4                                            18:42:00 → 18:43:00  (60.0 s)
    [110] 43M00S60.mp4                                            18:43:00 → 18:44:00  (60.0 s)
    [111] 44M00S60.mp4                                            18:44:00 → 18:45:00  (60.0 s)
    [112] 45M00S60.mp4                                            18:45:00 → 18:46:00  (60.0 s)
    [113] 46M00S60.mp4                                            18:46:00 → 18:47:00  (60.0 s)
    [114] 47M00S60.mp4                                            18:47:00 → 18:48:00  (60.0 s)
    [115] 48M00S60.mp4                                            18:48:00 → 18:49:00  (60.0 s)
    [116] 49M00S60.mp4                                            18:49:00 → 18:50:00  (60.0 s)
    [117] 50M00S60.mp4                                            18:50:00 → 18:51:00  (60.0 s)
    [118] 51M00S60.mp4                                            18:51:00 → 18:52:00  (60.0 s)
    [119] 52M00S60.mp4                                            18:52:00 → 18:53:00  (60.0 s)
    [120] 53M00S60.mp4                                            18:53:00 → 18:54:00  (60.0 s)
    [121] 54M00S60.mp4                                            18:54:00 → 18:55:00  (60.0 s)
    [122] 55M00S60.mp4                                            18:55:00 → 18:56:00  (60.0 s)
    [123] 56M00S60.mp4                                            18:56:00 → 18:57:00  (60.0 s)
    [124] 57M00S60.mp4                                            18:57:00 → 18:58:00  (60.0 s)
    [125] 58M00S60.mp4                                            18:58:00 → 18:59:00  (60.0 s)
           ↕ overlap: 1.00 s
    [126] 58M59S01.mp4                                            18:58:59 → 18:59:00  (1.0 s)
    [127] 59M00S60.mp4                                            18:59:00 → 19:00:00  (60.0 s)
    [128] 00M00S60.mp4                                            19:00:00 → 19:01:00  (60.0 s)
    [129] 01M00S60.mp4                                            19:01:00 → 19:02:00  (60.0 s)
    [130] 02M00S60.mp4                                            19:02:00 → 19:03:00  (60.0 s)
    [131] 03M00S60.mp4                                            19:03:00 → 19:04:00  (60.0 s)
    [132] 04M00S60.mp4                                            19:04:00 → 19:05:00  (60.0 s)
    [133] 05M00S60.mp4                                            19:05:00 → 19:06:00  (60.0 s)
    [134] 06M00S60.mp4                                            19:06:00 → 19:07:00  (60.0 s)
    [135] 07M00S60.mp4                                            19:07:00 → 19:08:00  (60.0 s)
    [136] 08M00S60.mp4                                            19:08:00 → 19:09:00  (60.0 s)
    [137] 09M00S60.mp4                                            19:09:00 → 19:10:00  (60.0 s)
    [138] 10M00S60.mp4                                            19:10:00 → 19:11:00  (60.0 s)
    [139] 11M00S60.mp4                                            19:11:00 → 19:12:00  (60.0 s)
    [140] 12M00S60.mp4                                            19:12:00 → 19:13:00  (60.0 s)
    [141] 13M00S60.mp4                                            19:13:00 → 19:14:00  (60.0 s)
    [142] 14M00S60.mp4                                            19:14:00 → 19:15:00  (60.0 s)
    [143] 15M00S60.mp4                                            19:15:00 → 19:16:00  (60.0 s)
    [144] 16M00S60.mp4                                            19:16:00 → 19:17:00  (60.0 s)
    [145] 17M00S60.mp4                                            19:17:00 → 19:18:00  (60.0 s)
    [146] 18M00S60.mp4                                            19:18:00 → 19:19:00  (60.0 s)
    [147] 19M00S60.mp4                                            19:19:00 → 19:20:00  (60.0 s)
    [148] 20M00S60.mp4                                            19:20:00 → 19:21:00  (60.0 s)
    [149] 21M00S60.mp4                                            19:21:00 → 19:22:00  (60.0 s)
    [150] 22M00S60.mp4                                            19:22:00 → 19:23:00  (60.0 s)
    [151] 23M00S60.mp4                                            19:23:00 → 19:24:00  (60.0 s)
    [152] 24M00S60.mp4                                            19:24:00 → 19:25:00  (60.0 s)
    [153] 25M00S60.mp4                                            19:25:00 → 19:26:00  (60.0 s)

────────────────────────────────────────────────────────────────────────
  Segment 6 of 18   [SKIPPED]   →  merged_20260413_192558_27clips.mp4
  Gap from previous segment : -2.0 s
  Wall-clock span : 19:25:58 → 19:52:00  (1562.0 s)
  Content footage : 1562.0 s
  File size       : 148.3 MB

  Input clips (27)
    [  1] 25M58S02.mp4                                            19:25:58 → 19:26:00  (2.0 s)
    [  2] 26M00S60.mp4                                            19:26:00 → 19:27:00  (60.0 s)
    [  3] 27M00S60.mp4                                            19:27:00 → 19:28:00  (60.0 s)
    [  4] 28M00S60.mp4                                            19:28:00 → 19:29:00  (60.0 s)
    [  5] 29M00S60.mp4                                            19:29:00 → 19:30:00  (60.0 s)
    [  6] 30M00S60.mp4                                            19:30:00 → 19:31:00  (60.0 s)
    [  7] 31M00S60.mp4                                            19:31:00 → 19:32:00  (60.0 s)
    [  8] 32M00S60.mp4                                            19:32:00 → 19:33:00  (60.0 s)
    [  9] 33M00S60.mp4                                            19:33:00 → 19:34:00  (60.0 s)
    [ 10] 34M00S60.mp4                                            19:34:00 → 19:35:00  (60.0 s)
    [ 11] 35M00S60.mp4                                            19:35:00 → 19:36:00  (60.0 s)
    [ 12] 36M00S60.mp4                                            19:36:00 → 19:37:00  (60.0 s)
    [ 13] 37M00S60.mp4                                            19:37:00 → 19:38:00  (60.0 s)
    [ 14] 38M00S60.mp4                                            19:38:00 → 19:39:00  (60.0 s)
    [ 15] 39M00S60.mp4                                            19:39:00 → 19:40:00  (60.0 s)
    [ 16] 40M00S60.mp4                                            19:40:00 → 19:41:00  (60.0 s)
    [ 17] 41M00S60.mp4                                            19:41:00 → 19:42:00  (60.0 s)
    [ 18] 42M00S60.mp4                                            19:42:00 → 19:43:00  (60.0 s)
    [ 19] 43M00S60.mp4                                            19:43:00 → 19:44:00  (60.0 s)
    [ 20] 44M00S60.mp4                                            19:44:00 → 19:45:00  (60.0 s)
    [ 21] 45M00S60.mp4                                            19:45:00 → 19:46:00  (60.0 s)
    [ 22] 46M00S60.mp4                                            19:46:00 → 19:47:00  (60.0 s)
    [ 23] 47M00S60.mp4                                            19:47:00 → 19:48:00  (60.0 s)
    [ 24] 48M00S60.mp4                                            19:48:00 → 19:49:00  (60.0 s)
    [ 25] 49M00S60.mp4                                            19:49:00 → 19:50:00  (60.0 s)
    [ 26] 50M00S60.mp4                                            19:50:00 → 19:51:00  (60.0 s)
    [ 27] 51M00S60.mp4                                            19:51:00 → 19:52:00  (60.0 s)

────────────────────────────────────────────────────────────────────────
  Segment 7 of 18   [SKIPPED]   →  merged_20260413_195158_16clips.mp4
  Gap from previous segment : -2.0 s
  Wall-clock span : 19:51:58 → 20:07:00  (902.0 s)
  Content footage : 902.0 s
  File size       : 84.6 MB

  Input clips (16)
    [  1] 51M58S02.mp4                                            19:51:58 → 19:52:00  (2.0 s)
    [  2] 52M00S60.mp4                                            19:52:00 → 19:53:00  (60.0 s)
    [  3] 53M00S60.mp4                                            19:53:00 → 19:54:00  (60.0 s)
    [  4] 54M00S60.mp4                                            19:54:00 → 19:55:00  (60.0 s)
    [  5] 55M00S60.mp4                                            19:55:00 → 19:56:00  (60.0 s)
    [  6] 56M00S60.mp4                                            19:56:00 → 19:57:00  (60.0 s)
    [  7] 57M00S60.mp4                                            19:57:00 → 19:58:00  (60.0 s)
    [  8] 58M00S60.mp4                                            19:58:00 → 19:59:00  (60.0 s)
    [  9] 59M00S60.mp4                                            19:59:00 → 20:00:00  (60.0 s)
    [ 10] 00M00S60.mp4                                            20:00:00 → 20:01:00  (60.0 s)
    [ 11] 01M00S60.mp4                                            20:01:00 → 20:02:00  (60.0 s)
    [ 12] 02M00S60.mp4                                            20:02:00 → 20:03:00  (60.0 s)
    [ 13] 03M00S60.mp4                                            20:03:00 → 20:04:00  (60.0 s)
    [ 14] 04M00S60.mp4                                            20:04:00 → 20:05:00  (60.0 s)
    [ 15] 05M00S60.mp4                                            20:05:00 → 20:06:00  (60.0 s)
    [ 16] 06M00S60.mp4                                            20:06:00 → 20:07:00  (60.0 s)

────────────────────────────────────────────────────────────────────────
  Segment 8 of 18   [SKIPPED]   →  merged_20260413_200658_31clips.mp4
  Gap from previous segment : -2.0 s
  Wall-clock span : 20:06:58 → 20:37:00  (1802.0 s)
  Content footage : 1802.0 s
  File size       : 168.0 MB

  Input clips (31)
    [  1] 06M58S02.mp4                                            20:06:58 → 20:07:00  (2.0 s)
    [  2] 07M00S60.mp4                                            20:07:00 → 20:08:00  (60.0 s)
    [  3] 08M00S60.mp4                                            20:08:00 → 20:09:00  (60.0 s)
    [  4] 09M00S60.mp4                                            20:09:00 → 20:10:00  (60.0 s)
    [  5] 10M00S60.mp4                                            20:10:00 → 20:11:00  (60.0 s)
    [  6] 11M00S60.mp4                                            20:11:00 → 20:12:00  (60.0 s)
    [  7] 12M00S60.mp4                                            20:12:00 → 20:13:00  (60.0 s)
    [  8] 13M00S60.mp4                                            20:13:00 → 20:14:00  (60.0 s)
    [  9] 14M00S60.mp4                                            20:14:00 → 20:15:00  (60.0 s)
    [ 10] 15M00S60.mp4                                            20:15:00 → 20:16:00  (60.0 s)
    [ 11] 16M00S60.mp4                                            20:16:00 → 20:17:00  (60.0 s)
    [ 12] 17M00S60.mp4                                            20:17:00 → 20:18:00  (60.0 s)
    [ 13] 18M00S60.mp4                                            20:18:00 → 20:19:00  (60.0 s)
    [ 14] 19M00S60.mp4                                            20:19:00 → 20:20:00  (60.0 s)
    [ 15] 20M00S60.mp4                                            20:20:00 → 20:21:00  (60.0 s)
    [ 16] 21M00S60.mp4                                            20:21:00 → 20:22:00  (60.0 s)
    [ 17] 22M00S60.mp4                                            20:22:00 → 20:23:00  (60.0 s)
    [ 18] 23M00S60.mp4                                            20:23:00 → 20:24:00  (60.0 s)
    [ 19] 24M00S60.mp4                                            20:24:00 → 20:25:00  (60.0 s)
    [ 20] 25M00S60.mp4                                            20:25:00 → 20:26:00  (60.0 s)
    [ 21] 26M00S60.mp4                                            20:26:00 → 20:27:00  (60.0 s)
    [ 22] 27M00S60.mp4                                            20:27:00 → 20:28:00  (60.0 s)
    [ 23] 28M00S60.mp4                                            20:28:00 → 20:29:00  (60.0 s)
    [ 24] 29M00S60.mp4                                            20:29:00 → 20:30:00  (60.0 s)
    [ 25] 30M00S60.mp4                                            20:30:00 → 20:31:00  (60.0 s)
    [ 26] 31M00S60.mp4                                            20:31:00 → 20:32:00  (60.0 s)
    [ 27] 32M00S60.mp4                                            20:32:00 → 20:33:00  (60.0 s)
    [ 28] 33M00S60.mp4                                            20:33:00 → 20:34:00  (60.0 s)
    [ 29] 34M00S60.mp4                                            20:34:00 → 20:35:00  (60.0 s)
    [ 30] 35M00S60.mp4                                            20:35:00 → 20:36:00  (60.0 s)
    [ 31] 36M00S60.mp4                                            20:36:00 → 20:37:00  (60.0 s)

────────────────────────────────────────────────────────────────────────
  Segment 9 of 18   [MERGED]   →  merged_20260413_203658_7clips.mp4
  Gap from previous segment : -2.0 s
  Wall-clock span : 20:36:58 → 20:43:00  (362.0 s)
  Content footage : 362.0 s
  File size       : 26.9 MB

  Input clips (7)
    [  1] 36M58S02.mp4                                            20:36:58 → 20:37:00  (2.0 s)
    [  2] 37M00S60.mp4                                            20:37:00 → 20:38:00  (60.0 s)
    [  3] 38M00S60.mp4                                            20:38:00 → 20:39:00  (60.0 s)
    [  4] 39M00S60.mp4                                            20:39:00 → 20:40:00  (60.0 s)
    [  5] 40M00S60.mp4                                            20:40:00 → 20:41:00  (60.0 s)
    [  6] 41M00S60.mp4                                            20:41:00 → 20:42:00  (60.0 s)
    [  7] 42M00S60.mp4                                            20:42:00 → 20:43:00  (60.0 s)

────────────────────────────────────────────────────────────────────────
  Segment 10 of 18   [MERGED]   →  merged_20260413_204417_4clips.mp4
  Gap from previous segment : 77.0 s
  Wall-clock span : 20:44:17 → 20:48:00  (223.0 s)
  Content footage : 213.0 s
  Black filler    : 10.00 s (1 gap(s))
  Video props     : 1920x1080 20/1 fps  yuvj420p
  Audio props     : 16000 Hz  1ch
  File size       : 13.4 MB

  Input clips (4)
    [  1] 44M17S43.mp4                                            20:44:17 → 20:45:00  (43.0 s)
    [  2] 45M00S60.mp4                                            20:45:00 → 20:46:00  (60.0 s)
           ↕ gap: 10.00 s  → filled with 10.00 s black frames
    [  3] 46M10S50.mp4                                            20:46:10 → 20:47:00  (50.0 s)
    [  4] 47M00S60.mp4                                            20:47:00 → 20:48:00  (60.0 s)

────────────────────────────────────────────────────────────────────────
  Segment 11 of 18   [MERGED]   →  merged_20260413_205134_2clips.mp4
  Gap from previous segment : 214.0 s
  Wall-clock span : 20:51:34 → 20:53:00  (86.0 s)
  Content footage : 86.0 s
  File size       : 5.4 MB

  Input clips (2)
    [  1] 51M34S26.mp4                                            20:51:34 → 20:52:00  (26.0 s)
    [  2] 52M00S60.mp4                                            20:52:00 → 20:53:00  (60.0 s)

────────────────────────────────────────────────────────────────────────
  Segment 12 of 18   [MERGED]   →  merged_20260413_205634_2clips.mp4
  Gap from previous segment : 214.0 s
  Wall-clock span : 20:56:34 → 20:58:00  (86.0 s)
  Content footage : 86.0 s
  File size       : 5.5 MB

  Input clips (2)
    [  1] 56M34S26.mp4                                            20:56:34 → 20:57:00  (26.0 s)
    [  2] 57M00S60.mp4                                            20:57:00 → 20:58:00  (60.0 s)

────────────────────────────────────────────────────────────────────────
  Segment 13 of 18   [MERGED]   →  merged_20260413_205903_5clips.mp4
  Gap from previous segment : 63.0 s
  Wall-clock span : 20:59:03 → 21:04:00  (297.0 s)
  Content footage : 275.0 s
  Black filler    : 22.00 s (1 gap(s))
  Video props     : 1920x1080 20/1 fps  yuvj420p
  Audio props     : 16000 Hz  1ch
  File size       : 17.5 MB

  Input clips (5)
    [  1] 59M03S57.mp4                                            20:59:03 → 21:00:00  (57.0 s)
    [  2] 00M00S60.mp4                                            21:00:00 → 21:01:00  (60.0 s)
    [  3] 01M00S60.mp4                                            21:01:00 → 21:02:00  (60.0 s)
           ↕ gap: 22.00 s  → filled with 22.00 s black frames
    [  4] 02M22S38.mp4                                            21:02:22 → 21:03:00  (38.0 s)
    [  5] 03M00S60.mp4                                            21:03:00 → 21:04:00  (60.0 s)

────────────────────────────────────────────────────────────────────────
  Segment 14 of 18   [MERGED]   →  merged_20260413_210608_2clips.mp4
  Gap from previous segment : 128.0 s
  Wall-clock span : 21:06:08 → 21:08:00  (112.0 s)
  Content footage : 112.0 s
  File size       : 7.0 MB

  Input clips (2)
    [  1] 06M08S52.mp4                                            21:06:08 → 21:07:00  (52.0 s)
    [  2] 07M00S60.mp4                                            21:07:00 → 21:08:00  (60.0 s)

────────────────────────────────────────────────────────────────────────
  Segment 15 of 18   [MERGED]   →  merged_20260413_211100_2clips.mp4
  Gap from previous segment : 180.0 s
  Wall-clock span : 21:11:00 → 21:13:00  (120.0 s)
  Content footage : 120.0 s
  File size       : 7.4 MB

  Input clips (2)
    [  1] 11M00S60.mp4                                            21:11:00 → 21:12:00  (60.0 s)
    [  2] 12M00S60.mp4                                            21:12:00 → 21:13:00  (60.0 s)

────────────────────────────────────────────────────────────────────────
  Segment 16 of 18   [MERGED]   →  merged_20260413_211406_2clips.mp4
  Gap from previous segment : 66.0 s
  Wall-clock span : 21:14:06 → 21:16:00  (114.0 s)
  Content footage : 114.0 s
  File size       : 7.1 MB

  Input clips (2)
    [  1] 14M06S54.mp4                                            21:14:06 → 21:15:00  (54.0 s)
    [  2] 15M00S60.mp4                                            21:15:00 → 21:16:00  (60.0 s)

────────────────────────────────────────────────────────────────────────
  Segment 17 of 18   [MERGED]   →  merged_20260413_211715_9clips.mp4
  Gap from previous segment : 75.0 s
  Wall-clock span : 21:17:15 → 21:27:00  (585.0 s)
  Content footage : 500.0 s
  Black filler    : 25.00 s (1 gap(s))
  Video props     : 1920x1080 20/1 fps  yuvj420p
  Audio props     : 16000 Hz  1ch
  File size       : 30.6 MB

  Input clips (9)
    [  1] 17M15S45.mp4                                            21:17:15 → 21:18:00  (45.0 s)
    [  2] 18M00S60.mp4                                            21:18:00 → 21:19:00  (60.0 s)
    [  3] 19M00S60.mp4                                            21:19:00 → 21:20:00  (60.0 s)
           ↕ gap: 60.00 s
    [  4] 21M00S60.mp4                                            21:21:00 → 21:22:00  (60.0 s)
    [  5] 22M00S60.mp4                                            21:22:00 → 21:23:00  (60.0 s)
    [  6] 23M00S60.mp4                                            21:23:00 → 21:24:00  (60.0 s)
    [  7] 24M00S60.mp4                                            21:24:00 → 21:25:00  (60.0 s)
           ↕ gap: 25.00 s  → filled with 25.00 s black frames
    [  8] 25M25S35.mp4                                            21:25:25 → 21:26:00  (35.0 s)
    [  9] 26M00S60.mp4                                            21:26:00 → 21:27:00  (60.0 s)

────────────────────────────────────────────────────────────────────────
  Segment 18 of 18   [MERGED]   →  merged_20260413_212801_19clips.mp4
  Gap from previous segment : 61.0 s
  Wall-clock span : 21:28:01 → 21:47:00  (1139.0 s)
  Content footage : 1129.0 s
  Black filler    : 10.00 s (1 gap(s))
  Video props     : 1920x1080 20/1 fps  yuvj420p
  Audio props     : 16000 Hz  1ch
  File size       : 116.5 MB

  Input clips (19)
    [  1] 28M01S59.mp4                                            21:28:01 → 21:29:00  (59.0 s)
    [  2] 29M00S60.mp4                                            21:29:00 → 21:30:00  (60.0 s)
    [  3] 30M00S60.mp4                                            21:30:00 → 21:31:00  (60.0 s)
           ↕ gap: 10.00 s  → filled with 10.00 s black frames
    [  4] 31M10S50.mp4                                            21:31:10 → 21:32:00  (50.0 s)
    [  5] 32M00S60.mp4                                            21:32:00 → 21:33:00  (60.0 s)
    [  6] 33M00S60.mp4                                            21:33:00 → 21:34:00  (60.0 s)
    [  7] 34M00S60.mp4                                            21:34:00 → 21:35:00  (60.0 s)
    [  8] 35M00S60.mp4                                            21:35:00 → 21:36:00  (60.0 s)
    [  9] 36M00S60.mp4                                            21:36:00 → 21:37:00  (60.0 s)
    [ 10] 37M00S60.mp4                                            21:37:00 → 21:38:00  (60.0 s)
    [ 11] 38M00S60.mp4                                            21:38:00 → 21:39:00  (60.0 s)
    [ 12] 39M00S60.mp4                                            21:39:00 → 21:40:00  (60.0 s)
    [ 13] 40M00S60.mp4                                            21:40:00 → 21:41:00  (60.0 s)
    [ 14] 41M00S60.mp4                                            21:41:00 → 21:42:00  (60.0 s)
    [ 15] 42M00S60.mp4                                            21:42:00 → 21:43:00  (60.0 s)
    [ 16] 43M00S60.mp4                                            21:43:00 → 21:44:00  (60.0 s)
    [ 17] 44M00S60.mp4                                            21:44:00 → 21:45:00  (60.0 s)
    [ 18] 45M00S60.mp4                                            21:45:00 → 21:46:00  (60.0 s)
    [ 19] 46M00S60.mp4                                            21:46:00 → 21:47:00  (60.0 s)

