Camera Merge Log  —  P12 / front_camera
  Generated     : 2026-04-29 20:11:05 UTC
  Gap tolerance : 60.0 s  |  Black fill < 60 s
  Total clips   : 132
  Segments      : 9  (merged: 9, skipped: 0, single: 0, failed: 0)

────────────────────────────────────────────────────────────────────────
  Segment 1 of 9   [MERGED]   →  merged_20260425_173841_4clips.mp4
  Wall-clock span : 17:38:41 → 17:42:00  (199.0 s)
  Content footage : 199.0 s
  File size       : 28.1 MB

  Input clips (4)
    [  1] 38M41S19.mp4                                            17:38:41 → 17:39:00  (19.0 s)
    [  2] 39M00S60.mp4                                            17:39:00 → 17:40:00  (60.0 s)
    [  3] 40M00S60.mp4                                            17:40:00 → 17:41:00  (60.0 s)
    [  4] 41M00S60.mp4                                            17:41:00 → 17:42:00  (60.0 s)

────────────────────────────────────────────────────────────────────────
  Segment 2 of 9   [MERGED]   →  merged_20260425_174416_4clips.mp4
  Gap from previous segment : 136.0 s
  Wall-clock span : 17:44:16 → 17:48:00  (224.0 s)
  Content footage : 224.0 s
  File size       : 29.7 MB

  Input clips (4)
    [  1] 44M16S44.mp4                                            17:44:16 → 17:45:00  (44.0 s)
    [  2] 45M00S60.mp4                                            17:45:00 → 17:46:00  (60.0 s)
    [  3] 46M00S60.mp4                                            17:46:00 → 17:47:00  (60.0 s)
    [  4] 47M00S60.mp4                                            17:47:00 → 17:48:00  (60.0 s)

────────────────────────────────────────────────────────────────────────
  Segment 3 of 9   [MERGED]   →  merged_20260425_174950_2clips.mp4
  Gap from previous segment : 110.0 s
  Wall-clock span : 17:49:50 → 17:51:00  (70.0 s)
  Content footage : 70.0 s
  File size       : 7.8 MB

  Input clips (2)
    [  1] 49M50S10.mp4                                            17:49:50 → 17:50:00  (10.0 s)
    [  2] 50M00S60.mp4                                            17:50:00 → 17:51:00  (60.0 s)

────────────────────────────────────────────────────────────────────────
  Segment 4 of 9   [MERGED]   →  merged_20260425_175527_2clips.mp4
  Gap from previous segment : 267.0 s
  Wall-clock span : 17:55:27 → 17:57:00  (93.0 s)
  Content footage : 93.0 s
  File size       : 10.7 MB

  Input clips (2)
    [  1] 55M27S33.mp4                                            17:55:27 → 17:56:00  (33.0 s)
    [  2] 56M00S60.mp4                                            17:56:00 → 17:57:00  (60.0 s)

────────────────────────────────────────────────────────────────────────
  Segment 5 of 9   [MERGED]   →  merged_20260425_175825_4clips.mp4
  Gap from previous segment : 85.0 s
  Wall-clock span : 17:58:25 → 18:02:00  (215.0 s)
  Content footage : 215.0 s
  File size       : 28.7 MB

  Input clips (4)
    [  1] 58M25S35.mp4                                            17:58:25 → 17:59:00  (35.0 s)
    [  2] 59M00S60.mp4                                            17:59:00 → 18:00:00  (60.0 s)
    [  3] 00M00S60.mp4                                            18:00:00 → 18:01:00  (60.0 s)
    [  4] 01M00S60.mp4                                            18:01:00 → 18:02:00  (60.0 s)

────────────────────────────────────────────────────────────────────────
  Segment 6 of 9   [MERGED]   →  merged_20260425_180317_2clips.mp4
  Gap from previous segment : 77.0 s
  Wall-clock span : 18:03:17 → 18:05:00  (103.0 s)
  Content footage : 103.0 s
  File size       : 12.0 MB

  Input clips (2)
    [  1] 03M17S43.mp4                                            18:03:17 → 18:04:00  (43.0 s)
    [  2] 04M00S60.mp4                                            18:04:00 → 18:05:00  (60.0 s)

────────────────────────────────────────────────────────────────────────
  Segment 7 of 9   [MERGED]   →  merged_20260425_182014_2clips.mp4
  Gap from previous segment : 914.0 s
  Wall-clock span : 18:20:14 → 18:22:00  (106.0 s)
  Content footage : 106.0 s
  File size       : 12.2 MB

  Input clips (2)
    [  1] 20M14S46.mp4                                            18:20:14 → 18:21:00  (46.0 s)
    [  2] 21M00S60.mp4                                            18:21:00 → 18:22:00  (60.0 s)

────────────────────────────────────────────────────────────────────────
  Segment 8 of 9   [MERGED]   →  merged_20260425_182741_107clips.mp4
  Gap from previous segment : 341.0 s
  Wall-clock span : 18:27:41 → 20:12:00  (6259.0 s)
  Content footage : 6246.0 s
  Black filler    : 15.00 s (2 gap(s))
  Video props     : 1920x1080 20/1 fps  yuvj420p
  Audio props     : 16000 Hz  1ch
  File size       : 679.1 MB
  Intra-overlaps  : 1.00 s,1.00 s

  Input clips (107)
    [  1] 27M41S19.mp4                                            18:27:41 → 18:28:00  (19.0 s)
    [  2] 28M00S60.mp4                                            18:28:00 → 18:29:00  (60.0 s)
    [  3] 29M00S60.mp4                                            18:29:00 → 18:30:00  (60.0 s)
    [  4] 30M00S60.mp4                                            18:30:00 → 18:31:00  (60.0 s)
    [  5] 31M00S60.mp4                                            18:31:00 → 18:32:00  (60.0 s)
    [  6] 32M00S60.mp4                                            18:32:00 → 18:33:00  (60.0 s)
    [  7] 33M00S60.mp4                                            18:33:00 → 18:34:00  (60.0 s)
    [  8] 34M00S60.mp4                                            18:34:00 → 18:35:00  (60.0 s)
           ↕ overlap: 1.00 s
    [  9] 34M59S01.mp4                                            18:34:59 → 18:35:00  (1.0 s)
    [ 10] 35M00S60.mp4                                            18:35:00 → 18:36:00  (60.0 s)
    [ 11] 36M00S60.mp4                                            18:36:00 → 18:37:00  (60.0 s)
    [ 12] 37M00S60.mp4                                            18:37:00 → 18:38:00  (60.0 s)
    [ 13] 38M00S60.mp4                                            18:38:00 → 18:39:00  (60.0 s)
    [ 14] 39M00S60.mp4                                            18:39:00 → 18:40:00  (60.0 s)
    [ 15] 40M00S60.mp4                                            18:40:00 → 18:41:00  (60.0 s)
    [ 16] 41M00S60.mp4                                            18:41:00 → 18:42:00  (60.0 s)
    [ 17] 42M00S60.mp4                                            18:42:00 → 18:43:00  (60.0 s)
    [ 18] 43M00S60.mp4                                            18:43:00 → 18:44:00  (60.0 s)
    [ 19] 44M00S60.mp4                                            18:44:00 → 18:45:00  (60.0 s)
    [ 20] 45M00S60.mp4                                            18:45:00 → 18:46:00  (60.0 s)
    [ 21] 46M00S60.mp4                                            18:46:00 → 18:47:00  (60.0 s)
    [ 22] 47M00S60.mp4                                            18:47:00 → 18:48:00  (60.0 s)
    [ 23] 48M00S60.mp4                                            18:48:00 → 18:49:00  (60.0 s)
    [ 24] 49M00S60.mp4                                            18:49:00 → 18:50:00  (60.0 s)
    [ 25] 50M00S60.mp4                                            18:50:00 → 18:51:00  (60.0 s)
    [ 26] 51M00S60.mp4                                            18:51:00 → 18:52:00  (60.0 s)
    [ 27] 52M00S60.mp4                                            18:52:00 → 18:53:00  (60.0 s)
    [ 28] 53M00S60.mp4                                            18:53:00 → 18:54:00  (60.0 s)
    [ 29] 54M00S60.mp4                                            18:54:00 → 18:55:00  (60.0 s)
    [ 30] 55M00S60.mp4                                            18:55:00 → 18:56:00  (60.0 s)
    [ 31] 56M00S60.mp4                                            18:56:00 → 18:57:00  (60.0 s)
    [ 32] 57M00S60.mp4                                            18:57:00 → 18:58:00  (60.0 s)
    [ 33] 58M00S60.mp4                                            18:58:00 → 18:59:00  (60.0 s)
    [ 34] 59M00S60.mp4                                            18:59:00 → 19:00:00  (60.0 s)
    [ 35] 00M00S60.mp4                                            19:00:00 → 19:01:00  (60.0 s)
    [ 36] 01M00S60.mp4                                            19:01:00 → 19:02:00  (60.0 s)
    [ 37] 02M00S60.mp4                                            19:02:00 → 19:03:00  (60.0 s)
    [ 38] 03M00S60.mp4                                            19:03:00 → 19:04:00  (60.0 s)
    [ 39] 04M00S60.mp4                                            19:04:00 → 19:05:00  (60.0 s)
    [ 40] 05M00S60.mp4                                            19:05:00 → 19:06:00  (60.0 s)
    [ 41] 06M00S60.mp4                                            19:06:00 → 19:07:00  (60.0 s)
    [ 42] 07M00S60.mp4                                            19:07:00 → 19:08:00  (60.0 s)
    [ 43] 08M00S60.mp4                                            19:08:00 → 19:09:00  (60.0 s)
           ↕ gap: 5.00 s  → filled with 5.00 s black frames
    [ 44] 09M05S55.mp4                                            19:09:05 → 19:10:00  (55.0 s)
    [ 45] 10M00S60.mp4                                            19:10:00 → 19:11:00  (60.0 s)
    [ 46] 11M00S60.mp4                                            19:11:00 → 19:12:00  (60.0 s)
    [ 47] 12M00S60.mp4                                            19:12:00 → 19:13:00  (60.0 s)
    [ 48] 13M00S60.mp4                                            19:13:00 → 19:14:00  (60.0 s)
    [ 49] 14M00S60.mp4                                            19:14:00 → 19:15:00  (60.0 s)
    [ 50] 15M00S60.mp4                                            19:15:00 → 19:16:00  (60.0 s)
    [ 51] 16M00S60.mp4                                            19:16:00 → 19:17:00  (60.0 s)
    [ 52] 17M00S60.mp4                                            19:17:00 → 19:18:00  (60.0 s)
    [ 53] 18M00S60.mp4                                            19:18:00 → 19:19:00  (60.0 s)
    [ 54] 19M00S60.mp4                                            19:19:00 → 19:20:00  (60.0 s)
    [ 55] 20M00S60.mp4                                            19:20:00 → 19:21:00  (60.0 s)
    [ 56] 21M00S60.mp4                                            19:21:00 → 19:22:00  (60.0 s)
    [ 57] 22M00S60.mp4                                            19:22:00 → 19:23:00  (60.0 s)
    [ 58] 23M00S60.mp4                                            19:23:00 → 19:24:00  (60.0 s)
    [ 59] 24M00S60.mp4                                            19:24:00 → 19:25:00  (60.0 s)
    [ 60] 25M00S60.mp4                                            19:25:00 → 19:26:00  (60.0 s)
    [ 61] 26M00S60.mp4                                            19:26:00 → 19:27:00  (60.0 s)
    [ 62] 27M00S60.mp4                                            19:27:00 → 19:28:00  (60.0 s)
    [ 63] 28M00S60.mp4                                            19:28:00 → 19:29:00  (60.0 s)
    [ 64] 29M00S60.mp4                                            19:29:00 → 19:30:00  (60.0 s)
    [ 65] 30M00S60.mp4                                            19:30:00 → 19:31:00  (60.0 s)
    [ 66] 31M00S60.mp4                                            19:31:00 → 19:32:00  (60.0 s)
    [ 67] 32M00S60.mp4                                            19:32:00 → 19:33:00  (60.0 s)
    [ 68] 33M00S60.mp4                                            19:33:00 → 19:34:00  (60.0 s)
    [ 69] 34M00S60.mp4                                            19:34:00 → 19:35:00  (60.0 s)
    [ 70] 35M00S60.mp4                                            19:35:00 → 19:36:00  (60.0 s)
    [ 71] 36M00S60.mp4                                            19:36:00 → 19:37:00  (60.0 s)
    [ 72] 37M00S60.mp4                                            19:37:00 → 19:38:00  (60.0 s)
    [ 73] 38M00S60.mp4                                            19:38:00 → 19:39:00  (60.0 s)
    [ 74] 39M00S60.mp4                                            19:39:00 → 19:40:00  (60.0 s)
    [ 75] 40M00S60.mp4                                            19:40:00 → 19:41:00  (60.0 s)
    [ 76] 41M00S60.mp4                                            19:41:00 → 19:42:00  (60.0 s)
    [ 77] 42M00S60.mp4                                            19:42:00 → 19:43:00  (60.0 s)
    [ 78] 43M00S60.mp4                                            19:43:00 → 19:44:00  (60.0 s)
    [ 79] 44M00S60.mp4                                            19:44:00 → 19:45:00  (60.0 s)
           ↕ overlap: 1.00 s
    [ 80] 44M59S01.mp4                                            19:44:59 → 19:45:00  (1.0 s)
    [ 81] 45M00S60.mp4                                            19:45:00 → 19:46:00  (60.0 s)
    [ 82] 46M00S60.mp4                                            19:46:00 → 19:47:00  (60.0 s)
    [ 83] 47M00S60.mp4                                            19:47:00 → 19:48:00  (60.0 s)
    [ 84] 48M00S60.mp4                                            19:48:00 → 19:49:00  (60.0 s)
    [ 85] 49M00S60.mp4                                            19:49:00 → 19:50:00  (60.0 s)
    [ 86] 50M00S60.mp4                                            19:50:00 → 19:51:00  (60.0 s)
    [ 87] 51M00S60.mp4                                            19:51:00 → 19:52:00  (60.0 s)
    [ 88] 52M00S60.mp4                                            19:52:00 → 19:53:00  (60.0 s)
    [ 89] 53M00S60.mp4                                            19:53:00 → 19:54:00  (60.0 s)
    [ 90] 54M00S60.mp4                                            19:54:00 → 19:55:00  (60.0 s)
    [ 91] 55M00S60.mp4                                            19:55:00 → 19:56:00  (60.0 s)
    [ 92] 56M00S60.mp4                                            19:56:00 → 19:57:00  (60.0 s)
    [ 93] 57M00S60.mp4                                            19:57:00 → 19:58:00  (60.0 s)
    [ 94] 58M00S60.mp4                                            19:58:00 → 19:59:00  (60.0 s)
    [ 95] 59M00S60.mp4                                            19:59:00 → 20:00:00  (60.0 s)
    [ 96] 00M00S60.mp4                                            20:00:00 → 20:01:00  (60.0 s)
    [ 97] 01M00S60.mp4                                            20:01:00 → 20:02:00  (60.0 s)
    [ 98] 02M00S60.mp4                                            20:02:00 → 20:03:00  (60.0 s)
    [ 99] 03M00S60.mp4                                            20:03:00 → 20:04:00  (60.0 s)
    [100] 04M00S60.mp4                                            20:04:00 → 20:05:00  (60.0 s)
    [101] 05M00S60.mp4                                            20:05:00 → 20:06:00  (60.0 s)
           ↕ gap: 10.00 s  → filled with 10.00 s black frames
    [102] 06M10S50.mp4                                            20:06:10 → 20:07:00  (50.0 s)
    [103] 07M00S60.mp4                                            20:07:00 → 20:08:00  (60.0 s)
    [104] 08M00S60.mp4                                            20:08:00 → 20:09:00  (60.0 s)
    [105] 09M00S60.mp4                                            20:09:00 → 20:10:00  (60.0 s)
    [106] 10M00S60.mp4                                            20:10:00 → 20:11:00  (60.0 s)
    [107] 11M00S60.mp4                                            20:11:00 → 20:12:00  (60.0 s)

────────────────────────────────────────────────────────────────────────
  Segment 9 of 9   [MERGED]   →  merged_20260425_201158_5clips.mp4
  Gap from previous segment : -2.0 s
  Wall-clock span : 20:11:58 → 20:16:00  (242.0 s)
  Content footage : 242.0 s
  File size       : 29.3 MB

  Input clips (5)
    [  1] 11M58S02.mp4                                            20:11:58 → 20:12:00  (2.0 s)
    [  2] 12M00S60.mp4                                            20:12:00 → 20:13:00  (60.0 s)
    [  3] 13M00S60.mp4                                            20:13:00 → 20:14:00  (60.0 s)
    [  4] 14M00S60.mp4                                            20:14:00 → 20:15:00  (60.0 s)
    [  5] 15M00S60.mp4                                            20:15:00 → 20:16:00  (60.0 s)

