Camera Merge Log  —  P08 / back_camera
  Generated     : 2026-04-29 20:09:03 UTC
  Gap tolerance : 60.0 s  |  Black fill < 60 s
  Total clips   : 134
  Segments      : 7  (merged: 6, skipped: 0, single: 1, failed: 0)
  Dropped clips : 2  (spurious trailing restart stub(s) removed)

────────────────────────────────────────────────────────────────────────
  Segment 1 of 7   [MERGED]   →  merged_20260419_164513_7clips.mp4
  Wall-clock span : 16:45:13 → 16:52:00  (407.0 s)
  Content footage : 401.0 s
  Black filler    : 6.00 s (1 gap(s))
  Video props     : 1920x1080 239/12 fps  yuvj420p
  Audio props     : 16000 Hz  1ch
  File size       : 44.7 MB

  Input clips (7)
    [  1] W445M13S47.mp4                                          16:45:13 → 16:46:00  (47.0 s)
    [  2] W446M00S60.mp4                                          16:46:00 → 16:47:00  (60.0 s)
           ↕ gap: 6.00 s  → filled with 6.00 s black frames
    [  3] W447M06S54.mp4                                          16:47:06 → 16:48:00  (54.0 s)
    [  4] W448M00S60.mp4                                          16:48:00 → 16:49:00  (60.0 s)
    [  5] W449M00S60.mp4                                          16:49:00 → 16:50:00  (60.0 s)
    [  6] W450M00S60.mp4                                          16:50:00 → 16:51:00  (60.0 s)
    [  7] W451M00S60.mp4                                          16:51:00 → 16:52:00  (60.0 s)

────────────────────────────────────────────────────────────────────────
  Segment 2 of 7   [MERGED]   →  merged_20260419_173144_2clips.mp4
  Gap from previous segment : 2384.0 s
  Wall-clock span : 17:31:44 → 17:33:00  (76.0 s)
  Content footage : 76.0 s
  File size       : 8.4 MB

  Input clips (2)
    [  1] W431M44S16.mp4                                          17:31:44 → 17:32:00  (16.0 s)
    [  2] W432M00S60.mp4                                          17:32:00 → 17:33:00  (60.0 s)

────────────────────────────────────────────────────────────────────────
  Segment 3 of 7   [MERGED]   →  merged_20260419_173701_3clips.mp4
  Gap from previous segment : 241.0 s
  Wall-clock span : 17:37:01 → 17:40:00  (179.0 s)
  Content footage : 179.0 s
  File size       : 21.8 MB

  Input clips (3)
    [  1] W437M01S59.mp4                                          17:37:01 → 17:38:00  (59.0 s)
    [  2] W438M00S60.mp4                                          17:38:00 → 17:39:00  (60.0 s)
    [  3] W439M00S60.mp4                                          17:39:00 → 17:40:00  (60.0 s)

────────────────────────────────────────────────────────────────────────
  Segment 4 of 7   [MERGED]   →  merged_20260419_175125_2clips.mp4
  Gap from previous segment : 685.0 s
  Wall-clock span : 17:51:25 → 17:53:00  (95.0 s)
  Content footage : 95.0 s
  File size       : 12.3 MB

  Input clips (2)
    [  1] W451M25S35.mp4                                          17:51:25 → 17:52:00  (35.0 s)
    [  2] W452M00S60.mp4                                          17:52:00 → 17:53:00  (60.0 s)

────────────────────────────────────────────────────────────────────────
  Segment 5 of 7   [MERGED]   →  merged_20260419_183305_115clips.mp4
  Gap from previous segment : 2405.0 s
  Wall-clock span : 18:33:05 → 20:28:00  (6895.0 s)
  Content footage : 6880.0 s
  Black filler    : 15.00 s (4 gap(s))
  Video props     : 1920x1080 239/12 fps  yuvj420p
  Audio props     : 16000 Hz  1ch
  File size       : 920.3 MB
  Dropped clips   : 2  (superseded by next clip — same start time)
    [drop] W435M00S02.mp4                                          19:35:00 → 19:35:02  (2.0 s)
    [drop] W448M01S02.mp4                                          19:48:01 → 19:48:03  (2.0 s)

  Input clips (115)
    [  1] W433M05S55.mp4                                          18:33:05 → 18:34:00  (55.0 s)
    [  2] W434M00S60.mp4                                          18:34:00 → 18:35:00  (60.0 s)
    [  3] W435M00S60.mp4                                          18:35:00 → 18:36:00  (60.0 s)
    [  4] W436M00S60.mp4                                          18:36:00 → 18:37:00  (60.0 s)
    [  5] W437M00S60.mp4                                          18:37:00 → 18:38:00  (60.0 s)
    [  6] W438M00S60.mp4                                          18:38:00 → 18:39:00  (60.0 s)
    [  7] W439M00S60.mp4                                          18:39:00 → 18:40:00  (60.0 s)
    [  8] W440M00S60.mp4                                          18:40:00 → 18:41:00  (60.0 s)
    [  9] W441M00S60.mp4                                          18:41:00 → 18:42:00  (60.0 s)
    [ 10] W442M00S60.mp4                                          18:42:00 → 18:43:00  (60.0 s)
    [ 11] W443M00S60.mp4                                          18:43:00 → 18:44:00  (60.0 s)
    [ 12] W444M00S60.mp4                                          18:44:00 → 18:45:00  (60.0 s)
    [ 13] W445M00S60.mp4                                          18:45:00 → 18:46:00  (60.0 s)
    [ 14] W446M00S60.mp4                                          18:46:00 → 18:47:00  (60.0 s)
    [ 15] W447M00S60.mp4                                          18:47:00 → 18:48:00  (60.0 s)
    [ 16] W448M00S60.mp4                                          18:48:00 → 18:49:00  (60.0 s)
    [ 17] W449M00S60.mp4                                          18:49:00 → 18:50:00  (60.0 s)
    [ 18] W450M00S60.mp4                                          18:50:00 → 18:51:00  (60.0 s)
    [ 19] W451M00S60.mp4                                          18:51:00 → 18:52:00  (60.0 s)
    [ 20] W452M00S60.mp4                                          18:52:00 → 18:53:00  (60.0 s)
    [ 21] W453M00S60.mp4                                          18:53:00 → 18:54:00  (60.0 s)
    [ 22] W454M00S60.mp4                                          18:54:00 → 18:55:00  (60.0 s)
    [ 23] W455M00S60.mp4                                          18:55:00 → 18:56:00  (60.0 s)
           ↕ gap: 6.00 s  → filled with 6.00 s black frames
    [ 24] W456M06S54.mp4                                          18:56:06 → 18:57:00  (54.0 s)
    [ 25] W457M00S60.mp4                                          18:57:00 → 18:58:00  (60.0 s)
    [ 26] W458M00S60.mp4                                          18:58:00 → 18:59:00  (60.0 s)
    [ 27] W459M00S60.mp4                                          18:59:00 → 19:00:00  (60.0 s)
    [ 28] W400M00S60.mp4                                          19:00:00 → 19:01:00  (60.0 s)
    [ 29] W401M00S60.mp4                                          19:01:00 → 19:02:00  (60.0 s)
    [ 30] W402M00S60.mp4                                          19:02:00 → 19:03:00  (60.0 s)
    [ 31] W403M00S60.mp4                                          19:03:00 → 19:04:00  (60.0 s)
    [ 32] W404M00S60.mp4                                          19:04:00 → 19:05:00  (60.0 s)
    [ 33] W405M00S60.mp4                                          19:05:00 → 19:06:00  (60.0 s)
    [ 34] W406M00S60.mp4                                          19:06:00 → 19:07:00  (60.0 s)
    [ 35] W407M00S60.mp4                                          19:07:00 → 19:08:00  (60.0 s)
    [ 36] W408M00S60.mp4                                          19:08:00 → 19:09:00  (60.0 s)
    [ 37] W409M00S60.mp4                                          19:09:00 → 19:10:00  (60.0 s)
    [ 38] W410M00S60.mp4                                          19:10:00 → 19:11:00  (60.0 s)
    [ 39] W411M00S60.mp4                                          19:11:00 → 19:12:00  (60.0 s)
    [ 40] W412M00S60.mp4                                          19:12:00 → 19:13:00  (60.0 s)
    [ 41] W413M00S60.mp4                                          19:13:00 → 19:14:00  (60.0 s)
    [ 42] W414M00S60.mp4                                          19:14:00 → 19:15:00  (60.0 s)
    [ 43] W415M00S60.mp4                                          19:15:00 → 19:16:00  (60.0 s)
    [ 44] W416M00S60.mp4                                          19:16:00 → 19:17:00  (60.0 s)
    [ 45] W417M00S60.mp4                                          19:17:00 → 19:18:00  (60.0 s)
    [ 46] W418M00S60.mp4                                          19:18:00 → 19:19:00  (60.0 s)
    [ 47] W419M00S60.mp4                                          19:19:00 → 19:20:00  (60.0 s)
           ↕ gap: 2.00 s  → filled with 2.00 s black frames
    [ 48] W420M02S58.mp4                                          19:20:02 → 19:21:00  (58.0 s)
    [ 49] W421M00S60.mp4                                          19:21:00 → 19:22:00  (60.0 s)
    [ 50] W422M00S60.mp4                                          19:22:00 → 19:23:00  (60.0 s)
    [ 51] W423M00S60.mp4                                          19:23:00 → 19:24:00  (60.0 s)
    [ 52] W424M00S60.mp4                                          19:24:00 → 19:25:00  (60.0 s)
    [ 53] W425M00S60.mp4                                          19:25:00 → 19:26:00  (60.0 s)
    [ 54] W426M00S60.mp4                                          19:26:00 → 19:27:00  (60.0 s)
    [ 55] W427M00S60.mp4                                          19:27:00 → 19:28:00  (60.0 s)
    [ 56] W428M00S60.mp4                                          19:28:00 → 19:29:00  (60.0 s)
    [ 57] W429M00S60.mp4                                          19:29:00 → 19:30:00  (60.0 s)
    [ 58] W430M00S60.mp4                                          19:30:00 → 19:31:00  (60.0 s)
    [ 59] W431M00S60.mp4                                          19:31:00 → 19:32:00  (60.0 s)
    [ 60] W432M00S60.mp4                                          19:32:00 → 19:33:00  (60.0 s)
    [ 61] W433M00S60.mp4                                          19:33:00 → 19:34:00  (60.0 s)
    [ 62] W434M00S60.mp4                                          19:34:00 → 19:35:00  (60.0 s)
    [ 63] W435M00S60.mp4                                          19:35:00 → 19:36:00  (60.0 s)
    [ 64] W436M00S60.mp4                                          19:36:00 → 19:37:00  (60.0 s)
    [ 65] W437M00S60.mp4                                          19:37:00 → 19:38:00  (60.0 s)
    [ 66] W438M00S60.mp4                                          19:38:00 → 19:39:00  (60.0 s)
    [ 67] W439M00S60.mp4                                          19:39:00 → 19:40:00  (60.0 s)
    [ 68] W440M00S60.mp4                                          19:40:00 → 19:41:00  (60.0 s)
    [ 69] W441M00S60.mp4                                          19:41:00 → 19:42:00  (60.0 s)
    [ 70] W442M00S60.mp4                                          19:42:00 → 19:43:00  (60.0 s)
    [ 71] W443M00S60.mp4                                          19:43:00 → 19:44:00  (60.0 s)
    [ 72] W444M00S60.mp4                                          19:44:00 → 19:45:00  (60.0 s)
    [ 73] W445M00S60.mp4                                          19:45:00 → 19:46:00  (60.0 s)
    [ 74] W446M00S60.mp4                                          19:46:00 → 19:47:00  (60.0 s)
    [ 75] W447M00S60.mp4                                          19:47:00 → 19:48:00  (60.0 s)
           ↕ gap: 1.00 s  → filled with 1.00 s black frames
    [ 76] W448M01S59.mp4                                          19:48:01 → 19:49:00  (59.0 s)
    [ 77] W449M00S60.mp4                                          19:49:00 → 19:50:00  (60.0 s)
    [ 78] W450M00S60.mp4                                          19:50:00 → 19:51:00  (60.0 s)
    [ 79] W451M00S60.mp4                                          19:51:00 → 19:52:00  (60.0 s)
    [ 80] W452M00S60.mp4                                          19:52:00 → 19:53:00  (60.0 s)
    [ 81] W453M00S60.mp4                                          19:53:00 → 19:54:00  (60.0 s)
    [ 82] W454M00S60.mp4                                          19:54:00 → 19:55:00  (60.0 s)
    [ 83] W455M00S60.mp4                                          19:55:00 → 19:56:00  (60.0 s)
    [ 84] W456M00S60.mp4                                          19:56:00 → 19:57:00  (60.0 s)
    [ 85] W457M00S60.mp4                                          19:57:00 → 19:58:00  (60.0 s)
    [ 86] W458M00S60.mp4                                          19:58:00 → 19:59:00  (60.0 s)
    [ 87] W459M00S60.mp4                                          19:59:00 → 20:00:00  (60.0 s)
    [ 88] W400M00S60.mp4                                          20:00:00 → 20:01:00  (60.0 s)
    [ 89] W401M00S60.mp4                                          20:01:00 → 20:02:00  (60.0 s)
    [ 90] W402M00S60.mp4                                          20:02:00 → 20:03:00  (60.0 s)
    [ 91] W403M00S60.mp4                                          20:03:00 → 20:04:00  (60.0 s)
    [ 92] W404M00S60.mp4                                          20:04:00 → 20:05:00  (60.0 s)
    [ 93] W405M00S60.mp4                                          20:05:00 → 20:06:00  (60.0 s)
    [ 94] W406M00S60.mp4                                          20:06:00 → 20:07:00  (60.0 s)
    [ 95] W407M00S60.mp4                                          20:07:00 → 20:08:00  (60.0 s)
    [ 96] W408M00S60.mp4                                          20:08:00 → 20:09:00  (60.0 s)
    [ 97] W409M00S60.mp4                                          20:09:00 → 20:10:00  (60.0 s)
    [ 98] W410M00S60.mp4                                          20:10:00 → 20:11:00  (60.0 s)
    [ 99] W411M00S60.mp4                                          20:11:00 → 20:12:00  (60.0 s)
    [100] W412M00S60.mp4                                          20:12:00 → 20:13:00  (60.0 s)
    [101] W413M00S60.mp4                                          20:13:00 → 20:14:00  (60.0 s)
    [102] W414M00S60.mp4                                          20:14:00 → 20:15:00  (60.0 s)
    [103] W415M00S60.mp4                                          20:15:00 → 20:16:00  (60.0 s)
    [104] W416M00S60.mp4                                          20:16:00 → 20:17:00  (60.0 s)
    [105] W417M00S60.mp4                                          20:17:00 → 20:18:00  (60.0 s)
           ↕ gap: 6.00 s  → filled with 6.00 s black frames
    [106] W418M06S54.mp4                                          20:18:06 → 20:19:00  (54.0 s)
    [107] W419M00S60.mp4                                          20:19:00 → 20:20:00  (60.0 s)
    [108] W420M00S60.mp4                                          20:20:00 → 20:21:00  (60.0 s)
    [109] W421M00S60.mp4                                          20:21:00 → 20:22:00  (60.0 s)
    [110] W422M00S60.mp4                                          20:22:00 → 20:23:00  (60.0 s)
    [111] W423M00S60.mp4                                          20:23:00 → 20:24:00  (60.0 s)
    [112] W424M00S60.mp4                                          20:24:00 → 20:25:00  (60.0 s)
    [113] W425M00S60.mp4                                          20:25:00 → 20:26:00  (60.0 s)
    [114] W426M00S60.mp4                                          20:26:00 → 20:27:00  (60.0 s)
    [115] W427M00S60.mp4                                          20:27:00 → 20:28:00  (60.0 s)

────────────────────────────────────────────────────────────────────────
  Segment 6 of 7   [MERGED]   →  merged_20260419_210134_2clips.mp4
  Gap from previous segment : 2014.0 s
  Wall-clock span : 21:01:34 → 21:03:00  (86.0 s)
  Content footage : 86.0 s
  File size       : 8.5 MB

  Input clips (2)
    [  1] W401M34S26.mp4                                          21:01:34 → 21:02:00  (26.0 s)
    [  2] W402M00S60.mp4                                          21:02:00 → 21:03:00  (60.0 s)

────────────────────────────────────────────────────────────────────────
  Segment 7 of 7   [SINGLE]   →  W404M58S02.mp4
  Gap from previous segment : 118.0 s
  Wall-clock span : 21:04:58 → 21:05:00  (2.0 s)
  Content footage : 2.0 s

  Input clips (1)
    [  1] W404M58S02.mp4                                          21:04:58 → 21:05:00  (2.0 s)

