Camera Merge Log  —  P11 / back_camera
  Generated     : 2026-04-29 20:10:18 UTC
  Gap tolerance : 60.0 s  |  Black fill < 60 s
  Total clips   : 248
  Segments      : 5  (merged: 5, skipped: 0, single: 0, failed: 0)
  Dropped clips : 2  (spurious trailing restart stub(s) removed)

────────────────────────────────────────────────────────────────────────
  Segment 1 of 5   [MERGED]   →  merged_20260424_124944_2clips.mp4
  Wall-clock span : 12:49:44 → 12:51:00  (76.0 s)
  Content footage : 76.0 s
  File size       : 10.1 MB

  Input clips (2)
    [  1] W449M44S16.mp4                                          12:49:44 → 12:50:00  (16.0 s)
    [  2] W450M00S60.mp4                                          12:50:00 → 12:51:00  (60.0 s)

────────────────────────────────────────────────────────────────────────
  Segment 2 of 5   [MERGED]   →  merged_20260424_125622_2clips.mp4
  Gap from previous segment : 322.0 s
  Wall-clock span : 12:56:22 → 12:58:00  (98.0 s)
  Content footage : 98.0 s
  File size       : 10.3 MB

  Input clips (2)
    [  1] W456M22S38.mp4                                          12:56:22 → 12:57:00  (38.0 s)
    [  2] W457M00S60.mp4                                          12:57:00 → 12:58:00  (60.0 s)

────────────────────────────────────────────────────────────────────────
  Segment 3 of 5   [MERGED]   →  merged_20260424_132559_60clips.mp4
  Gap from previous segment : 1679.0 s
  Wall-clock span : 13:25:59 → 14:25:00  (3541.0 s)
  Content footage : 3517.0 s
  Black filler    : 24.00 s (4 gap(s))
  Video props     : 1920x1080 239/12 fps  yuvj420p
  Audio props     : 16000 Hz  1ch
  File size       : 418.9 MB
  Dropped clips   : 2  (superseded by next clip — same start time)
    [drop] W427M00S02.mp4                                          13:27:00 → 13:27:02  (2.0 s)
    [drop] W452M00S02.mp4                                          13:52:00 → 13:52:02  (2.0 s)

  Input clips (60)
    [  1] W425M59S01.mp4                                          13:25:59 → 13:26:00  (1.0 s)
    [  2] W426M00S60.mp4                                          13:26:00 → 13:27:00  (60.0 s)
    [  3] W427M00S60.mp4                                          13:27:00 → 13:28:00  (60.0 s)
    [  4] W428M00S60.mp4                                          13:28:00 → 13:29:00  (60.0 s)
    [  5] W429M00S60.mp4                                          13:29:00 → 13:30:00  (60.0 s)
    [  6] W430M00S60.mp4                                          13:30:00 → 13:31:00  (60.0 s)
           ↕ gap: 9.00 s  → filled with 9.00 s black frames
    [  7] W431M09S51.mp4                                          13:31:09 → 13:32:00  (51.0 s)
    [  8] W432M00S60.mp4                                          13:32:00 → 13:33:00  (60.0 s)
    [  9] W433M00S60.mp4                                          13:33:00 → 13:34:00  (60.0 s)
    [ 10] W434M00S60.mp4                                          13:34:00 → 13:35:00  (60.0 s)
           ↕ gap: 3.00 s  → filled with 3.00 s black frames
    [ 11] W435M03S57.mp4                                          13:35:03 → 13:36:00  (57.0 s)
    [ 12] W436M00S60.mp4                                          13:36:00 → 13:37:00  (60.0 s)
    [ 13] W437M00S60.mp4                                          13:37:00 → 13:38:00  (60.0 s)
    [ 14] W438M00S60.mp4                                          13:38:00 → 13:39:00  (60.0 s)
    [ 15] W439M00S60.mp4                                          13:39:00 → 13:40:00  (60.0 s)
    [ 16] W440M00S60.mp4                                          13:40:00 → 13:41:00  (60.0 s)
    [ 17] W441M00S60.mp4                                          13:41:00 → 13:42:00  (60.0 s)
    [ 18] W442M00S60.mp4                                          13:42:00 → 13:43:00  (60.0 s)
    [ 19] W443M00S60.mp4                                          13:43:00 → 13:44:00  (60.0 s)
    [ 20] W444M00S60.mp4                                          13:44:00 → 13:45:00  (60.0 s)
    [ 21] W445M00S60.mp4                                          13:45:00 → 13:46:00  (60.0 s)
    [ 22] W446M00S60.mp4                                          13:46:00 → 13:47:00  (60.0 s)
    [ 23] W447M00S60.mp4                                          13:47:00 → 13:48:00  (60.0 s)
    [ 24] W448M00S60.mp4                                          13:48:00 → 13:49:00  (60.0 s)
    [ 25] W449M00S60.mp4                                          13:49:00 → 13:50:00  (60.0 s)
    [ 26] W450M00S60.mp4                                          13:50:00 → 13:51:00  (60.0 s)
    [ 27] W451M00S60.mp4                                          13:51:00 → 13:52:00  (60.0 s)
    [ 28] W452M00S60.mp4                                          13:52:00 → 13:53:00  (60.0 s)
    [ 29] W453M00S60.mp4                                          13:53:00 → 13:54:00  (60.0 s)
    [ 30] W454M00S60.mp4                                          13:54:00 → 13:55:00  (60.0 s)
    [ 31] W455M00S60.mp4                                          13:55:00 → 13:56:00  (60.0 s)
    [ 32] W456M00S60.mp4                                          13:56:00 → 13:57:00  (60.0 s)
    [ 33] W457M00S60.mp4                                          13:57:00 → 13:58:00  (60.0 s)
    [ 34] W458M00S60.mp4                                          13:58:00 → 13:59:00  (60.0 s)
    [ 35] W459M00S60.mp4                                          13:59:00 → 14:00:00  (60.0 s)
    [ 36] W400M00S60.mp4                                          14:00:00 → 14:01:00  (60.0 s)
    [ 37] W401M00S60.mp4                                          14:01:00 → 14:02:00  (60.0 s)
    [ 38] W402M00S60.mp4                                          14:02:00 → 14:03:00  (60.0 s)
    [ 39] W403M00S60.mp4                                          14:03:00 → 14:04:00  (60.0 s)
    [ 40] W404M00S60.mp4                                          14:04:00 → 14:05:00  (60.0 s)
    [ 41] W405M00S60.mp4                                          14:05:00 → 14:06:00  (60.0 s)
           ↕ gap: 11.00 s  → filled with 11.00 s black frames
    [ 42] W406M11S49.mp4                                          14:06:11 → 14:07:00  (49.0 s)
    [ 43] W407M00S60.mp4                                          14:07:00 → 14:08:00  (60.0 s)
    [ 44] W408M00S60.mp4                                          14:08:00 → 14:09:00  (60.0 s)
    [ 45] W409M00S60.mp4                                          14:09:00 → 14:10:00  (60.0 s)
    [ 46] W410M00S60.mp4                                          14:10:00 → 14:11:00  (60.0 s)
    [ 47] W411M00S60.mp4                                          14:11:00 → 14:12:00  (60.0 s)
    [ 48] W412M00S60.mp4                                          14:12:00 → 14:13:00  (60.0 s)
    [ 49] W413M00S60.mp4                                          14:13:00 → 14:14:00  (60.0 s)
    [ 50] W414M00S60.mp4                                          14:14:00 → 14:15:00  (60.0 s)
    [ 51] W415M00S60.mp4                                          14:15:00 → 14:16:00  (60.0 s)
    [ 52] W416M00S60.mp4                                          14:16:00 → 14:17:00  (60.0 s)
    [ 53] W417M00S60.mp4                                          14:17:00 → 14:18:00  (60.0 s)
           ↕ gap: 1.00 s  → filled with 1.00 s black frames
    [ 54] W418M01S59.mp4                                          14:18:01 → 14:19:00  (59.0 s)
    [ 55] W419M00S60.mp4                                          14:19:00 → 14:20:00  (60.0 s)
    [ 56] W420M00S60.mp4                                          14:20:00 → 14:21:00  (60.0 s)
    [ 57] W421M00S60.mp4                                          14:21:00 → 14:22:00  (60.0 s)
    [ 58] W422M00S60.mp4                                          14:22:00 → 14:23:00  (60.0 s)
    [ 59] W423M00S60.mp4                                          14:23:00 → 14:24:00  (60.0 s)
    [ 60] W424M00S60.mp4                                          14:24:00 → 14:25:00  (60.0 s)

────────────────────────────────────────────────────────────────────────
  Segment 4 of 5   [MERGED]   →  merged_20260424_143519_51clips.mp4
  Gap from previous segment : 619.0 s
  Wall-clock span : 14:35:19 → 15:26:00  (3041.0 s)
  Content footage : 2976.0 s
  Black filler    : 65.00 s (5 gap(s))
  Video props     : 1920x1080 239/12 fps  yuvj420p
  Audio props     : 16000 Hz  1ch
  File size       : 331.3 MB

  Input clips (51)
    [  1] W435M19S41.mp4                                          14:35:19 → 14:36:00  (41.0 s)
    [  2] W436M00S60.mp4                                          14:36:00 → 14:37:00  (60.0 s)
    [  3] W437M00S60.mp4                                          14:37:00 → 14:38:00  (60.0 s)
    [  4] W438M00S60.mp4                                          14:38:00 → 14:39:00  (60.0 s)
    [  5] W439M00S60.mp4                                          14:39:00 → 14:40:00  (60.0 s)
           ↕ gap: 19.00 s  → filled with 19.00 s black frames
    [  6] W440M19S41.mp4                                          14:40:19 → 14:41:00  (41.0 s)
    [  7] W441M00S60.mp4                                          14:41:00 → 14:42:00  (60.0 s)
           ↕ gap: 26.00 s  → filled with 26.00 s black frames
    [  8] W442M26S34.mp4                                          14:42:26 → 14:43:00  (34.0 s)
    [  9] W443M00S60.mp4                                          14:43:00 → 14:44:00  (60.0 s)
    [ 10] W444M00S60.mp4                                          14:44:00 → 14:45:00  (60.0 s)
    [ 11] W445M00S60.mp4                                          14:45:00 → 14:46:00  (60.0 s)
    [ 12] W446M00S60.mp4                                          14:46:00 → 14:47:00  (60.0 s)
    [ 13] W447M00S60.mp4                                          14:47:00 → 14:48:00  (60.0 s)
    [ 14] W448M00S60.mp4                                          14:48:00 → 14:49:00  (60.0 s)
    [ 15] W449M00S60.mp4                                          14:49:00 → 14:50:00  (60.0 s)
    [ 16] W450M00S60.mp4                                          14:50:00 → 14:51:00  (60.0 s)
    [ 17] W451M00S60.mp4                                          14:51:00 → 14:52:00  (60.0 s)
    [ 18] W452M00S60.mp4                                          14:52:00 → 14:53:00  (60.0 s)
           ↕ gap: 1.00 s  → filled with 1.00 s black frames
    [ 19] W453M01S59.mp4                                          14:53:01 → 14:54:00  (59.0 s)
    [ 20] W454M00S60.mp4                                          14:54:00 → 14:55:00  (60.0 s)
    [ 21] W455M00S60.mp4                                          14:55:00 → 14:56:00  (60.0 s)
    [ 22] W456M00S60.mp4                                          14:56:00 → 14:57:00  (60.0 s)
    [ 23] W457M00S60.mp4                                          14:57:00 → 14:58:00  (60.0 s)
    [ 24] W458M00S60.mp4                                          14:58:00 → 14:59:00  (60.0 s)
    [ 25] W459M00S60.mp4                                          14:59:00 → 15:00:00  (60.0 s)
    [ 26] W400M00S60.mp4                                          15:00:00 → 15:01:00  (60.0 s)
    [ 27] W401M00S60.mp4                                          15:01:00 → 15:02:00  (60.0 s)
    [ 28] W402M00S60.mp4                                          15:02:00 → 15:03:00  (60.0 s)
    [ 29] W403M00S60.mp4                                          15:03:00 → 15:04:00  (60.0 s)
    [ 30] W404M00S60.mp4                                          15:04:00 → 15:05:00  (60.0 s)
    [ 31] W405M00S60.mp4                                          15:05:00 → 15:06:00  (60.0 s)
    [ 32] W406M00S60.mp4                                          15:06:00 → 15:07:00  (60.0 s)
    [ 33] W407M00S60.mp4                                          15:07:00 → 15:08:00  (60.0 s)
    [ 34] W408M00S60.mp4                                          15:08:00 → 15:09:00  (60.0 s)
    [ 35] W409M00S60.mp4                                          15:09:00 → 15:10:00  (60.0 s)
    [ 36] W410M00S60.mp4                                          15:10:00 → 15:11:00  (60.0 s)
    [ 37] W411M00S60.mp4                                          15:11:00 → 15:12:00  (60.0 s)
    [ 38] W412M00S60.mp4                                          15:12:00 → 15:13:00  (60.0 s)
    [ 39] W413M00S60.mp4                                          15:13:00 → 15:14:00  (60.0 s)
           ↕ gap: 2.00 s  → filled with 2.00 s black frames
    [ 40] W414M02S58.mp4                                          15:14:02 → 15:15:00  (58.0 s)
    [ 41] W415M00S60.mp4                                          15:15:00 → 15:16:00  (60.0 s)
    [ 42] W416M00S60.mp4                                          15:16:00 → 15:17:00  (60.0 s)
    [ 43] W417M00S60.mp4                                          15:17:00 → 15:18:00  (60.0 s)
    [ 44] W418M00S60.mp4                                          15:18:00 → 15:19:00  (60.0 s)
    [ 45] W419M00S60.mp4                                          15:19:00 → 15:20:00  (60.0 s)
    [ 46] W420M00S60.mp4                                          15:20:00 → 15:21:00  (60.0 s)
    [ 47] W421M00S60.mp4                                          15:21:00 → 15:22:00  (60.0 s)
    [ 48] W422M00S60.mp4                                          15:22:00 → 15:23:00  (60.0 s)
           ↕ gap: 17.00 s  → filled with 17.00 s black frames
    [ 49] W423M17S43.mp4                                          15:23:17 → 15:24:00  (43.0 s)
    [ 50] W424M00S60.mp4                                          15:24:00 → 15:25:00  (60.0 s)
    [ 51] W425M00S60.mp4                                          15:25:00 → 15:26:00  (60.0 s)

────────────────────────────────────────────────────────────────────────
  Segment 5 of 5   [MERGED]   →  merged_20260424_152713_131clips.mp4
  Gap from previous segment : 73.0 s
  Wall-clock span : 15:27:13 → 17:38:00  (7847.0 s)
  Content footage : 7847.0 s
  File size       : 856.4 MB

  Input clips (131)
    [  1] W427M13S47.mp4                                          15:27:13 → 15:28:00  (47.0 s)
    [  2] W428M00S60.mp4                                          15:28:00 → 15:29:00  (60.0 s)
    [  3] W429M00S60.mp4                                          15:29:00 → 15:30:00  (60.0 s)
    [  4] W430M00S60.mp4                                          15:30:00 → 15:31:00  (60.0 s)
    [  5] W431M00S60.mp4                                          15:31:00 → 15:32:00  (60.0 s)
    [  6] W432M00S60.mp4                                          15:32:00 → 15:33:00  (60.0 s)
    [  7] W433M00S60.mp4                                          15:33:00 → 15:34:00  (60.0 s)
    [  8] W434M00S60.mp4                                          15:34:00 → 15:35:00  (60.0 s)
    [  9] W435M00S60.mp4                                          15:35:00 → 15:36:00  (60.0 s)
    [ 10] W436M00S60.mp4                                          15:36:00 → 15:37:00  (60.0 s)
    [ 11] W437M00S60.mp4                                          15:37:00 → 15:38:00  (60.0 s)
    [ 12] W438M00S60.mp4                                          15:38:00 → 15:39:00  (60.0 s)
    [ 13] W439M00S60.mp4                                          15:39:00 → 15:40:00  (60.0 s)
    [ 14] W440M00S60.mp4                                          15:40:00 → 15:41:00  (60.0 s)
    [ 15] W441M00S60.mp4                                          15:41:00 → 15:42:00  (60.0 s)
    [ 16] W442M00S60.mp4                                          15:42:00 → 15:43:00  (60.0 s)
    [ 17] W443M00S60.mp4                                          15:43:00 → 15:44:00  (60.0 s)
    [ 18] W444M00S60.mp4                                          15:44:00 → 15:45:00  (60.0 s)
    [ 19] W445M00S60.mp4                                          15:45:00 → 15:46:00  (60.0 s)
    [ 20] W446M00S60.mp4                                          15:46:00 → 15:47:00  (60.0 s)
    [ 21] W447M00S60.mp4                                          15:47:00 → 15:48:00  (60.0 s)
    [ 22] W448M00S60.mp4                                          15:48:00 → 15:49:00  (60.0 s)
    [ 23] W449M00S60.mp4                                          15:49:00 → 15:50:00  (60.0 s)
    [ 24] W450M00S60.mp4                                          15:50:00 → 15:51:00  (60.0 s)
    [ 25] W451M00S60.mp4                                          15:51:00 → 15:52:00  (60.0 s)
    [ 26] W452M00S60.mp4                                          15:52:00 → 15:53:00  (60.0 s)
    [ 27] W453M00S60.mp4                                          15:53:00 → 15:54:00  (60.0 s)
    [ 28] W454M00S60.mp4                                          15:54:00 → 15:55:00  (60.0 s)
    [ 29] W455M00S60.mp4                                          15:55:00 → 15:56:00  (60.0 s)
    [ 30] W456M00S60.mp4                                          15:56:00 → 15:57:00  (60.0 s)
    [ 31] W457M00S60.mp4                                          15:57:00 → 15:58:00  (60.0 s)
    [ 32] W458M00S60.mp4                                          15:58:00 → 15:59:00  (60.0 s)
    [ 33] W459M00S60.mp4                                          15:59:00 → 16:00:00  (60.0 s)
    [ 34] W400M00S60.mp4                                          16:00:00 → 16:01:00  (60.0 s)
    [ 35] W401M00S60.mp4                                          16:01:00 → 16:02:00  (60.0 s)
    [ 36] W402M00S60.mp4                                          16:02:00 → 16:03:00  (60.0 s)
    [ 37] W403M00S60.mp4                                          16:03:00 → 16:04:00  (60.0 s)
    [ 38] W404M00S60.mp4                                          16:04:00 → 16:05:00  (60.0 s)
    [ 39] W405M00S60.mp4                                          16:05:00 → 16:06:00  (60.0 s)
    [ 40] W406M00S60.mp4                                          16:06:00 → 16:07:00  (60.0 s)
    [ 41] W407M00S60.mp4                                          16:07:00 → 16:08:00  (60.0 s)
    [ 42] W408M00S60.mp4                                          16:08:00 → 16:09:00  (60.0 s)
    [ 43] W409M00S60.mp4                                          16:09:00 → 16:10:00  (60.0 s)
    [ 44] W410M00S60.mp4                                          16:10:00 → 16:11:00  (60.0 s)
    [ 45] W411M00S60.mp4                                          16:11:00 → 16:12:00  (60.0 s)
    [ 46] W412M00S60.mp4                                          16:12:00 → 16:13:00  (60.0 s)
    [ 47] W413M00S60.mp4                                          16:13:00 → 16:14:00  (60.0 s)
    [ 48] W414M00S60.mp4                                          16:14:00 → 16:15:00  (60.0 s)
    [ 49] W415M00S60.mp4                                          16:15:00 → 16:16:00  (60.0 s)
    [ 50] W416M00S60.mp4                                          16:16:00 → 16:17:00  (60.0 s)
    [ 51] W417M00S60.mp4                                          16:17:00 → 16:18:00  (60.0 s)
    [ 52] W418M00S60.mp4                                          16:18:00 → 16:19:00  (60.0 s)
    [ 53] W419M00S60.mp4                                          16:19:00 → 16:20:00  (60.0 s)
    [ 54] W420M00S60.mp4                                          16:20:00 → 16:21:00  (60.0 s)
    [ 55] W421M00S60.mp4                                          16:21:00 → 16:22:00  (60.0 s)
    [ 56] W422M00S60.mp4                                          16:22:00 → 16:23:00  (60.0 s)
    [ 57] W423M00S60.mp4                                          16:23:00 → 16:24:00  (60.0 s)
    [ 58] W424M00S60.mp4                                          16:24:00 → 16:25:00  (60.0 s)
    [ 59] W425M00S60.mp4                                          16:25:00 → 16:26:00  (60.0 s)
    [ 60] W426M00S60.mp4                                          16:26:00 → 16:27:00  (60.0 s)
    [ 61] W427M00S60.mp4                                          16:27:00 → 16:28:00  (60.0 s)
    [ 62] W428M00S60.mp4                                          16:28:00 → 16:29:00  (60.0 s)
    [ 63] W429M00S60.mp4                                          16:29:00 → 16:30:00  (60.0 s)
    [ 64] W430M00S60.mp4                                          16:30:00 → 16:31:00  (60.0 s)
    [ 65] W431M00S60.mp4                                          16:31:00 → 16:32:00  (60.0 s)
    [ 66] W432M00S60.mp4                                          16:32:00 → 16:33:00  (60.0 s)
    [ 67] W433M00S60.mp4                                          16:33:00 → 16:34:00  (60.0 s)
    [ 68] W434M00S60.mp4                                          16:34:00 → 16:35:00  (60.0 s)
    [ 69] W435M00S60.mp4                                          16:35:00 → 16:36:00  (60.0 s)
    [ 70] W436M00S60.mp4                                          16:36:00 → 16:37:00  (60.0 s)
    [ 71] W437M00S60.mp4                                          16:37:00 → 16:38:00  (60.0 s)
    [ 72] W438M00S60.mp4                                          16:38:00 → 16:39:00  (60.0 s)
    [ 73] W439M00S60.mp4                                          16:39:00 → 16:40:00  (60.0 s)
    [ 74] W440M00S60.mp4                                          16:40:00 → 16:41:00  (60.0 s)
    [ 75] W441M00S60.mp4                                          16:41:00 → 16:42:00  (60.0 s)
    [ 76] W442M00S60.mp4                                          16:42:00 → 16:43:00  (60.0 s)
    [ 77] W443M00S60.mp4                                          16:43:00 → 16:44:00  (60.0 s)
    [ 78] W444M00S60.mp4                                          16:44:00 → 16:45:00  (60.0 s)
    [ 79] W445M00S60.mp4                                          16:45:00 → 16:46:00  (60.0 s)
    [ 80] W446M00S60.mp4                                          16:46:00 → 16:47:00  (60.0 s)
    [ 81] W447M00S60.mp4                                          16:47:00 → 16:48:00  (60.0 s)
    [ 82] W448M00S60.mp4                                          16:48:00 → 16:49:00  (60.0 s)
    [ 83] W449M00S60.mp4                                          16:49:00 → 16:50:00  (60.0 s)
    [ 84] W450M00S60.mp4                                          16:50:00 → 16:51:00  (60.0 s)
    [ 85] W451M00S60.mp4                                          16:51:00 → 16:52:00  (60.0 s)
    [ 86] W452M00S60.mp4                                          16:52:00 → 16:53:00  (60.0 s)
    [ 87] W453M00S60.mp4                                          16:53:00 → 16:54:00  (60.0 s)
    [ 88] W454M00S60.mp4                                          16:54:00 → 16:55:00  (60.0 s)
    [ 89] W455M00S60.mp4                                          16:55:00 → 16:56:00  (60.0 s)
    [ 90] W456M00S60.mp4                                          16:56:00 → 16:57:00  (60.0 s)
    [ 91] W457M00S60.mp4                                          16:57:00 → 16:58:00  (60.0 s)
    [ 92] W458M00S60.mp4                                          16:58:00 → 16:59:00  (60.0 s)
    [ 93] W459M00S60.mp4                                          16:59:00 → 17:00:00  (60.0 s)
    [ 94] W400M00S60.mp4                                          17:00:00 → 17:01:00  (60.0 s)
    [ 95] W401M00S60.mp4                                          17:01:00 → 17:02:00  (60.0 s)
    [ 96] W402M00S60.mp4                                          17:02:00 → 17:03:00  (60.0 s)
    [ 97] W403M00S60.mp4                                          17:03:00 → 17:04:00  (60.0 s)
    [ 98] W404M00S60.mp4                                          17:04:00 → 17:05:00  (60.0 s)
    [ 99] W405M00S60.mp4                                          17:05:00 → 17:06:00  (60.0 s)
    [100] W406M00S60.mp4                                          17:06:00 → 17:07:00  (60.0 s)
    [101] W407M00S60.mp4                                          17:07:00 → 17:08:00  (60.0 s)
    [102] W408M00S60.mp4                                          17:08:00 → 17:09:00  (60.0 s)
    [103] W409M00S60.mp4                                          17:09:00 → 17:10:00  (60.0 s)
    [104] W410M00S60.mp4                                          17:10:00 → 17:11:00  (60.0 s)
    [105] W411M00S60.mp4                                          17:11:00 → 17:12:00  (60.0 s)
    [106] W412M00S60.mp4                                          17:12:00 → 17:13:00  (60.0 s)
    [107] W413M00S60.mp4                                          17:13:00 → 17:14:00  (60.0 s)
    [108] W414M00S60.mp4                                          17:14:00 → 17:15:00  (60.0 s)
    [109] W415M00S60.mp4                                          17:15:00 → 17:16:00  (60.0 s)
    [110] W416M00S60.mp4                                          17:16:00 → 17:17:00  (60.0 s)
    [111] W417M00S60.mp4                                          17:17:00 → 17:18:00  (60.0 s)
    [112] W418M00S60.mp4                                          17:18:00 → 17:19:00  (60.0 s)
    [113] W419M00S60.mp4                                          17:19:00 → 17:20:00  (60.0 s)
    [114] W420M00S60.mp4                                          17:20:00 → 17:21:00  (60.0 s)
    [115] W421M00S60.mp4                                          17:21:00 → 17:22:00  (60.0 s)
    [116] W422M00S60.mp4                                          17:22:00 → 17:23:00  (60.0 s)
    [117] W423M00S60.mp4                                          17:23:00 → 17:24:00  (60.0 s)
    [118] W424M00S60.mp4                                          17:24:00 → 17:25:00  (60.0 s)
    [119] W425M00S60.mp4                                          17:25:00 → 17:26:00  (60.0 s)
    [120] W426M00S60.mp4                                          17:26:00 → 17:27:00  (60.0 s)
    [121] W427M00S60.mp4                                          17:27:00 → 17:28:00  (60.0 s)
    [122] W428M00S60.mp4                                          17:28:00 → 17:29:00  (60.0 s)
    [123] W429M00S60.mp4                                          17:29:00 → 17:30:00  (60.0 s)
    [124] W430M00S60.mp4                                          17:30:00 → 17:31:00  (60.0 s)
    [125] W431M00S60.mp4                                          17:31:00 → 17:32:00  (60.0 s)
    [126] W432M00S60.mp4                                          17:32:00 → 17:33:00  (60.0 s)
    [127] W433M00S60.mp4                                          17:33:00 → 17:34:00  (60.0 s)
    [128] W434M00S60.mp4                                          17:34:00 → 17:35:00  (60.0 s)
    [129] W435M00S60.mp4                                          17:35:00 → 17:36:00  (60.0 s)
    [130] W436M00S60.mp4                                          17:36:00 → 17:37:00  (60.0 s)
    [131] W437M00S60.mp4                                          17:37:00 → 17:38:00  (60.0 s)

