Camera Merge Log  —  P10 / front_camera
  Generated     : 2026-04-29 20:10:02 UTC
  Gap tolerance : 60.0 s  |  Black fill < 60 s
  Total clips   : 143
  Segments      : 8  (merged: 8, skipped: 0, single: 0, failed: 0)

────────────────────────────────────────────────────────────────────────
  Segment 1 of 8   [MERGED]   →  merged_20260423_124512_3clips.mp4
  Wall-clock span : 12:45:12 → 12:48:00  (168.0 s)
  Content footage : 167.0 s
  Black filler    : 1.00 s (1 gap(s))
  Video props     : 1920x1080 20/1 fps  yuvj420p
  Audio props     : 16000 Hz  1ch
  File size       : 17.8 MB

  Input clips (3)
    [  1] 45M12S47.mp4                                            12:45:12 → 12:45:59  (47.0 s)
           ↕ gap: 1.00 s  → filled with 1.00 s black frames
    [  2] 46M00S60.mp4                                            12:46:00 → 12:47:00  (60.0 s)
    [  3] 47M00S60.mp4                                            12:47:00 → 12:48:00  (60.0 s)

────────────────────────────────────────────────────────────────────────
  Segment 2 of 8   [MERGED]   →  merged_20260423_125818_2clips.mp4
  Gap from previous segment : 618.0 s
  Wall-clock span : 12:58:18 → 13:00:00  (102.0 s)
  Content footage : 102.0 s
  File size       : 10.3 MB

  Input clips (2)
    [  1] 58M18S42.mp4                                            12:58:18 → 12:59:00  (42.0 s)
    [  2] 59M00S60.mp4                                            12:59:00 → 13:00:00  (60.0 s)

────────────────────────────────────────────────────────────────────────
  Segment 3 of 8   [MERGED]   →  merged_20260423_131615_13clips.mp4
  Gap from previous segment : 975.0 s
  Wall-clock span : 13:16:15 → 13:29:00  (765.0 s)
  Content footage : 765.0 s
  File size       : 85.5 MB

  Input clips (13)
    [  1] 16M15S45.mp4                                            13:16:15 → 13:17:00  (45.0 s)
    [  2] 17M00S60.mp4                                            13:17:00 → 13:18:00  (60.0 s)
    [  3] 18M00S60.mp4                                            13:18:00 → 13:19:00  (60.0 s)
    [  4] 19M00S60.mp4                                            13:19:00 → 13:20:00  (60.0 s)
    [  5] 20M00S60.mp4                                            13:20:00 → 13:21:00  (60.0 s)
    [  6] 21M00S60.mp4                                            13:21:00 → 13:22:00  (60.0 s)
    [  7] 22M00S60.mp4                                            13:22:00 → 13:23:00  (60.0 s)
    [  8] 23M00S60.mp4                                            13:23:00 → 13:24:00  (60.0 s)
    [  9] 24M00S60.mp4                                            13:24:00 → 13:25:00  (60.0 s)
    [ 10] 25M00S60.mp4                                            13:25:00 → 13:26:00  (60.0 s)
    [ 11] 26M00S60.mp4                                            13:26:00 → 13:27:00  (60.0 s)
    [ 12] 27M00S60.mp4                                            13:27:00 → 13:28:00  (60.0 s)
    [ 13] 28M00S60.mp4                                            13:28:00 → 13:29:00  (60.0 s)

────────────────────────────────────────────────────────────────────────
  Segment 4 of 8   [MERGED]   →  merged_20260423_132858_68clips.mp4
  Gap from previous segment : -2.0 s
  Wall-clock span : 13:28:58 → 14:36:00  (4022.0 s)
  Content footage : 4006.0 s
  Black filler    : 16.00 s (3 gap(s))
  Video props     : 1920x1080 20/1 fps  yuvj420p
  Audio props     : 16000 Hz  1ch
  File size       : 409.9 MB

  Input clips (68)
    [  1] 28M58S02.mp4                                            13:28:58 → 13:29:00  (2.0 s)
    [  2] 29M00S60.mp4                                            13:29:00 → 13:30:00  (60.0 s)
    [  3] 30M00S60.mp4                                            13:30:00 → 13:31:00  (60.0 s)
    [  4] 31M00S60.mp4                                            13:31:00 → 13:32:00  (60.0 s)
    [  5] 32M00S60.mp4                                            13:32:00 → 13:33:00  (60.0 s)
    [  6] 33M00S60.mp4                                            13:33:00 → 13:34:00  (60.0 s)
    [  7] 34M00S60.mp4                                            13:34:00 → 13:35:00  (60.0 s)
    [  8] 35M00S60.mp4                                            13:35:00 → 13:36:00  (60.0 s)
    [  9] 36M00S60.mp4                                            13:36:00 → 13:37:00  (60.0 s)
    [ 10] 37M00S60.mp4                                            13:37:00 → 13:38:00  (60.0 s)
    [ 11] 38M00S60.mp4                                            13:38:00 → 13:39:00  (60.0 s)
    [ 12] 39M00S60.mp4                                            13:39:00 → 13:40:00  (60.0 s)
    [ 13] 40M00S60.mp4                                            13:40:00 → 13:41:00  (60.0 s)
    [ 14] 41M00S60.mp4                                            13:41:00 → 13:42:00  (60.0 s)
    [ 15] 42M00S60.mp4                                            13:42:00 → 13:43:00  (60.0 s)
    [ 16] 43M00S60.mp4                                            13:43:00 → 13:44:00  (60.0 s)
    [ 17] 44M00S60.mp4                                            13:44:00 → 13:45:00  (60.0 s)
    [ 18] 45M00S60.mp4                                            13:45:00 → 13:46:00  (60.0 s)
    [ 19] 46M00S60.mp4                                            13:46:00 → 13:47:00  (60.0 s)
    [ 20] 47M00S60.mp4                                            13:47:00 → 13:48:00  (60.0 s)
    [ 21] 48M00S60.mp4                                            13:48:00 → 13:49:00  (60.0 s)
    [ 22] 49M00S60.mp4                                            13:49:00 → 13:50:00  (60.0 s)
           ↕ gap: 3.00 s  → filled with 3.00 s black frames
    [ 23] 50M03S57.mp4                                            13:50:03 → 13:51:00  (57.0 s)
    [ 24] 51M00S60.mp4                                            13:51:00 → 13:52:00  (60.0 s)
    [ 25] 52M00S60.mp4                                            13:52:00 → 13:53:00  (60.0 s)
    [ 26] 53M00S60.mp4                                            13:53:00 → 13:54:00  (60.0 s)
    [ 27] 54M00S60.mp4                                            13:54:00 → 13:55:00  (60.0 s)
    [ 28] 55M00S60.mp4                                            13:55:00 → 13:56:00  (60.0 s)
    [ 29] 56M00S60.mp4                                            13:56:00 → 13:57:00  (60.0 s)
    [ 30] 57M00S60.mp4                                            13:57:00 → 13:58:00  (60.0 s)
    [ 31] 58M00S60.mp4                                            13:58:00 → 13:59:00  (60.0 s)
    [ 32] 59M00S60.mp4                                            13:59:00 → 14:00:00  (60.0 s)
    [ 33] 00M00S60.mp4                                            14:00:00 → 14:01:00  (60.0 s)
    [ 34] 01M00S60.mp4                                            14:01:00 → 14:02:00  (60.0 s)
    [ 35] 02M00S60.mp4                                            14:02:00 → 14:03:00  (60.0 s)
           ↕ gap: 1.00 s  → filled with 1.00 s black frames
    [ 36] 03M01S59.mp4                                            14:03:01 → 14:04:00  (59.0 s)
    [ 37] 04M00S60.mp4                                            14:04:00 → 14:05:00  (60.0 s)
    [ 38] 05M00S60.mp4                                            14:05:00 → 14:06:00  (60.0 s)
    [ 39] 06M00S60.mp4                                            14:06:00 → 14:07:00  (60.0 s)
    [ 40] 07M00S60.mp4                                            14:07:00 → 14:08:00  (60.0 s)
    [ 41] 08M00S60.mp4                                            14:08:00 → 14:09:00  (60.0 s)
    [ 42] 09M00S60.mp4                                            14:09:00 → 14:10:00  (60.0 s)
    [ 43] 10M00S60.mp4                                            14:10:00 → 14:11:00  (60.0 s)
    [ 44] 11M00S60.mp4                                            14:11:00 → 14:12:00  (60.0 s)
    [ 45] 12M00S60.mp4                                            14:12:00 → 14:13:00  (60.0 s)
    [ 46] 13M00S60.mp4                                            14:13:00 → 14:14:00  (60.0 s)
    [ 47] 14M00S60.mp4                                            14:14:00 → 14:15:00  (60.0 s)
    [ 48] 15M00S60.mp4                                            14:15:00 → 14:16:00  (60.0 s)
    [ 49] 16M00S60.mp4                                            14:16:00 → 14:17:00  (60.0 s)
    [ 50] 17M00S60.mp4                                            14:17:00 → 14:18:00  (60.0 s)
    [ 51] 18M00S60.mp4                                            14:18:00 → 14:19:00  (60.0 s)
    [ 52] 19M00S60.mp4                                            14:19:00 → 14:20:00  (60.0 s)
    [ 53] 20M00S60.mp4                                            14:20:00 → 14:21:00  (60.0 s)
    [ 54] 21M00S60.mp4                                            14:21:00 → 14:22:00  (60.0 s)
    [ 55] 22M00S60.mp4                                            14:22:00 → 14:23:00  (60.0 s)
    [ 56] 23M00S60.mp4                                            14:23:00 → 14:24:00  (60.0 s)
           ↕ gap: 12.00 s  → filled with 12.00 s black frames
    [ 57] 24M12S48.mp4                                            14:24:12 → 14:25:00  (48.0 s)
    [ 58] 25M00S60.mp4                                            14:25:00 → 14:26:00  (60.0 s)
    [ 59] 26M00S60.mp4                                            14:26:00 → 14:27:00  (60.0 s)
    [ 60] 27M00S60.mp4                                            14:27:00 → 14:28:00  (60.0 s)
    [ 61] 28M00S60.mp4                                            14:28:00 → 14:29:00  (60.0 s)
    [ 62] 29M00S60.mp4                                            14:29:00 → 14:30:00  (60.0 s)
    [ 63] 30M00S60.mp4                                            14:30:00 → 14:31:00  (60.0 s)
    [ 64] 31M00S60.mp4                                            14:31:00 → 14:32:00  (60.0 s)
    [ 65] 32M00S60.mp4                                            14:32:00 → 14:33:00  (60.0 s)
    [ 66] 33M00S60.mp4                                            14:33:00 → 14:34:00  (60.0 s)
    [ 67] 34M00S60.mp4                                            14:34:00 → 14:35:00  (60.0 s)
    [ 68] 35M00S60.mp4                                            14:35:00 → 14:36:00  (60.0 s)

────────────────────────────────────────────────────────────────────────
  Segment 5 of 8   [MERGED]   →  merged_20260423_143558_24clips.mp4
  Gap from previous segment : -2.0 s
  Wall-clock span : 14:35:58 → 14:59:00  (1382.0 s)
  Content footage : 1337.0 s
  Black filler    : 45.00 s (1 gap(s))
  Video props     : 1920x1080 20/1 fps  yuvj420p
  Audio props     : 16000 Hz  1ch
  File size       : 133.6 MB

  Input clips (24)
    [  1] 35M58S02.mp4                                            14:35:58 → 14:36:00  (2.0 s)
    [  2] 36M00S60.mp4                                            14:36:00 → 14:37:00  (60.0 s)
    [  3] 37M00S60.mp4                                            14:37:00 → 14:38:00  (60.0 s)
    [  4] 38M00S60.mp4                                            14:38:00 → 14:39:00  (60.0 s)
    [  5] 39M00S60.mp4                                            14:39:00 → 14:40:00  (60.0 s)
    [  6] 40M00S60.mp4                                            14:40:00 → 14:41:00  (60.0 s)
    [  7] 41M00S60.mp4                                            14:41:00 → 14:42:00  (60.0 s)
    [  8] 42M00S60.mp4                                            14:42:00 → 14:43:00  (60.0 s)
    [  9] 43M00S60.mp4                                            14:43:00 → 14:44:00  (60.0 s)
    [ 10] 44M00S60.mp4                                            14:44:00 → 14:45:00  (60.0 s)
    [ 11] 45M00S60.mp4                                            14:45:00 → 14:46:00  (60.0 s)
    [ 12] 46M00S60.mp4                                            14:46:00 → 14:47:00  (60.0 s)
    [ 13] 47M00S60.mp4                                            14:47:00 → 14:48:00  (60.0 s)
    [ 14] 48M00S60.mp4                                            14:48:00 → 14:49:00  (60.0 s)
    [ 15] 49M00S60.mp4                                            14:49:00 → 14:50:00  (60.0 s)
    [ 16] 50M00S60.mp4                                            14:50:00 → 14:51:00  (60.0 s)
    [ 17] 51M00S60.mp4                                            14:51:00 → 14:52:00  (60.0 s)
    [ 18] 52M00S60.mp4                                            14:52:00 → 14:53:00  (60.0 s)
    [ 19] 53M00S60.mp4                                            14:53:00 → 14:54:00  (60.0 s)
           ↕ gap: 45.00 s  → filled with 45.00 s black frames
    [ 20] 54M45S15.mp4                                            14:54:45 → 14:55:00  (15.0 s)
    [ 21] 55M00S60.mp4                                            14:55:00 → 14:56:00  (60.0 s)
    [ 22] 56M00S60.mp4                                            14:56:00 → 14:57:00  (60.0 s)
    [ 23] 57M00S60.mp4                                            14:57:00 → 14:58:00  (60.0 s)
    [ 24] 58M00S60.mp4                                            14:58:00 → 14:59:00  (60.0 s)

────────────────────────────────────────────────────────────────────────
  Segment 6 of 8   [MERGED]   →  merged_20260423_145858_27clips.mp4
  Gap from previous segment : -2.0 s
  Wall-clock span : 14:58:58 → 15:25:00  (1562.0 s)
  Content footage : 1549.0 s
  Black filler    : 13.00 s (1 gap(s))
  Video props     : 1920x1080 20/1 fps  yuvj420p
  Audio props     : 16000 Hz  1ch
  File size       : 163.5 MB

  Input clips (27)
    [  1] 58M58S02.mp4                                            14:58:58 → 14:59:00  (2.0 s)
    [  2] 59M00S60.mp4                                            14:59:00 → 15:00:00  (60.0 s)
    [  3] 00M00S60.mp4                                            15:00:00 → 15:01:00  (60.0 s)
    [  4] 01M00S60.mp4                                            15:01:00 → 15:02:00  (60.0 s)
    [  5] 02M00S60.mp4                                            15:02:00 → 15:03:00  (60.0 s)
    [  6] 03M00S60.mp4                                            15:03:00 → 15:04:00  (60.0 s)
    [  7] 04M00S60.mp4                                            15:04:00 → 15:05:00  (60.0 s)
    [  8] 05M00S60.mp4                                            15:05:00 → 15:06:00  (60.0 s)
    [  9] 06M00S60.mp4                                            15:06:00 → 15:07:00  (60.0 s)
    [ 10] 07M00S60.mp4                                            15:07:00 → 15:08:00  (60.0 s)
    [ 11] 08M00S60.mp4                                            15:08:00 → 15:09:00  (60.0 s)
    [ 12] 09M00S60.mp4                                            15:09:00 → 15:10:00  (60.0 s)
    [ 13] 10M00S60.mp4                                            15:10:00 → 15:11:00  (60.0 s)
    [ 14] 11M00S60.mp4                                            15:11:00 → 15:12:00  (60.0 s)
    [ 15] 12M00S60.mp4                                            15:12:00 → 15:13:00  (60.0 s)
    [ 16] 13M00S60.mp4                                            15:13:00 → 15:14:00  (60.0 s)
    [ 17] 14M00S60.mp4                                            15:14:00 → 15:15:00  (60.0 s)
    [ 18] 15M00S60.mp4                                            15:15:00 → 15:16:00  (60.0 s)
    [ 19] 16M00S60.mp4                                            15:16:00 → 15:17:00  (60.0 s)
    [ 20] 17M00S60.mp4                                            15:17:00 → 15:18:00  (60.0 s)
    [ 21] 18M00S60.mp4                                            15:18:00 → 15:19:00  (60.0 s)
           ↕ gap: 13.00 s  → filled with 13.00 s black frames
    [ 22] 19M13S47.mp4                                            15:19:13 → 15:20:00  (47.0 s)
    [ 23] 20M00S60.mp4                                            15:20:00 → 15:21:00  (60.0 s)
    [ 24] 21M00S60.mp4                                            15:21:00 → 15:22:00  (60.0 s)
    [ 25] 22M00S60.mp4                                            15:22:00 → 15:23:00  (60.0 s)
    [ 26] 23M00S60.mp4                                            15:23:00 → 15:24:00  (60.0 s)
    [ 27] 24M00S60.mp4                                            15:24:00 → 15:25:00  (60.0 s)

────────────────────────────────────────────────────────────────────────
  Segment 7 of 8   [MERGED]   →  merged_20260423_153913_2clips.mp4
  Gap from previous segment : 853.0 s
  Wall-clock span : 15:39:13 → 15:41:00  (107.0 s)
  Content footage : 107.0 s
  File size       : 12.2 MB

  Input clips (2)
    [  1] 39M13S47.mp4                                            15:39:13 → 15:40:00  (47.0 s)
    [  2] 40M00S60.mp4                                            15:40:00 → 15:41:00  (60.0 s)

────────────────────────────────────────────────────────────────────────
  Segment 8 of 8   [MERGED]   →  merged_20260423_155314_4clips.mp4
  Gap from previous segment : 734.0 s
  Wall-clock span : 15:53:14 → 15:57:00  (226.0 s)
  Content footage : 226.0 s
  File size       : 28.2 MB

  Input clips (4)
    [  1] 53M14S46.mp4                                            15:53:14 → 15:54:00  (46.0 s)
    [  2] 54M00S60.mp4                                            15:54:00 → 15:55:00  (60.0 s)
    [  3] 55M00S60.mp4                                            15:55:00 → 15:56:00  (60.0 s)
    [  4] 56M00S60.mp4                                            15:56:00 → 15:57:00  (60.0 s)

