Camera Merge Log  —  P06 / back_camera
  Generated     : 2026-04-29 20:08:14 UTC
  Gap tolerance : 60.0 s  |  Black fill < 60 s
  Total clips   : 176
  Segments      : 7  (merged: 7, skipped: 0, single: 0, failed: 0)
  Dropped clips : 4  (spurious trailing restart stub(s) removed)

────────────────────────────────────────────────────────────────────────
  Segment 1 of 7   [MERGED]   →  merged_20260418_124719_6clips.mp4
  Wall-clock span : 12:47:19 → 12:53:00  (341.0 s)
  Content footage : 333.0 s
  Black filler    : 8.00 s (1 gap(s))
  Video props     : 1920x1080 239/12 fps  yuvj420p
  Audio props     : 16000 Hz  1ch
  File size       : 42.2 MB

  Input clips (6)
    [  1] W447M19S41.mp4                                          12:47:19 → 12:48:00  (41.0 s)
    [  2] W448M00S60.mp4                                          12:48:00 → 12:49:00  (60.0 s)
    [  3] W449M00S60.mp4                                          12:49:00 → 12:50:00  (60.0 s)
           ↕ gap: 8.00 s  → filled with 8.00 s black frames
    [  4] W450M08S52.mp4                                          12:50:08 → 12:51:00  (52.0 s)
    [  5] W451M00S60.mp4                                          12:51:00 → 12:52:00  (60.0 s)
    [  6] W452M00S60.mp4                                          12:52:00 → 12:53:00  (60.0 s)

────────────────────────────────────────────────────────────────────────
  Segment 2 of 7   [MERGED]   →  merged_20260418_125742_3clips.mp4
  Gap from previous segment : 282.0 s
  Wall-clock span : 12:57:42 → 13:00:00  (138.0 s)
  Content footage : 138.0 s
  File size       : 14.0 MB

  Input clips (3)
    [  1] W457M42S18.mp4                                          12:57:42 → 12:58:00  (18.0 s)
    [  2] W458M00S60.mp4                                          12:58:00 → 12:59:00  (60.0 s)
    [  3] W459M00S60.mp4                                          12:59:00 → 13:00:00  (60.0 s)

────────────────────────────────────────────────────────────────────────
  Segment 3 of 7   [MERGED]   →  merged_20260418_130412_2clips.mp4
  Gap from previous segment : 252.0 s
  Wall-clock span : 13:04:12 → 13:06:00  (108.0 s)
  Content footage : 108.0 s
  File size       : 13.1 MB

  Input clips (2)
    [  1] W404M12S48.mp4                                          13:04:12 → 13:05:00  (48.0 s)
    [  2] W405M00S60.mp4                                          13:05:00 → 13:06:00  (60.0 s)

────────────────────────────────────────────────────────────────────────
  Segment 4 of 7   [MERGED]   →  merged_20260418_131638_2clips.mp4
  Gap from previous segment : 638.0 s
  Wall-clock span : 13:16:38 → 13:18:00  (82.0 s)
  Content footage : 82.0 s
  File size       : 10.7 MB

  Input clips (2)
    [  1] W416M38S22.mp4                                          13:16:38 → 13:17:00  (22.0 s)
    [  2] W417M00S60.mp4                                          13:17:00 → 13:18:00  (60.0 s)

────────────────────────────────────────────────────────────────────────
  Segment 5 of 7   [MERGED]   →  merged_20260418_131959_23clips.mp4
  Gap from previous segment : 119.0 s
  Wall-clock span : 13:19:59 → 13:42:00  (1321.0 s)
  Content footage : 1203.0 s
  Black filler    : 118.00 s (5 gap(s))
  Video props     : 1920x1080 239/12 fps  yuvj420p
  Audio props     : 16000 Hz  1ch
  File size       : 134.8 MB

  Input clips (23)
    [  1] W419M59S01.mp4                                          13:19:59 → 13:20:00  (1.0 s)
    [  2] W420M00S60.mp4                                          13:20:00 → 13:21:00  (60.0 s)
           ↕ gap: 14.00 s  → filled with 14.00 s black frames
    [  3] W421M14S46.mp4                                          13:21:14 → 13:22:00  (46.0 s)
    [  4] W422M00S60.mp4                                          13:22:00 → 13:23:00  (60.0 s)
    [  5] W423M00S60.mp4                                          13:23:00 → 13:24:00  (60.0 s)
    [  6] W424M00S60.mp4                                          13:24:00 → 13:25:00  (60.0 s)
    [  7] W425M00S60.mp4                                          13:25:00 → 13:26:00  (60.0 s)
    [  8] W426M00S60.mp4                                          13:26:00 → 13:27:00  (60.0 s)
    [  9] W427M00S60.mp4                                          13:27:00 → 13:28:00  (60.0 s)
           ↕ gap: 17.00 s  → filled with 17.00 s black frames
    [ 10] W428M17S43.mp4                                          13:28:17 → 13:29:00  (43.0 s)
    [ 11] W429M00S60.mp4                                          13:29:00 → 13:30:00  (60.0 s)
    [ 12] W430M00S60.mp4                                          13:30:00 → 13:31:00  (60.0 s)
    [ 13] W431M00S60.mp4                                          13:31:00 → 13:32:00  (60.0 s)
    [ 14] W432M00S60.mp4                                          13:32:00 → 13:33:00  (60.0 s)
           ↕ gap: 39.00 s  → filled with 39.00 s black frames
    [ 15] W433M39S21.mp4                                          13:33:39 → 13:34:00  (21.0 s)
    [ 16] W434M00S60.mp4                                          13:34:00 → 13:35:00  (60.0 s)
           ↕ gap: 10.00 s  → filled with 10.00 s black frames
    [ 17] W435M10S50.mp4                                          13:35:10 → 13:36:00  (50.0 s)
    [ 18] W436M00S60.mp4                                          13:36:00 → 13:37:00  (60.0 s)
    [ 19] W437M00S60.mp4                                          13:37:00 → 13:38:00  (60.0 s)
    [ 20] W438M00S60.mp4                                          13:38:00 → 13:39:00  (60.0 s)
           ↕ gap: 38.00 s  → filled with 38.00 s black frames
    [ 21] W439M38S22.mp4                                          13:39:38 → 13:40:00  (22.0 s)
    [ 22] W440M00S60.mp4                                          13:40:00 → 13:41:00  (60.0 s)
    [ 23] W441M00S60.mp4                                          13:41:00 → 13:42:00  (60.0 s)

────────────────────────────────────────────────────────────────────────
  Segment 6 of 7   [MERGED]   →  merged_20260418_141254_129clips.mp4
  Gap from previous segment : 1854.0 s
  Wall-clock span : 14:12:54 → 16:20:00  (7626.0 s)
  Content footage : 7609.0 s
  Black filler    : 18.00 s (2 gap(s))
  Video props     : 1920x1080 239/12 fps  yuvj420p
  Audio props     : 16000 Hz  1ch
  File size       : 1000.1 MB
  Intra-overlaps  : 1.00 s
  Dropped clips   : 4  (superseded by next clip — same start time)
    [drop] W417M00S02.mp4                                          14:17:00 → 14:17:02  (2.0 s)
    [drop] W441M00S02.mp4                                          14:41:00 → 14:41:02  (2.0 s)
    [drop] W444M00S02.mp4                                          15:44:00 → 15:44:02  (2.0 s)
    [drop] W402M00S02.mp4                                          16:02:00 → 16:02:02  (2.0 s)

  Input clips (129)
    [  1] W412M54S06.mp4                                          14:12:54 → 14:13:00  (6.0 s)
    [  2] W413M00S60.mp4                                          14:13:00 → 14:14:00  (60.0 s)
    [  3] W414M00S60.mp4                                          14:14:00 → 14:15:00  (60.0 s)
    [  4] W415M00S60.mp4                                          14:15:00 → 14:16:00  (60.0 s)
    [  5] W416M00S60.mp4                                          14:16:00 → 14:17:00  (60.0 s)
    [  6] W417M00S60.mp4                                          14:17:00 → 14:18:00  (60.0 s)
    [  7] W418M00S60.mp4                                          14:18:00 → 14:19:00  (60.0 s)
    [  8] W419M00S60.mp4                                          14:19:00 → 14:20:00  (60.0 s)
    [  9] W420M00S60.mp4                                          14:20:00 → 14:21:00  (60.0 s)
    [ 10] W421M00S60.mp4                                          14:21:00 → 14:22:00  (60.0 s)
    [ 11] W422M00S60.mp4                                          14:22:00 → 14:23:00  (60.0 s)
    [ 12] W423M00S60.mp4                                          14:23:00 → 14:24:00  (60.0 s)
    [ 13] W424M00S60.mp4                                          14:24:00 → 14:25:00  (60.0 s)
    [ 14] W425M00S60.mp4                                          14:25:00 → 14:26:00  (60.0 s)
    [ 15] W426M00S60.mp4                                          14:26:00 → 14:27:00  (60.0 s)
    [ 16] W427M00S60.mp4                                          14:27:00 → 14:28:00  (60.0 s)
    [ 17] W428M00S60.mp4                                          14:28:00 → 14:29:00  (60.0 s)
    [ 18] W429M00S60.mp4                                          14:29:00 → 14:30:00  (60.0 s)
    [ 19] W430M00S60.mp4                                          14:30:00 → 14:31:00  (60.0 s)
    [ 20] W431M00S60.mp4                                          14:31:00 → 14:32:00  (60.0 s)
    [ 21] W432M00S60.mp4                                          14:32:00 → 14:33:00  (60.0 s)
    [ 22] W433M00S60.mp4                                          14:33:00 → 14:34:00  (60.0 s)
    [ 23] W434M00S60.mp4                                          14:34:00 → 14:35:00  (60.0 s)
    [ 24] W435M00S60.mp4                                          14:35:00 → 14:36:00  (60.0 s)
    [ 25] W436M00S60.mp4                                          14:36:00 → 14:37:00  (60.0 s)
    [ 26] W437M00S60.mp4                                          14:37:00 → 14:38:00  (60.0 s)
    [ 27] W438M00S60.mp4                                          14:38:00 → 14:39:00  (60.0 s)
    [ 28] W439M00S60.mp4                                          14:39:00 → 14:40:00  (60.0 s)
    [ 29] W440M00S60.mp4                                          14:40:00 → 14:41:00  (60.0 s)
    [ 30] W441M00S60.mp4                                          14:41:00 → 14:42:00  (60.0 s)
    [ 31] W442M00S60.mp4                                          14:42:00 → 14:43:00  (60.0 s)
    [ 32] W443M00S60.mp4                                          14:43:00 → 14:44:00  (60.0 s)
    [ 33] W444M00S60.mp4                                          14:44:00 → 14:45:00  (60.0 s)
    [ 34] W445M00S60.mp4                                          14:45:00 → 14:46:00  (60.0 s)
    [ 35] W446M00S60.mp4                                          14:46:00 → 14:47:00  (60.0 s)
    [ 36] W447M00S60.mp4                                          14:47:00 → 14:48:00  (60.0 s)
    [ 37] W448M00S60.mp4                                          14:48:00 → 14:49:00  (60.0 s)
    [ 38] W449M00S60.mp4                                          14:49:00 → 14:50:00  (60.0 s)
    [ 39] W450M00S60.mp4                                          14:50:00 → 14:51:00  (60.0 s)
    [ 40] W451M00S60.mp4                                          14:51:00 → 14:52:00  (60.0 s)
    [ 41] W452M00S60.mp4                                          14:52:00 → 14:53:00  (60.0 s)
    [ 42] W453M00S60.mp4                                          14:53:00 → 14:54:00  (60.0 s)
    [ 43] W454M00S60.mp4                                          14:54:00 → 14:55:00  (60.0 s)
    [ 44] W455M00S60.mp4                                          14:55:00 → 14:56:00  (60.0 s)
    [ 45] W456M00S60.mp4                                          14:56:00 → 14:57:00  (60.0 s)
    [ 46] W457M00S60.mp4                                          14:57:00 → 14:58:00  (60.0 s)
    [ 47] W458M00S60.mp4                                          14:58:00 → 14:59:00  (60.0 s)
    [ 48] W459M00S60.mp4                                          14:59:00 → 15:00:00  (60.0 s)
    [ 49] W400M00S60.mp4                                          15:00:00 → 15:01:00  (60.0 s)
    [ 50] W401M00S60.mp4                                          15:01:00 → 15:02:00  (60.0 s)
    [ 51] W402M00S60.mp4                                          15:02:00 → 15:03:00  (60.0 s)
           ↕ gap: 15.00 s  → filled with 15.00 s black frames
    [ 52] W403M15S45.mp4                                          15:03:15 → 15:04:00  (45.0 s)
    [ 53] W404M00S60.mp4                                          15:04:00 → 15:05:00  (60.0 s)
    [ 54] W405M00S60.mp4                                          15:05:00 → 15:06:00  (60.0 s)
    [ 55] W406M00S60.mp4                                          15:06:00 → 15:07:00  (60.0 s)
    [ 56] W407M00S60.mp4                                          15:07:00 → 15:08:00  (60.0 s)
    [ 57] W408M00S60.mp4                                          15:08:00 → 15:09:00  (60.0 s)
    [ 58] W409M00S60.mp4                                          15:09:00 → 15:10:00  (60.0 s)
    [ 59] W410M00S60.mp4                                          15:10:00 → 15:11:00  (60.0 s)
    [ 60] W411M00S60.mp4                                          15:11:00 → 15:12:00  (60.0 s)
    [ 61] W412M00S60.mp4                                          15:12:00 → 15:13:00  (60.0 s)
    [ 62] W413M00S60.mp4                                          15:13:00 → 15:14:00  (60.0 s)
    [ 63] W414M00S60.mp4                                          15:14:00 → 15:15:00  (60.0 s)
    [ 64] W415M00S60.mp4                                          15:15:00 → 15:16:00  (60.0 s)
    [ 65] W416M00S60.mp4                                          15:16:00 → 15:17:00  (60.0 s)
    [ 66] W417M00S60.mp4                                          15:17:00 → 15:18:00  (60.0 s)
    [ 67] W418M00S60.mp4                                          15:18:00 → 15:19:00  (60.0 s)
    [ 68] W419M00S60.mp4                                          15:19:00 → 15:20:00  (60.0 s)
    [ 69] W420M00S60.mp4                                          15:20:00 → 15:21:00  (60.0 s)
    [ 70] W421M00S60.mp4                                          15:21:00 → 15:22:00  (60.0 s)
    [ 71] W422M00S60.mp4                                          15:22:00 → 15:23:00  (60.0 s)
    [ 72] W423M00S60.mp4                                          15:23:00 → 15:24:00  (60.0 s)
    [ 73] W424M00S60.mp4                                          15:24:00 → 15:25:00  (60.0 s)
    [ 74] W425M00S60.mp4                                          15:25:00 → 15:26:00  (60.0 s)
           ↕ gap: 3.00 s  → filled with 3.00 s black frames
    [ 75] W426M03S57.mp4                                          15:26:03 → 15:27:00  (57.0 s)
    [ 76] W427M00S60.mp4                                          15:27:00 → 15:28:00  (60.0 s)
    [ 77] W428M00S60.mp4                                          15:28:00 → 15:29:00  (60.0 s)
    [ 78] W429M00S60.mp4                                          15:29:00 → 15:30:00  (60.0 s)
    [ 79] W430M00S60.mp4                                          15:30:00 → 15:31:00  (60.0 s)
    [ 80] W431M00S60.mp4                                          15:31:00 → 15:32:00  (60.0 s)
    [ 81] W432M00S60.mp4                                          15:32:00 → 15:33:00  (60.0 s)
    [ 82] W433M00S60.mp4                                          15:33:00 → 15:34:00  (60.0 s)
    [ 83] W434M00S60.mp4                                          15:34:00 → 15:35:00  (60.0 s)
    [ 84] W435M00S60.mp4                                          15:35:00 → 15:36:00  (60.0 s)
    [ 85] W436M00S60.mp4                                          15:36:00 → 15:37:00  (60.0 s)
    [ 86] W437M00S60.mp4                                          15:37:00 → 15:38:00  (60.0 s)
    [ 87] W438M00S60.mp4                                          15:38:00 → 15:39:00  (60.0 s)
    [ 88] W439M00S60.mp4                                          15:39:00 → 15:40:00  (60.0 s)
    [ 89] W440M00S60.mp4                                          15:40:00 → 15:41:00  (60.0 s)
    [ 90] W441M00S60.mp4                                          15:41:00 → 15:42:00  (60.0 s)
    [ 91] W442M00S60.mp4                                          15:42:00 → 15:43:00  (60.0 s)
    [ 92] W443M00S60.mp4                                          15:43:00 → 15:44:00  (60.0 s)
    [ 93] W444M00S60.mp4                                          15:44:00 → 15:45:00  (60.0 s)
    [ 94] W445M00S60.mp4                                          15:45:00 → 15:46:00  (60.0 s)
    [ 95] W446M00S60.mp4                                          15:46:00 → 15:47:00  (60.0 s)
    [ 96] W447M00S60.mp4                                          15:47:00 → 15:48:00  (60.0 s)
    [ 97] W448M00S60.mp4                                          15:48:00 → 15:49:00  (60.0 s)
    [ 98] W449M00S60.mp4                                          15:49:00 → 15:50:00  (60.0 s)
    [ 99] W450M00S60.mp4                                          15:50:00 → 15:51:00  (60.0 s)
    [100] W451M00S60.mp4                                          15:51:00 → 15:52:00  (60.0 s)
    [101] W452M00S60.mp4                                          15:52:00 → 15:53:00  (60.0 s)
    [102] W453M00S02.mp4                                          15:53:00 → 15:53:02  (2.0 s)
           ↕ overlap: 1.00 s
    [103] W453M01S59.mp4                                          15:53:01 → 15:54:00  (59.0 s)
    [104] W454M00S60.mp4                                          15:54:00 → 15:55:00  (60.0 s)
    [105] W455M00S60.mp4                                          15:55:00 → 15:56:00  (60.0 s)
    [106] W456M00S60.mp4                                          15:56:00 → 15:57:00  (60.0 s)
    [107] W457M00S60.mp4                                          15:57:00 → 15:58:00  (60.0 s)
    [108] W458M00S60.mp4                                          15:58:00 → 15:59:00  (60.0 s)
    [109] W459M00S60.mp4                                          15:59:00 → 16:00:00  (60.0 s)
    [110] W400M00S60.mp4                                          16:00:00 → 16:01:00  (60.0 s)
    [111] W401M00S60.mp4                                          16:01:00 → 16:02:00  (60.0 s)
    [112] W402M00S60.mp4                                          16:02:00 → 16:03:00  (60.0 s)
    [113] W403M00S60.mp4                                          16:03:00 → 16:04:00  (60.0 s)
    [114] W404M00S60.mp4                                          16:04:00 → 16:05:00  (60.0 s)
    [115] W405M00S60.mp4                                          16:05:00 → 16:06:00  (60.0 s)
    [116] W406M00S60.mp4                                          16:06:00 → 16:07:00  (60.0 s)
    [117] W407M00S60.mp4                                          16:07:00 → 16:08:00  (60.0 s)
    [118] W408M00S60.mp4                                          16:08:00 → 16:09:00  (60.0 s)
    [119] W409M00S60.mp4                                          16:09:00 → 16:10:00  (60.0 s)
    [120] W410M00S60.mp4                                          16:10:00 → 16:11:00  (60.0 s)
    [121] W411M00S60.mp4                                          16:11:00 → 16:12:00  (60.0 s)
    [122] W412M00S60.mp4                                          16:12:00 → 16:13:00  (60.0 s)
    [123] W413M00S60.mp4                                          16:13:00 → 16:14:00  (60.0 s)
    [124] W414M00S60.mp4                                          16:14:00 → 16:15:00  (60.0 s)
    [125] W415M00S60.mp4                                          16:15:00 → 16:16:00  (60.0 s)
    [126] W416M00S60.mp4                                          16:16:00 → 16:17:00  (60.0 s)
    [127] W417M00S60.mp4                                          16:17:00 → 16:18:00  (60.0 s)
    [128] W418M00S60.mp4                                          16:18:00 → 16:19:00  (60.0 s)
    [129] W419M00S60.mp4                                          16:19:00 → 16:20:00  (60.0 s)

────────────────────────────────────────────────────────────────────────
  Segment 7 of 7   [MERGED]   →  merged_20260418_165313_7clips.mp4
  Gap from previous segment : 1993.0 s
  Wall-clock span : 16:53:13 → 17:00:00  (407.0 s)
  Content footage : 407.0 s
  File size       : 40.4 MB

  Input clips (7)
    [  1] W453M13S47.mp4                                          16:53:13 → 16:54:00  (47.0 s)
    [  2] W454M00S60.mp4                                          16:54:00 → 16:55:00  (60.0 s)
    [  3] W455M00S60.mp4                                          16:55:00 → 16:56:00  (60.0 s)
    [  4] W456M00S60.mp4                                          16:56:00 → 16:57:00  (60.0 s)
    [  5] W457M00S60.mp4                                          16:57:00 → 16:58:00  (60.0 s)
    [  6] W458M00S60.mp4                                          16:58:00 → 16:59:00  (60.0 s)
    [  7] W459M00S60.mp4                                          16:59:00 → 17:00:00  (60.0 s)

