Camera Merge Log  —  P13 / front_camera
  Generated     : 2026-04-29 20:11:26 UTC
  Gap tolerance : 60.0 s  |  Black fill < 60 s
  Total clips   : 154
  Segments      : 8  (merged: 8, skipped: 0, single: 0, failed: 0)

────────────────────────────────────────────────────────────────────────
  Segment 1 of 8   [MERGED]   →  merged_20260427_153606_6clips.mp4
  Wall-clock span : 15:36:06 → 15:42:00  (354.0 s)
  Content footage : 352.0 s
  Black filler    : 2.00 s (1 gap(s))
  Video props     : 1920x1080 20/1 fps  yuvj420p
  Audio props     : 16000 Hz  1ch
  File size       : 48.5 MB

  Input clips (6)
    [  1] 36M06S54.mp4                                            15:36:06 → 15:37:00  (54.0 s)
    [  2] 37M00S60.mp4                                            15:37:00 → 15:38:00  (60.0 s)
    [  3] 38M00S60.mp4                                            15:38:00 → 15:39:00  (60.0 s)
    [  4] 39M00S60.mp4                                            15:39:00 → 15:40:00  (60.0 s)
           ↕ gap: 2.00 s  → filled with 2.00 s black frames
    [  5] 40M02S58.mp4                                            15:40:02 → 15:41:00  (58.0 s)
    [  6] 41M00S60.mp4                                            15:41:00 → 15:42:00  (60.0 s)

────────────────────────────────────────────────────────────────────────
  Segment 2 of 8   [MERGED]   →  merged_20260427_160000_2clips.mp4
  Gap from previous segment : 1080.0 s
  Wall-clock span : 16:00:00 → 16:02:00  (120.0 s)
  Content footage : 120.0 s
  File size       : 15.0 MB

  Input clips (2)
    [  1] 00M00S60.mp4                                            16:00:00 → 16:01:00  (60.0 s)
    [  2] 01M00S60.mp4                                            16:01:00 → 16:02:00  (60.0 s)

────────────────────────────────────────────────────────────────────────
  Segment 3 of 8   [MERGED]   →  merged_20260427_161457_2clips.mp4
  Gap from previous segment : 777.0 s
  Wall-clock span : 16:14:57 → 16:16:00  (63.0 s)
  Content footage : 63.0 s
  File size       : 7.8 MB

  Input clips (2)
    [  1] 14M57S03.mp4                                            16:14:57 → 16:15:00  (3.0 s)
    [  2] 15M00S60.mp4                                            16:15:00 → 16:16:00  (60.0 s)

────────────────────────────────────────────────────────────────────────
  Segment 4 of 8   [MERGED]   →  merged_20260427_162731_34clips.mp4
  Gap from previous segment : 691.0 s
  Wall-clock span : 16:27:31 → 17:01:00  (2009.0 s)
  Content footage : 2006.0 s
  Black filler    : 3.00 s (1 gap(s))
  Video props     : 1920x1080 20/1 fps  yuvj420p
  Audio props     : 16000 Hz  1ch
  File size       : 253.1 MB

  Input clips (34)
    [  1] 27M31S29.mp4                                            16:27:31 → 16:28:00  (29.0 s)
    [  2] 28M00S60.mp4                                            16:28:00 → 16:29:00  (60.0 s)
    [  3] 29M00S60.mp4                                            16:29:00 → 16:30:00  (60.0 s)
           ↕ gap: 3.00 s  → filled with 3.00 s black frames
    [  4] 30M03S57.mp4                                            16:30:03 → 16:31:00  (57.0 s)
    [  5] 31M00S60.mp4                                            16:31:00 → 16:32:00  (60.0 s)
    [  6] 32M00S60.mp4                                            16:32:00 → 16:33:00  (60.0 s)
    [  7] 33M00S60.mp4                                            16:33:00 → 16:34:00  (60.0 s)
    [  8] 34M00S60.mp4                                            16:34:00 → 16:35:00  (60.0 s)
    [  9] 35M00S60.mp4                                            16:35:00 → 16:36:00  (60.0 s)
    [ 10] 36M00S60.mp4                                            16:36:00 → 16:37:00  (60.0 s)
    [ 11] 37M00S60.mp4                                            16:37:00 → 16:38:00  (60.0 s)
    [ 12] 38M00S60.mp4                                            16:38:00 → 16:39:00  (60.0 s)
    [ 13] 39M00S60.mp4                                            16:39:00 → 16:40:00  (60.0 s)
    [ 14] 40M00S60.mp4                                            16:40:00 → 16:41:00  (60.0 s)
    [ 15] 41M00S60.mp4                                            16:41:00 → 16:42:00  (60.0 s)
    [ 16] 42M00S60.mp4                                            16:42:00 → 16:43:00  (60.0 s)
    [ 17] 43M00S60.mp4                                            16:43:00 → 16:44:00  (60.0 s)
    [ 18] 44M00S60.mp4                                            16:44:00 → 16:45:00  (60.0 s)
    [ 19] 45M00S60.mp4                                            16:45:00 → 16:46:00  (60.0 s)
    [ 20] 46M00S60.mp4                                            16:46:00 → 16:47:00  (60.0 s)
    [ 21] 47M00S60.mp4                                            16:47:00 → 16:48:00  (60.0 s)
    [ 22] 48M00S60.mp4                                            16:48:00 → 16:49:00  (60.0 s)
    [ 23] 49M00S60.mp4                                            16:49:00 → 16:50:00  (60.0 s)
    [ 24] 50M00S60.mp4                                            16:50:00 → 16:51:00  (60.0 s)
    [ 25] 51M00S60.mp4                                            16:51:00 → 16:52:00  (60.0 s)
    [ 26] 52M00S60.mp4                                            16:52:00 → 16:53:00  (60.0 s)
    [ 27] 53M00S60.mp4                                            16:53:00 → 16:54:00  (60.0 s)
    [ 28] 54M00S60.mp4                                            16:54:00 → 16:55:00  (60.0 s)
    [ 29] 55M00S60.mp4                                            16:55:00 → 16:56:00  (60.0 s)
    [ 30] 56M00S60.mp4                                            16:56:00 → 16:57:00  (60.0 s)
    [ 31] 57M00S60.mp4                                            16:57:00 → 16:58:00  (60.0 s)
    [ 32] 58M00S60.mp4                                            16:58:00 → 16:59:00  (60.0 s)
    [ 33] 59M00S60.mp4                                            16:59:00 → 17:00:00  (60.0 s)
    [ 34] 00M00S60.mp4                                            17:00:00 → 17:01:00  (60.0 s)

────────────────────────────────────────────────────────────────────────
  Segment 5 of 8   [MERGED]   →  merged_20260427_170058_24clips.mp4
  Gap from previous segment : -2.0 s
  Wall-clock span : 17:00:58 → 17:24:00  (1382.0 s)
  Content footage : 1382.0 s
  File size       : 167.6 MB

  Input clips (24)
    [  1] 00M58S02.mp4                                            17:00:58 → 17:01:00  (2.0 s)
    [  2] 01M00S60.mp4                                            17:01:00 → 17:02:00  (60.0 s)
    [  3] 02M00S60.mp4                                            17:02:00 → 17:03:00  (60.0 s)
    [  4] 03M00S60.mp4                                            17:03:00 → 17:04:00  (60.0 s)
    [  5] 04M00S60.mp4                                            17:04:00 → 17:05:00  (60.0 s)
    [  6] 05M00S60.mp4                                            17:05:00 → 17:06:00  (60.0 s)
    [  7] 06M00S60.mp4                                            17:06:00 → 17:07:00  (60.0 s)
    [  8] 07M00S60.mp4                                            17:07:00 → 17:08:00  (60.0 s)
    [  9] 08M00S60.mp4                                            17:08:00 → 17:09:00  (60.0 s)
    [ 10] 09M00S60.mp4                                            17:09:00 → 17:10:00  (60.0 s)
    [ 11] 10M00S60.mp4                                            17:10:00 → 17:11:00  (60.0 s)
    [ 12] 11M00S60.mp4                                            17:11:00 → 17:12:00  (60.0 s)
    [ 13] 12M00S60.mp4                                            17:12:00 → 17:13:00  (60.0 s)
    [ 14] 13M00S60.mp4                                            17:13:00 → 17:14:00  (60.0 s)
    [ 15] 14M00S60.mp4                                            17:14:00 → 17:15:00  (60.0 s)
    [ 16] 15M00S60.mp4                                            17:15:00 → 17:16:00  (60.0 s)
    [ 17] 16M00S60.mp4                                            17:16:00 → 17:17:00  (60.0 s)
    [ 18] 17M00S60.mp4                                            17:17:00 → 17:18:00  (60.0 s)
    [ 19] 18M00S60.mp4                                            17:18:00 → 17:19:00  (60.0 s)
    [ 20] 19M00S60.mp4                                            17:19:00 → 17:20:00  (60.0 s)
    [ 21] 20M00S60.mp4                                            17:20:00 → 17:21:00  (60.0 s)
    [ 22] 21M00S60.mp4                                            17:21:00 → 17:22:00  (60.0 s)
    [ 23] 22M00S60.mp4                                            17:22:00 → 17:23:00  (60.0 s)
    [ 24] 23M00S60.mp4                                            17:23:00 → 17:24:00  (60.0 s)

────────────────────────────────────────────────────────────────────────
  Segment 6 of 8   [MERGED]   →  merged_20260427_172358_77clips.mp4
  Gap from previous segment : -2.0 s
  Wall-clock span : 17:23:58 → 18:40:00  (4562.0 s)
  Content footage : 4562.0 s
  File size       : 542.7 MB

  Input clips (77)
    [  1] 23M58S02.mp4                                            17:23:58 → 17:24:00  (2.0 s)
    [  2] 24M00S60.mp4                                            17:24:00 → 17:25:00  (60.0 s)
    [  3] 25M00S60.mp4                                            17:25:00 → 17:26:00  (60.0 s)
    [  4] 26M00S60.mp4                                            17:26:00 → 17:27:00  (60.0 s)
    [  5] 27M00S60.mp4                                            17:27:00 → 17:28:00  (60.0 s)
    [  6] 28M00S60.mp4                                            17:28:00 → 17:29:00  (60.0 s)
    [  7] 29M00S60.mp4                                            17:29:00 → 17:30:00  (60.0 s)
    [  8] 30M00S60.mp4                                            17:30:00 → 17:31:00  (60.0 s)
    [  9] 31M00S60.mp4                                            17:31:00 → 17:32:00  (60.0 s)
    [ 10] 32M00S60.mp4                                            17:32:00 → 17:33:00  (60.0 s)
    [ 11] 33M00S60.mp4                                            17:33:00 → 17:34:00  (60.0 s)
    [ 12] 34M00S60.mp4                                            17:34:00 → 17:35:00  (60.0 s)
    [ 13] 35M00S60.mp4                                            17:35:00 → 17:36:00  (60.0 s)
    [ 14] 36M00S60.mp4                                            17:36:00 → 17:37:00  (60.0 s)
    [ 15] 37M00S60.mp4                                            17:37:00 → 17:38:00  (60.0 s)
    [ 16] 38M00S60.mp4                                            17:38:00 → 17:39:00  (60.0 s)
    [ 17] 39M00S60.mp4                                            17:39:00 → 17:40:00  (60.0 s)
    [ 18] 40M00S60.mp4                                            17:40:00 → 17:41:00  (60.0 s)
    [ 19] 41M00S60.mp4                                            17:41:00 → 17:42:00  (60.0 s)
    [ 20] 42M00S60.mp4                                            17:42:00 → 17:43:00  (60.0 s)
    [ 21] 43M00S60.mp4                                            17:43:00 → 17:44:00  (60.0 s)
    [ 22] 44M00S60.mp4                                            17:44:00 → 17:45:00  (60.0 s)
    [ 23] 45M00S60.mp4                                            17:45:00 → 17:46:00  (60.0 s)
    [ 24] 46M00S60.mp4                                            17:46:00 → 17:47:00  (60.0 s)
    [ 25] 47M00S60.mp4                                            17:47:00 → 17:48:00  (60.0 s)
    [ 26] 48M00S60.mp4                                            17:48:00 → 17:49:00  (60.0 s)
    [ 27] 49M00S60.mp4                                            17:49:00 → 17:50:00  (60.0 s)
    [ 28] 50M00S60.mp4                                            17:50:00 → 17:51:00  (60.0 s)
    [ 29] 51M00S60.mp4                                            17:51:00 → 17:52:00  (60.0 s)
    [ 30] 52M00S60.mp4                                            17:52:00 → 17:53:00  (60.0 s)
    [ 31] 53M00S60.mp4                                            17:53:00 → 17:54:00  (60.0 s)
    [ 32] 54M00S60.mp4                                            17:54:00 → 17:55:00  (60.0 s)
    [ 33] 55M00S60.mp4                                            17:55:00 → 17:56:00  (60.0 s)
    [ 34] 56M00S60.mp4                                            17:56:00 → 17:57:00  (60.0 s)
    [ 35] 57M00S60.mp4                                            17:57:00 → 17:58:00  (60.0 s)
    [ 36] 58M00S60.mp4                                            17:58:00 → 17:59:00  (60.0 s)
    [ 37] 59M00S60.mp4                                            17:59:00 → 18:00:00  (60.0 s)
    [ 38] 00M00S60.mp4                                            18:00:00 → 18:01:00  (60.0 s)
    [ 39] 01M00S60.mp4                                            18:01:00 → 18:02:00  (60.0 s)
    [ 40] 02M00S60.mp4                                            18:02:00 → 18:03:00  (60.0 s)
    [ 41] 03M00S60.mp4                                            18:03:00 → 18:04:00  (60.0 s)
    [ 42] 04M00S60.mp4                                            18:04:00 → 18:05:00  (60.0 s)
    [ 43] 05M00S60.mp4                                            18:05:00 → 18:06:00  (60.0 s)
    [ 44] 06M00S60.mp4                                            18:06:00 → 18:07:00  (60.0 s)
    [ 45] 07M00S60.mp4                                            18:07:00 → 18:08:00  (60.0 s)
    [ 46] 08M00S60.mp4                                            18:08:00 → 18:09:00  (60.0 s)
    [ 47] 09M00S60.mp4                                            18:09:00 → 18:10:00  (60.0 s)
    [ 48] 10M00S60.mp4                                            18:10:00 → 18:11:00  (60.0 s)
    [ 49] 11M00S60.mp4                                            18:11:00 → 18:12:00  (60.0 s)
    [ 50] 12M00S60.mp4                                            18:12:00 → 18:13:00  (60.0 s)
    [ 51] 13M00S60.mp4                                            18:13:00 → 18:14:00  (60.0 s)
    [ 52] 14M00S60.mp4                                            18:14:00 → 18:15:00  (60.0 s)
    [ 53] 15M00S60.mp4                                            18:15:00 → 18:16:00  (60.0 s)
    [ 54] 16M00S60.mp4                                            18:16:00 → 18:17:00  (60.0 s)
    [ 55] 17M00S60.mp4                                            18:17:00 → 18:18:00  (60.0 s)
    [ 56] 18M00S60.mp4                                            18:18:00 → 18:19:00  (60.0 s)
    [ 57] 19M00S60.mp4                                            18:19:00 → 18:20:00  (60.0 s)
    [ 58] 20M00S60.mp4                                            18:20:00 → 18:21:00  (60.0 s)
    [ 59] 21M00S60.mp4                                            18:21:00 → 18:22:00  (60.0 s)
    [ 60] 22M00S60.mp4                                            18:22:00 → 18:23:00  (60.0 s)
    [ 61] 23M00S60.mp4                                            18:23:00 → 18:24:00  (60.0 s)
    [ 62] 24M00S60.mp4                                            18:24:00 → 18:25:00  (60.0 s)
    [ 63] 25M00S60.mp4                                            18:25:00 → 18:26:00  (60.0 s)
    [ 64] 26M00S60.mp4                                            18:26:00 → 18:27:00  (60.0 s)
    [ 65] 27M00S60.mp4                                            18:27:00 → 18:28:00  (60.0 s)
    [ 66] 28M00S60.mp4                                            18:28:00 → 18:29:00  (60.0 s)
    [ 67] 29M00S60.mp4                                            18:29:00 → 18:30:00  (60.0 s)
    [ 68] 30M00S60.mp4                                            18:30:00 → 18:31:00  (60.0 s)
    [ 69] 31M00S60.mp4                                            18:31:00 → 18:32:00  (60.0 s)
    [ 70] 32M00S60.mp4                                            18:32:00 → 18:33:00  (60.0 s)
    [ 71] 33M00S60.mp4                                            18:33:00 → 18:34:00  (60.0 s)
    [ 72] 34M00S60.mp4                                            18:34:00 → 18:35:00  (60.0 s)
    [ 73] 35M00S60.mp4                                            18:35:00 → 18:36:00  (60.0 s)
    [ 74] 36M00S60.mp4                                            18:36:00 → 18:37:00  (60.0 s)
    [ 75] 37M00S60.mp4                                            18:37:00 → 18:38:00  (60.0 s)
    [ 76] 38M00S60.mp4                                            18:38:00 → 18:39:00  (60.0 s)
    [ 77] 39M00S60.mp4                                            18:39:00 → 18:40:00  (60.0 s)

────────────────────────────────────────────────────────────────────────
  Segment 7 of 8   [MERGED]   →  merged_20260427_183958_4clips.mp4
  Gap from previous segment : -2.0 s
  Wall-clock span : 18:39:58 → 18:43:00  (182.0 s)
  Content footage : 182.0 s
  File size       : 26.8 MB

  Input clips (4)
    [  1] 39M58S02.mp4                                            18:39:58 → 18:40:00  (2.0 s)
    [  2] 40M00S60.mp4                                            18:40:00 → 18:41:00  (60.0 s)
    [  3] 41M00S60.mp4                                            18:41:00 → 18:42:00  (60.0 s)
    [  4] 42M00S60.mp4                                            18:42:00 → 18:43:00  (60.0 s)

────────────────────────────────────────────────────────────────────────
  Segment 8 of 8   [MERGED]   →  merged_20260427_191334_5clips.mp4
  Gap from previous segment : 1834.0 s
  Wall-clock span : 19:13:34 → 19:18:00  (266.0 s)
  Content footage : 237.0 s
  Black filler    : 29.00 s (1 gap(s))
  Video props     : 1920x1080 20/1 fps  yuvj420p
  Audio props     : 16000 Hz  1ch
  File size       : 32.3 MB

  Input clips (5)
    [  1] 13M34S26.mp4                                            19:13:34 → 19:14:00  (26.0 s)
    [  2] 14M00S60.mp4                                            19:14:00 → 19:15:00  (60.0 s)
    [  3] 15M00S60.mp4                                            19:15:00 → 19:16:00  (60.0 s)
           ↕ gap: 29.00 s  → filled with 29.00 s black frames
    [  4] 16M29S31.mp4                                            19:16:29 → 19:17:00  (31.0 s)
    [  5] 17M00S60.mp4                                            19:17:00 → 19:18:00  (60.0 s)

