Camera Merge Log  —  P04 / back_camera
  Generated     : 2026-04-29 20:06:58 UTC
  Gap tolerance : 60.0 s  |  Black fill < 60 s
  Total clips   : 129
  Segments      : 5  (merged: 4, skipped: 0, single: 1, failed: 0)
  Dropped clips : 3  (spurious trailing restart stub(s) removed)

────────────────────────────────────────────────────────────────────────
  Segment 1 of 5   [SINGLE]   →  W400M00S60.mp4
  Wall-clock span : 17:00:00 → 17:01:00  (60.0 s)
  Content footage : 60.0 s

  Input clips (1)
    [  1] W400M00S60.mp4                                          17:00:00 → 17:01:00  (60.0 s)

────────────────────────────────────────────────────────────────────────
  Segment 2 of 5   [MERGED]   →  merged_20260414_170222_2clips.mp4
  Gap from previous segment : 82.0 s
  Wall-clock span : 17:02:22 → 17:04:00  (98.0 s)
  Content footage : 98.0 s
  File size       : 9.8 MB

  Input clips (2)
    [  1] W402M22S38.mp4                                          17:02:22 → 17:03:00  (38.0 s)
    [  2] W403M00S60.mp4                                          17:03:00 → 17:04:00  (60.0 s)

────────────────────────────────────────────────────────────────────────
  Segment 3 of 5   [MERGED]   →  merged_20260414_170921_2clips.mp4
  Gap from previous segment : 321.0 s
  Wall-clock span : 17:09:21 → 17:11:00  (99.0 s)
  Content footage : 99.0 s
  File size       : 10.0 MB

  Input clips (2)
    [  1] W409M21S39.mp4                                          17:09:21 → 17:10:00  (39.0 s)
    [  2] W410M00S60.mp4                                          17:10:00 → 17:11:00  (60.0 s)

────────────────────────────────────────────────────────────────────────
  Segment 4 of 5   [MERGED]   →  merged_20260414_173115_114clips.mp4
  Gap from previous segment : 1215.0 s
  Wall-clock span : 17:31:15 → 19:25:00  (6825.0 s)
  Content footage : 6758.0 s
  Black filler    : 67.00 s (3 gap(s))
  Video props     : 1920x1080 239/12 fps  yuvj420p
  Audio props     : 16000 Hz  1ch
  File size       : 784.6 MB
  Dropped clips   : 3  (superseded by next clip — same start time)
    [drop] W407M00S02.mp4                                          18:07:00 → 18:07:02  (2.0 s)
    [drop] W445M00S02.mp4                                          18:45:00 → 18:45:02  (2.0 s)
    [drop] W422M00S02.mp4                                          19:22:00 → 19:22:02  (2.0 s)

  Input clips (114)
    [  1] W431M15S45.mp4                                          17:31:15 → 17:32:00  (45.0 s)
    [  2] W432M00S60.mp4                                          17:32:00 → 17:33:00  (60.0 s)
    [  3] W433M00S60.mp4                                          17:33:00 → 17:34:00  (60.0 s)
           ↕ gap: 40.00 s  → filled with 40.00 s black frames
    [  4] W434M40S20.mp4                                          17:34:40 → 17:35:00  (20.0 s)
    [  5] W435M00S60.mp4                                          17:35:00 → 17:36:00  (60.0 s)
    [  6] W436M00S60.mp4                                          17:36:00 → 17:37:00  (60.0 s)
    [  7] W437M00S60.mp4                                          17:37:00 → 17:38:00  (60.0 s)
    [  8] W438M00S60.mp4                                          17:38:00 → 17:39:00  (60.0 s)
    [  9] W439M00S60.mp4                                          17:39:00 → 17:40:00  (60.0 s)
    [ 10] W440M00S60.mp4                                          17:40:00 → 17:41:00  (60.0 s)
    [ 11] W441M00S60.mp4                                          17:41:00 → 17:42:00  (60.0 s)
    [ 12] W442M00S60.mp4                                          17:42:00 → 17:43:00  (60.0 s)
    [ 13] W443M00S60.mp4                                          17:43:00 → 17:44:00  (60.0 s)
    [ 14] W444M00S60.mp4                                          17:44:00 → 17:45:00  (60.0 s)
    [ 15] W445M00S60.mp4                                          17:45:00 → 17:46:00  (60.0 s)
    [ 16] W446M00S60.mp4                                          17:46:00 → 17:47:00  (60.0 s)
    [ 17] W447M00S60.mp4                                          17:47:00 → 17:48:00  (60.0 s)
    [ 18] W448M00S60.mp4                                          17:48:00 → 17:49:00  (60.0 s)
    [ 19] W449M00S60.mp4                                          17:49:00 → 17:50:00  (60.0 s)
    [ 20] W450M00S60.mp4                                          17:50:00 → 17:51:00  (60.0 s)
    [ 21] W451M00S60.mp4                                          17:51:00 → 17:52:00  (60.0 s)
    [ 22] W452M00S60.mp4                                          17:52:00 → 17:53:00  (60.0 s)
    [ 23] W453M00S60.mp4                                          17:53:00 → 17:54:00  (60.0 s)
    [ 24] W454M00S60.mp4                                          17:54:00 → 17:55:00  (60.0 s)
    [ 25] W455M00S60.mp4                                          17:55:00 → 17:56:00  (60.0 s)
    [ 26] W456M00S60.mp4                                          17:56:00 → 17:57:00  (60.0 s)
    [ 27] W457M00S60.mp4                                          17:57:00 → 17:58:00  (60.0 s)
    [ 28] W458M00S60.mp4                                          17:58:00 → 17:59:00  (60.0 s)
    [ 29] W459M00S60.mp4                                          17:59:00 → 18:00:00  (60.0 s)
    [ 30] W400M00S60.mp4                                          18:00:00 → 18:01:00  (60.0 s)
    [ 31] W401M00S60.mp4                                          18:01:00 → 18:02:00  (60.0 s)
    [ 32] W402M00S60.mp4                                          18:02:00 → 18:03:00  (60.0 s)
    [ 33] W403M00S60.mp4                                          18:03:00 → 18:04:00  (60.0 s)
    [ 34] W404M00S60.mp4                                          18:04:00 → 18:05:00  (60.0 s)
    [ 35] W405M00S60.mp4                                          18:05:00 → 18:06:00  (60.0 s)
    [ 36] W406M00S60.mp4                                          18:06:00 → 18:07:00  (60.0 s)
    [ 37] W407M00S60.mp4                                          18:07:00 → 18:08:00  (60.0 s)
    [ 38] W408M00S60.mp4                                          18:08:00 → 18:09:00  (60.0 s)
    [ 39] W409M00S60.mp4                                          18:09:00 → 18:10:00  (60.0 s)
    [ 40] W410M00S60.mp4                                          18:10:00 → 18:11:00  (60.0 s)
    [ 41] W411M00S60.mp4                                          18:11:00 → 18:12:00  (60.0 s)
    [ 42] W412M00S60.mp4                                          18:12:00 → 18:13:00  (60.0 s)
    [ 43] W413M00S60.mp4                                          18:13:00 → 18:14:00  (60.0 s)
    [ 44] W414M00S60.mp4                                          18:14:00 → 18:15:00  (60.0 s)
    [ 45] W415M00S60.mp4                                          18:15:00 → 18:16:00  (60.0 s)
    [ 46] W416M00S60.mp4                                          18:16:00 → 18:17:00  (60.0 s)
    [ 47] W417M00S60.mp4                                          18:17:00 → 18:18:00  (60.0 s)
    [ 48] W418M00S60.mp4                                          18:18:00 → 18:19:00  (60.0 s)
    [ 49] W419M00S60.mp4                                          18:19:00 → 18:20:00  (60.0 s)
    [ 50] W420M00S60.mp4                                          18:20:00 → 18:21:00  (60.0 s)
    [ 51] W421M00S60.mp4                                          18:21:00 → 18:22:00  (60.0 s)
    [ 52] W422M00S60.mp4                                          18:22:00 → 18:23:00  (60.0 s)
    [ 53] W423M00S60.mp4                                          18:23:00 → 18:24:00  (60.0 s)
    [ 54] W424M00S60.mp4                                          18:24:00 → 18:25:00  (60.0 s)
    [ 55] W425M00S60.mp4                                          18:25:00 → 18:26:00  (60.0 s)
    [ 56] W426M00S60.mp4                                          18:26:00 → 18:27:00  (60.0 s)
    [ 57] W427M00S60.mp4                                          18:27:00 → 18:28:00  (60.0 s)
    [ 58] W428M00S60.mp4                                          18:28:00 → 18:29:00  (60.0 s)
    [ 59] W429M00S60.mp4                                          18:29:00 → 18:30:00  (60.0 s)
    [ 60] W430M00S60.mp4                                          18:30:00 → 18:31:00  (60.0 s)
    [ 61] W431M00S60.mp4                                          18:31:00 → 18:32:00  (60.0 s)
           ↕ gap: 26.00 s  → filled with 26.00 s black frames
    [ 62] W432M26S34.mp4                                          18:32:26 → 18:33:00  (34.0 s)
    [ 63] W433M00S60.mp4                                          18:33:00 → 18:34:00  (60.0 s)
    [ 64] W434M00S60.mp4                                          18:34:00 → 18:35:00  (60.0 s)
    [ 65] W435M00S60.mp4                                          18:35:00 → 18:36:00  (60.0 s)
    [ 66] W436M00S60.mp4                                          18:36:00 → 18:37:00  (60.0 s)
    [ 67] W437M00S60.mp4                                          18:37:00 → 18:38:00  (60.0 s)
    [ 68] W438M00S60.mp4                                          18:38:00 → 18:39:00  (60.0 s)
    [ 69] W439M00S60.mp4                                          18:39:00 → 18:40:00  (60.0 s)
    [ 70] W440M00S60.mp4                                          18:40:00 → 18:41:00  (60.0 s)
    [ 71] W441M00S60.mp4                                          18:41:00 → 18:42:00  (60.0 s)
    [ 72] W442M00S60.mp4                                          18:42:00 → 18:43:00  (60.0 s)
    [ 73] W443M00S60.mp4                                          18:43:00 → 18:44:00  (60.0 s)
    [ 74] W444M00S60.mp4                                          18:44:00 → 18:45:00  (60.0 s)
    [ 75] W445M00S60.mp4                                          18:45:00 → 18:46:00  (60.0 s)
    [ 76] W446M00S60.mp4                                          18:46:00 → 18:47:00  (60.0 s)
    [ 77] W447M00S60.mp4                                          18:47:00 → 18:48:00  (60.0 s)
    [ 78] W448M00S60.mp4                                          18:48:00 → 18:49:00  (60.0 s)
    [ 79] W449M00S60.mp4                                          18:49:00 → 18:50:00  (60.0 s)
    [ 80] W450M00S60.mp4                                          18:50:00 → 18:51:00  (60.0 s)
    [ 81] W451M00S60.mp4                                          18:51:00 → 18:52:00  (60.0 s)
    [ 82] W452M00S60.mp4                                          18:52:00 → 18:53:00  (60.0 s)
    [ 83] W453M00S60.mp4                                          18:53:00 → 18:54:00  (60.0 s)
    [ 84] W454M00S60.mp4                                          18:54:00 → 18:55:00  (60.0 s)
    [ 85] W455M00S60.mp4                                          18:55:00 → 18:56:00  (60.0 s)
    [ 86] W456M00S60.mp4                                          18:56:00 → 18:57:00  (60.0 s)
    [ 87] W457M00S60.mp4                                          18:57:00 → 18:58:00  (60.0 s)
    [ 88] W458M00S60.mp4                                          18:58:00 → 18:59:00  (60.0 s)
    [ 89] W459M00S60.mp4                                          18:59:00 → 19:00:00  (60.0 s)
    [ 90] W400M00S60.mp4                                          19:00:00 → 19:01:00  (60.0 s)
    [ 91] W401M00S60.mp4                                          19:01:00 → 19:02:00  (60.0 s)
    [ 92] W402M00S60.mp4                                          19:02:00 → 19:03:00  (60.0 s)
    [ 93] W403M00S60.mp4                                          19:03:00 → 19:04:00  (60.0 s)
           ↕ gap: 1.00 s  → filled with 1.00 s black frames
    [ 94] W404M01S59.mp4                                          19:04:01 → 19:05:00  (59.0 s)
    [ 95] W405M00S60.mp4                                          19:05:00 → 19:06:00  (60.0 s)
    [ 96] W406M00S60.mp4                                          19:06:00 → 19:07:00  (60.0 s)
    [ 97] W407M00S60.mp4                                          19:07:00 → 19:08:00  (60.0 s)
    [ 98] W408M00S60.mp4                                          19:08:00 → 19:09:00  (60.0 s)
    [ 99] W409M00S60.mp4                                          19:09:00 → 19:10:00  (60.0 s)
    [100] W410M00S60.mp4                                          19:10:00 → 19:11:00  (60.0 s)
    [101] W411M00S60.mp4                                          19:11:00 → 19:12:00  (60.0 s)
    [102] W412M00S60.mp4                                          19:12:00 → 19:13:00  (60.0 s)
    [103] W413M00S60.mp4                                          19:13:00 → 19:14:00  (60.0 s)
    [104] W414M00S60.mp4                                          19:14:00 → 19:15:00  (60.0 s)
    [105] W415M00S60.mp4                                          19:15:00 → 19:16:00  (60.0 s)
    [106] W416M00S60.mp4                                          19:16:00 → 19:17:00  (60.0 s)
    [107] W417M00S60.mp4                                          19:17:00 → 19:18:00  (60.0 s)
    [108] W418M00S60.mp4                                          19:18:00 → 19:19:00  (60.0 s)
    [109] W419M00S60.mp4                                          19:19:00 → 19:20:00  (60.0 s)
    [110] W420M00S60.mp4                                          19:20:00 → 19:21:00  (60.0 s)
    [111] W421M00S60.mp4                                          19:21:00 → 19:22:00  (60.0 s)
    [112] W422M00S60.mp4                                          19:22:00 → 19:23:00  (60.0 s)
    [113] W423M00S60.mp4                                          19:23:00 → 19:24:00  (60.0 s)
    [114] W424M00S60.mp4                                          19:24:00 → 19:25:00  (60.0 s)

────────────────────────────────────────────────────────────────────────
  Segment 5 of 5   [MERGED]   →  merged_20260414_200731_7clips.mp4
  Gap from previous segment : 2551.0 s
  Wall-clock span : 20:07:31 → 20:14:00  (389.0 s)
  Content footage : 357.0 s
  Black filler    : 32.00 s (1 gap(s))
  Video props     : 1920x1080 20/1 fps  yuvj420p
  Audio props     : 16000 Hz  1ch
  File size       : 31.2 MB

  Input clips (7)
    [  1] W407M31S29.mp4                                          20:07:31 → 20:08:00  (29.0 s)
    [  2] W408M00S60.mp4                                          20:08:00 → 20:09:00  (60.0 s)
           ↕ gap: 32.00 s  → filled with 32.00 s black frames
    [  3] W409M32S28.mp4                                          20:09:32 → 20:10:00  (28.0 s)
    [  4] W410M00S60.mp4                                          20:10:00 → 20:11:00  (60.0 s)
    [  5] W411M00S60.mp4                                          20:11:00 → 20:12:00  (60.0 s)
    [  6] W412M00S60.mp4                                          20:12:00 → 20:13:00  (60.0 s)
    [  7] W413M00S60.mp4                                          20:13:00 → 20:14:00  (60.0 s)

