Camera Merge Log  —  P04 / front_cam
  Generated     : 2026-04-29 20:07:23 UTC
  Gap tolerance : 60.0 s  |  Black fill < 60 s
  Total clips   : 180
  Segments      : 9  (merged: 9, skipped: 0, single: 0, failed: 0)

────────────────────────────────────────────────────────────────────────
  Segment 1 of 9   [MERGED]   →  merged_20260414_170139_9clips.mp4
  Wall-clock span : 17:01:39 → 17:10:00  (501.0 s)
  Content footage : 498.0 s
  Black filler    : 3.00 s (1 gap(s))
  Video props     : 1920x1080 20/1 fps  yuvj420p
  Audio props     : 16000 Hz  1ch
  File size       : 42.1 MB

  Input clips (9)
    [  1] 01M39S21.mp4                                            17:01:39 → 17:02:00  (21.0 s)
    [  2] 02M00S60.mp4                                            17:02:00 → 17:03:00  (60.0 s)
           ↕ gap: 3.00 s  → filled with 3.00 s black frames
    [  3] 03M03S57.mp4                                            17:03:03 → 17:04:00  (57.0 s)
    [  4] 04M00S60.mp4                                            17:04:00 → 17:05:00  (60.0 s)
    [  5] 05M00S60.mp4                                            17:05:00 → 17:06:00  (60.0 s)
    [  6] 06M00S60.mp4                                            17:06:00 → 17:07:00  (60.0 s)
    [  7] 07M00S60.mp4                                            17:07:00 → 17:08:00  (60.0 s)
    [  8] 08M00S60.mp4                                            17:08:00 → 17:09:00  (60.0 s)
    [  9] 09M00S60.mp4                                            17:09:00 → 17:10:00  (60.0 s)

────────────────────────────────────────────────────────────────────────
  Segment 2 of 9   [MERGED]   →  merged_20260414_170958_6clips.mp4
  Gap from previous segment : -2.0 s
  Wall-clock span : 17:09:58 → 17:15:00  (302.0 s)
  Content footage : 246.0 s
  Black filler    : 56.00 s (1 gap(s))
  Video props     : 1920x1080 20/1 fps  yuvj420p
  Audio props     : 16000 Hz  1ch
  File size       : 18.9 MB

  Input clips (6)
    [  1] 09M58S02.mp4                                            17:09:58 → 17:10:00  (2.0 s)
    [  2] 10M00S60.mp4                                            17:10:00 → 17:11:00  (60.0 s)
    [  3] 11M00S60.mp4                                            17:11:00 → 17:12:00  (60.0 s)
    [  4] 12M00S60.mp4                                            17:12:00 → 17:13:00  (60.0 s)
           ↕ gap: 56.00 s  → filled with 56.00 s black frames
    [  5] 13M56S04.mp4                                            17:13:56 → 17:14:00  (4.0 s)
    [  6] 14M00S60.mp4                                            17:14:00 → 17:15:00  (60.0 s)

────────────────────────────────────────────────────────────────────────
  Segment 3 of 9   [MERGED]   →  merged_20260414_171620_5clips.mp4
  Gap from previous segment : 80.0 s
  Wall-clock span : 17:16:20 → 17:21:00  (280.0 s)
  Content footage : 273.0 s
  Black filler    : 7.00 s (1 gap(s))
  Video props     : 1920x1080 20/1 fps  yuvj420p
  Audio props     : 16000 Hz  1ch
  File size       : 21.0 MB

  Input clips (5)
    [  1] 16M20S40.mp4                                            17:16:20 → 17:17:00  (40.0 s)
    [  2] 17M00S60.mp4                                            17:17:00 → 17:18:00  (60.0 s)
           ↕ gap: 7.00 s  → filled with 7.00 s black frames
    [  3] 18M07S53.mp4                                            17:18:07 → 17:19:00  (53.0 s)
    [  4] 19M00S60.mp4                                            17:19:00 → 17:20:00  (60.0 s)
    [  5] 20M00S60.mp4                                            17:20:00 → 17:21:00  (60.0 s)

────────────────────────────────────────────────────────────────────────
  Segment 4 of 9   [MERGED]   →  merged_20260414_172058_127clips.mp4
  Gap from previous segment : -2.0 s
  Wall-clock span : 17:20:58 → 19:27:00  (7562.0 s)
  Content footage : 7435.0 s
  Black filler    : 127.00 s (7 gap(s))
  Video props     : 1920x1080 20/1 fps  yuvj420p
  Audio props     : 16000 Hz  1ch
  File size       : 762.6 MB

  Input clips (127)
    [  1] 20M58S02.mp4                                            17:20:58 → 17:21:00  (2.0 s)
    [  2] 21M00S60.mp4                                            17:21:00 → 17:22:00  (60.0 s)
    [  3] 22M00S60.mp4                                            17:22:00 → 17:23:00  (60.0 s)
    [  4] 23M00S60.mp4                                            17:23:00 → 17:24:00  (60.0 s)
    [  5] 24M00S60.mp4                                            17:24:00 → 17:25:00  (60.0 s)
           ↕ gap: 50.00 s  → filled with 50.00 s black frames
    [  6] 25M50S10.mp4                                            17:25:50 → 17:26:00  (10.0 s)
    [  7] 26M00S60.mp4                                            17:26:00 → 17:27:00  (60.0 s)
           ↕ gap: 28.00 s  → filled with 28.00 s black frames
    [  8] 27M28S32.mp4                                            17:27:28 → 17:28:00  (32.0 s)
    [  9] 28M00S60.mp4                                            17:28:00 → 17:29:00  (60.0 s)
           ↕ gap: 36.00 s  → filled with 36.00 s black frames
    [ 10] 29M36S24.mp4                                            17:29:36 → 17:30:00  (24.0 s)
    [ 11] 30M00S60.mp4                                            17:30:00 → 17:31:00  (60.0 s)
    [ 12] 31M00S60.mp4                                            17:31:00 → 17:32:00  (60.0 s)
    [ 13] 32M00S60.mp4                                            17:32:00 → 17:33:00  (60.0 s)
           ↕ gap: 4.00 s  → filled with 4.00 s black frames
    [ 14] 33M04S56.mp4                                            17:33:04 → 17:34:00  (56.0 s)
    [ 15] 34M00S60.mp4                                            17:34:00 → 17:35:00  (60.0 s)
    [ 16] 35M00S60.mp4                                            17:35:00 → 17:36:00  (60.0 s)
    [ 17] 36M00S60.mp4                                            17:36:00 → 17:37:00  (60.0 s)
    [ 18] 37M00S60.mp4                                            17:37:00 → 17:38:00  (60.0 s)
    [ 19] 38M00S60.mp4                                            17:38:00 → 17:39:00  (60.0 s)
    [ 20] 39M00S60.mp4                                            17:39:00 → 17:40:00  (60.0 s)
    [ 21] 40M00S60.mp4                                            17:40:00 → 17:41:00  (60.0 s)
    [ 22] 41M00S60.mp4                                            17:41:00 → 17:42:00  (60.0 s)
    [ 23] 42M00S60.mp4                                            17:42:00 → 17:43:00  (60.0 s)
    [ 24] 43M00S60.mp4                                            17:43:00 → 17:44:00  (60.0 s)
    [ 25] 44M00S60.mp4                                            17:44:00 → 17:45:00  (60.0 s)
    [ 26] 45M00S60.mp4                                            17:45:00 → 17:46:00  (60.0 s)
    [ 27] 46M00S60.mp4                                            17:46:00 → 17:47:00  (60.0 s)
    [ 28] 47M00S60.mp4                                            17:47:00 → 17:48:00  (60.0 s)
    [ 29] 48M00S60.mp4                                            17:48:00 → 17:49:00  (60.0 s)
    [ 30] 49M00S60.mp4                                            17:49:00 → 17:50:00  (60.0 s)
    [ 31] 50M00S60.mp4                                            17:50:00 → 17:51:00  (60.0 s)
    [ 32] 51M00S60.mp4                                            17:51:00 → 17:52:00  (60.0 s)
    [ 33] 52M00S60.mp4                                            17:52:00 → 17:53:00  (60.0 s)
    [ 34] 53M00S60.mp4                                            17:53:00 → 17:54:00  (60.0 s)
    [ 35] 54M00S60.mp4                                            17:54:00 → 17:55:00  (60.0 s)
    [ 36] 55M00S60.mp4                                            17:55:00 → 17:56:00  (60.0 s)
    [ 37] 56M00S60.mp4                                            17:56:00 → 17:57:00  (60.0 s)
    [ 38] 57M00S60.mp4                                            17:57:00 → 17:58:00  (60.0 s)
           ↕ gap: 2.00 s  → filled with 2.00 s black frames
    [ 39] 58M02S58.mp4                                            17:58:02 → 17:59:00  (58.0 s)
    [ 40] 59M00S60.mp4                                            17:59:00 → 18:00:00  (60.0 s)
    [ 41] 00M00S60.mp4                                            18:00:00 → 18:01:00  (60.0 s)
    [ 42] 01M00S60.mp4                                            18:01:00 → 18:02:00  (60.0 s)
    [ 43] 02M00S60.mp4                                            18:02:00 → 18:03:00  (60.0 s)
    [ 44] 03M00S60.mp4                                            18:03:00 → 18:04:00  (60.0 s)
    [ 45] 04M00S60.mp4                                            18:04:00 → 18:05:00  (60.0 s)
    [ 46] 05M00S60.mp4                                            18:05:00 → 18:06:00  (60.0 s)
    [ 47] 06M00S60.mp4                                            18:06:00 → 18:07:00  (60.0 s)
    [ 48] 07M00S60.mp4                                            18:07:00 → 18:08:00  (60.0 s)
    [ 49] 08M00S60.mp4                                            18:08:00 → 18:09:00  (60.0 s)
    [ 50] 09M00S60.mp4                                            18:09:00 → 18:10:00  (60.0 s)
    [ 51] 10M00S60.mp4                                            18:10:00 → 18:11:00  (60.0 s)
    [ 52] 11M00S60.mp4                                            18:11:00 → 18:12:00  (60.0 s)
    [ 53] 12M00S60.mp4                                            18:12:00 → 18:13:00  (60.0 s)
    [ 54] 13M00S60.mp4                                            18:13:00 → 18:14:00  (60.0 s)
    [ 55] 14M00S60.mp4                                            18:14:00 → 18:15:00  (60.0 s)
    [ 56] 15M00S60.mp4                                            18:15:00 → 18:16:00  (60.0 s)
    [ 57] 16M00S60.mp4                                            18:16:00 → 18:17:00  (60.0 s)
    [ 58] 17M00S60.mp4                                            18:17:00 → 18:18:00  (60.0 s)
    [ 59] 18M00S60.mp4                                            18:18:00 → 18:19:00  (60.0 s)
    [ 60] 19M00S60.mp4                                            18:19:00 → 18:20:00  (60.0 s)
    [ 61] 20M00S60.mp4                                            18:20:00 → 18:21:00  (60.0 s)
    [ 62] 21M00S60.mp4                                            18:21:00 → 18:22:00  (60.0 s)
    [ 63] 22M00S60.mp4                                            18:22:00 → 18:23:00  (60.0 s)
    [ 64] 23M00S60.mp4                                            18:23:00 → 18:24:00  (60.0 s)
    [ 65] 24M00S60.mp4                                            18:24:00 → 18:25:00  (60.0 s)
    [ 66] 25M00S60.mp4                                            18:25:00 → 18:26:00  (60.0 s)
    [ 67] 26M00S60.mp4                                            18:26:00 → 18:27:00  (60.0 s)
    [ 68] 27M00S60.mp4                                            18:27:00 → 18:28:00  (60.0 s)
    [ 69] 28M00S60.mp4                                            18:28:00 → 18:29:00  (60.0 s)
    [ 70] 29M00S60.mp4                                            18:29:00 → 18:30:00  (60.0 s)
    [ 71] 30M00S60.mp4                                            18:30:00 → 18:31:00  (60.0 s)
    [ 72] 31M00S60.mp4                                            18:31:00 → 18:32:00  (60.0 s)
    [ 73] 32M00S60.mp4                                            18:32:00 → 18:33:00  (60.0 s)
    [ 74] 33M00S60.mp4                                            18:33:00 → 18:34:00  (60.0 s)
           ↕ gap: 2.00 s  → filled with 2.00 s black frames
    [ 75] 34M02S58.mp4                                            18:34:02 → 18:35:00  (58.0 s)
    [ 76] 35M00S60.mp4                                            18:35:00 → 18:36:00  (60.0 s)
    [ 77] 36M00S60.mp4                                            18:36:00 → 18:37:00  (60.0 s)
    [ 78] 37M00S60.mp4                                            18:37:00 → 18:38:00  (60.0 s)
    [ 79] 38M00S60.mp4                                            18:38:00 → 18:39:00  (60.0 s)
    [ 80] 39M00S60.mp4                                            18:39:00 → 18:40:00  (60.0 s)
    [ 81] 40M00S60.mp4                                            18:40:00 → 18:41:00  (60.0 s)
    [ 82] 41M00S60.mp4                                            18:41:00 → 18:42:00  (60.0 s)
    [ 83] 42M00S60.mp4                                            18:42:00 → 18:43:00  (60.0 s)
    [ 84] 43M00S60.mp4                                            18:43:00 → 18:44:00  (60.0 s)
    [ 85] 44M00S60.mp4                                            18:44:00 → 18:45:00  (60.0 s)
    [ 86] 45M00S60.mp4                                            18:45:00 → 18:46:00  (60.0 s)
    [ 87] 46M00S60.mp4                                            18:46:00 → 18:47:00  (60.0 s)
    [ 88] 47M00S60.mp4                                            18:47:00 → 18:48:00  (60.0 s)
    [ 89] 48M00S60.mp4                                            18:48:00 → 18:49:00  (60.0 s)
    [ 90] 49M00S60.mp4                                            18:49:00 → 18:50:00  (60.0 s)
    [ 91] 50M00S60.mp4                                            18:50:00 → 18:51:00  (60.0 s)
    [ 92] 51M00S60.mp4                                            18:51:00 → 18:52:00  (60.0 s)
    [ 93] 52M00S60.mp4                                            18:52:00 → 18:53:00  (60.0 s)
    [ 94] 53M00S60.mp4                                            18:53:00 → 18:54:00  (60.0 s)
    [ 95] 54M00S60.mp4                                            18:54:00 → 18:55:00  (60.0 s)
    [ 96] 55M00S60.mp4                                            18:55:00 → 18:56:00  (60.0 s)
    [ 97] 56M00S60.mp4                                            18:56:00 → 18:57:00  (60.0 s)
    [ 98] 57M00S60.mp4                                            18:57:00 → 18:58:00  (60.0 s)
    [ 99] 58M00S60.mp4                                            18:58:00 → 18:59:00  (60.0 s)
    [100] 59M00S60.mp4                                            18:59:00 → 19:00:00  (60.0 s)
    [101] 00M00S60.mp4                                            19:00:00 → 19:01:00  (60.0 s)
    [102] 01M00S60.mp4                                            19:01:00 → 19:02:00  (60.0 s)
    [103] 02M00S60.mp4                                            19:02:00 → 19:03:00  (60.0 s)
    [104] 03M00S60.mp4                                            19:03:00 → 19:04:00  (60.0 s)
    [105] 04M00S60.mp4                                            19:04:00 → 19:05:00  (60.0 s)
    [106] 05M00S60.mp4                                            19:05:00 → 19:06:00  (60.0 s)
    [107] 06M00S60.mp4                                            19:06:00 → 19:07:00  (60.0 s)
    [108] 07M00S60.mp4                                            19:07:00 → 19:08:00  (60.0 s)
    [109] 08M00S60.mp4                                            19:08:00 → 19:09:00  (60.0 s)
    [110] 09M00S60.mp4                                            19:09:00 → 19:10:00  (60.0 s)
    [111] 10M00S60.mp4                                            19:10:00 → 19:11:00  (60.0 s)
    [112] 11M00S60.mp4                                            19:11:00 → 19:12:00  (60.0 s)
    [113] 12M00S60.mp4                                            19:12:00 → 19:13:00  (60.0 s)
    [114] 13M00S60.mp4                                            19:13:00 → 19:14:00  (60.0 s)
    [115] 14M00S60.mp4                                            19:14:00 → 19:15:00  (60.0 s)
    [116] 15M00S60.mp4                                            19:15:00 → 19:16:00  (60.0 s)
    [117] 16M00S60.mp4                                            19:16:00 → 19:17:00  (60.0 s)
    [118] 17M00S60.mp4                                            19:17:00 → 19:18:00  (60.0 s)
    [119] 18M00S60.mp4                                            19:18:00 → 19:19:00  (60.0 s)
    [120] 19M00S60.mp4                                            19:19:00 → 19:20:00  (60.0 s)
    [121] 20M00S60.mp4                                            19:20:00 → 19:21:00  (60.0 s)
    [122] 21M00S60.mp4                                            19:21:00 → 19:22:00  (60.0 s)
    [123] 22M00S60.mp4                                            19:22:00 → 19:23:00  (60.0 s)
    [124] 23M00S60.mp4                                            19:23:00 → 19:24:00  (60.0 s)
    [125] 24M00S60.mp4                                            19:24:00 → 19:25:00  (60.0 s)
           ↕ gap: 5.00 s  → filled with 5.00 s black frames
    [126] 25M05S55.mp4                                            19:25:05 → 19:26:00  (55.0 s)
    [127] 26M00S60.mp4                                            19:26:00 → 19:27:00  (60.0 s)

────────────────────────────────────────────────────────────────────────
  Segment 5 of 9   [MERGED]   →  merged_20260414_192923_5clips.mp4
  Gap from previous segment : 143.0 s
  Wall-clock span : 19:29:23 → 19:34:00  (277.0 s)
  Content footage : 246.0 s
  Black filler    : 31.00 s (1 gap(s))
  Video props     : 1920x1080 20/1 fps  yuvj420p
  Audio props     : 16000 Hz  1ch
  File size       : 17.5 MB

  Input clips (5)
    [  1] 29M23S37.mp4                                            19:29:23 → 19:30:00  (37.0 s)
    [  2] 30M00S60.mp4                                            19:30:00 → 19:31:00  (60.0 s)
           ↕ gap: 31.00 s  → filled with 31.00 s black frames
    [  3] 31M31S29.mp4                                            19:31:31 → 19:32:00  (29.0 s)
    [  4] 32M00S60.mp4                                            19:32:00 → 19:33:00  (60.0 s)
    [  5] 33M00S60.mp4                                            19:33:00 → 19:34:00  (60.0 s)

────────────────────────────────────────────────────────────────────────
  Segment 6 of 9   [MERGED]   →  merged_20260414_193610_3clips.mp4
  Gap from previous segment : 130.0 s
  Wall-clock span : 19:36:10 → 19:39:00  (170.0 s)
  Content footage : 170.0 s
  File size       : 12.9 MB

  Input clips (3)
    [  1] 36M10S50.mp4                                            19:36:10 → 19:37:00  (50.0 s)
    [  2] 37M00S60.mp4                                            19:37:00 → 19:38:00  (60.0 s)
    [  3] 38M00S60.mp4                                            19:38:00 → 19:39:00  (60.0 s)

────────────────────────────────────────────────────────────────────────
  Segment 7 of 9   [MERGED]   →  merged_20260414_194122_13clips.mp4
  Gap from previous segment : 142.0 s
  Wall-clock span : 19:41:22 → 19:54:00  (758.0 s)
  Content footage : 579.0 s
  Black filler    : 179.00 s (5 gap(s))
  Video props     : 1920x1080 20/1 fps  yuvj420p
  Audio props     : 16000 Hz  1ch
  File size       : 43.2 MB

  Input clips (13)
    [  1] 41M22S38.mp4                                            19:41:22 → 19:42:00  (38.0 s)
    [  2] 42M00S60.mp4                                            19:42:00 → 19:43:00  (60.0 s)
    [  3] 43M00S60.mp4                                            19:43:00 → 19:44:00  (60.0 s)
           ↕ gap: 23.00 s  → filled with 23.00 s black frames
    [  4] 44M23S37.mp4                                            19:44:23 → 19:45:00  (37.0 s)
    [  5] 45M00S60.mp4                                            19:45:00 → 19:46:00  (60.0 s)
           ↕ gap: 51.00 s  → filled with 51.00 s black frames
    [  6] 46M51S09.mp4                                            19:46:51 → 19:47:00  (9.0 s)
    [  7] 47M00S60.mp4                                            19:47:00 → 19:48:00  (60.0 s)
           ↕ gap: 22.00 s  → filled with 22.00 s black frames
    [  8] 48M22S38.mp4                                            19:48:22 → 19:49:00  (38.0 s)
    [  9] 49M00S60.mp4                                            19:49:00 → 19:50:00  (60.0 s)
           ↕ gap: 27.00 s  → filled with 27.00 s black frames
    [ 10] 50M27S33.mp4                                            19:50:27 → 19:51:00  (33.0 s)
    [ 11] 51M00S60.mp4                                            19:51:00 → 19:52:00  (60.0 s)
           ↕ gap: 56.00 s  → filled with 56.00 s black frames
    [ 12] 52M56S04.mp4                                            19:52:56 → 19:53:00  (4.0 s)
    [ 13] 53M00S60.mp4                                            19:53:00 → 19:54:00  (60.0 s)

────────────────────────────────────────────────────────────────────────
  Segment 8 of 9   [MERGED]   →  merged_20260414_195505_3clips.mp4
  Gap from previous segment : 65.0 s
  Wall-clock span : 19:55:05 → 19:58:00  (175.0 s)
  Content footage : 175.0 s
  File size       : 12.7 MB

  Input clips (3)
    [  1] 55M05S55.mp4                                            19:55:05 → 19:56:00  (55.0 s)
    [  2] 56M00S60.mp4                                            19:56:00 → 19:57:00  (60.0 s)
    [  3] 57M00S60.mp4                                            19:57:00 → 19:58:00  (60.0 s)

────────────────────────────────────────────────────────────────────────
  Segment 9 of 9   [MERGED]   →  merged_20260414_200540_9clips.mp4
  Gap from previous segment : 460.0 s
  Wall-clock span : 20:05:40 → 20:14:00  (500.0 s)
  Content footage : 459.0 s
  Black filler    : 41.00 s (2 gap(s))
  Video props     : 1920x1080 20/1 fps  yuvj420p
  Audio props     : 16000 Hz  1ch
  File size       : 35.2 MB

  Input clips (9)
    [  1] 05M40S20.mp4                                            20:05:40 → 20:06:00  (20.0 s)
    [  2] 06M00S60.mp4                                            20:06:00 → 20:07:00  (60.0 s)
           ↕ gap: 22.00 s  → filled with 22.00 s black frames
    [  3] 07M22S38.mp4                                            20:07:22 → 20:08:00  (38.0 s)
    [  4] 08M00S60.mp4                                            20:08:00 → 20:09:00  (60.0 s)
    [  5] 09M00S60.mp4                                            20:09:00 → 20:10:00  (60.0 s)
    [  6] 10M00S60.mp4                                            20:10:00 → 20:11:00  (60.0 s)
    [  7] 11M00S60.mp4                                            20:11:00 → 20:12:00  (60.0 s)
           ↕ gap: 19.00 s  → filled with 19.00 s black frames
    [  8] 12M19S41.mp4                                            20:12:19 → 20:13:00  (41.0 s)
    [  9] 13M00S60.mp4                                            20:13:00 → 20:14:00  (60.0 s)

