Camera Merge Log  —  P06 / front_camera
  Generated     : 2026-04-29 20:08:30 UTC
  Gap tolerance : 60.0 s  |  Black fill < 60 s
  Total clips   : 181
  Segments      : 12  (merged: 12, skipped: 0, single: 0, failed: 0)

────────────────────────────────────────────────────────────────────────
  Segment 1 of 12   [MERGED]   →  merged_20260418_124735_6clips.mp4
  Wall-clock span : 12:47:35 → 12:53:00  (325.0 s)
  Content footage : 321.0 s
  Black filler    : 4.00 s (1 gap(s))
  Video props     : 1920x1080 20/1 fps  yuvj420p
  Audio props     : 16000 Hz  1ch
  File size       : 43.6 MB

  Input clips (6)
    [  1] 47M35S25.mp4                                            12:47:35 → 12:48:00  (25.0 s)
    [  2] 48M00S60.mp4                                            12:48:00 → 12:49:00  (60.0 s)
    [  3] 49M00S60.mp4                                            12:49:00 → 12:50:00  (60.0 s)
           ↕ gap: 4.00 s  → filled with 4.00 s black frames
    [  4] 50M04S56.mp4                                            12:50:04 → 12:51:00  (56.0 s)
    [  5] 51M00S60.mp4                                            12:51:00 → 12:52:00  (60.0 s)
    [  6] 52M00S60.mp4                                            12:52:00 → 12:53:00  (60.0 s)

────────────────────────────────────────────────────────────────────────
  Segment 2 of 12   [MERGED]   →  merged_20260418_130409_2clips.mp4
  Gap from previous segment : 669.0 s
  Wall-clock span : 13:04:09 → 13:06:00  (111.0 s)
  Content footage : 111.0 s
  File size       : 16.5 MB

  Input clips (2)
    [  1] 04M09S51.mp4                                            13:04:09 → 13:05:00  (51.0 s)
    [  2] 05M00S60.mp4                                            13:05:00 → 13:06:00  (60.0 s)

────────────────────────────────────────────────────────────────────────
  Segment 3 of 12   [MERGED]   →  merged_20260418_131635_2clips.mp4
  Gap from previous segment : 635.0 s
  Wall-clock span : 13:16:35 → 13:18:00  (85.0 s)
  Content footage : 85.0 s
  File size       : 10.6 MB

  Input clips (2)
    [  1] 16M35S25.mp4                                            13:16:35 → 13:17:00  (25.0 s)
    [  2] 17M00S60.mp4                                            13:17:00 → 13:18:00  (60.0 s)

────────────────────────────────────────────────────────────────────────
  Segment 4 of 12   [MERGED]   →  merged_20260418_131956_24clips.mp4
  Gap from previous segment : 116.0 s
  Wall-clock span : 13:19:56 → 13:43:00  (1384.0 s)
  Content footage : 1300.0 s
  Black filler    : 84.00 s (3 gap(s))
  Video props     : 1920x1080 20/1 fps  yuvj420p
  Audio props     : 16000 Hz  1ch
  File size       : 152.4 MB

  Input clips (24)
    [  1] 19M56S04.mp4                                            13:19:56 → 13:20:00  (4.0 s)
    [  2] 20M00S60.mp4                                            13:20:00 → 13:21:00  (60.0 s)
           ↕ gap: 13.00 s  → filled with 13.00 s black frames
    [  3] 21M13S47.mp4                                            13:21:13 → 13:22:00  (47.0 s)
    [  4] 22M00S60.mp4                                            13:22:00 → 13:23:00  (60.0 s)
    [  5] 23M00S60.mp4                                            13:23:00 → 13:24:00  (60.0 s)
    [  6] 24M00S60.mp4                                            13:24:00 → 13:25:00  (60.0 s)
    [  7] 25M00S60.mp4                                            13:25:00 → 13:26:00  (60.0 s)
    [  8] 26M00S60.mp4                                            13:26:00 → 13:27:00  (60.0 s)
    [  9] 27M00S60.mp4                                            13:27:00 → 13:28:00  (60.0 s)
           ↕ gap: 14.00 s  → filled with 14.00 s black frames
    [ 10] 28M14S46.mp4                                            13:28:14 → 13:29:00  (46.0 s)
    [ 11] 29M00S60.mp4                                            13:29:00 → 13:30:00  (60.0 s)
    [ 12] 30M00S60.mp4                                            13:30:00 → 13:31:00  (60.0 s)
    [ 13] 31M00S60.mp4                                            13:31:00 → 13:32:00  (60.0 s)
    [ 14] 32M00S60.mp4                                            13:32:00 → 13:33:00  (60.0 s)
    [ 15] 33M00S60.mp4                                            13:33:00 → 13:34:00  (60.0 s)
    [ 16] 34M00S60.mp4                                            13:34:00 → 13:35:00  (60.0 s)
    [ 17] 35M00S60.mp4                                            13:35:00 → 13:36:00  (60.0 s)
    [ 18] 36M00S60.mp4                                            13:36:00 → 13:37:00  (60.0 s)
    [ 19] 37M00S60.mp4                                            13:37:00 → 13:38:00  (60.0 s)
    [ 20] 38M00S60.mp4                                            13:38:00 → 13:39:00  (60.0 s)
    [ 21] 39M00S60.mp4                                            13:39:00 → 13:40:00  (60.0 s)
    [ 22] 40M00S60.mp4                                            13:40:00 → 13:41:00  (60.0 s)
           ↕ gap: 57.00 s  → filled with 57.00 s black frames
    [ 23] 41M57S03.mp4                                            13:41:57 → 13:42:00  (3.0 s)
    [ 24] 42M00S60.mp4                                            13:42:00 → 13:43:00  (60.0 s)

────────────────────────────────────────────────────────────────────────
  Segment 5 of 12   [MERGED]   →  merged_20260418_134822_2clips.mp4
  Gap from previous segment : 322.0 s
  Wall-clock span : 13:48:22 → 13:50:00  (98.0 s)
  Content footage : 98.0 s
  File size       : 11.3 MB

  Input clips (2)
    [  1] 48M22S38.mp4                                            13:48:22 → 13:49:00  (38.0 s)
    [  2] 49M00S60.mp4                                            13:49:00 → 13:50:00  (60.0 s)

────────────────────────────────────────────────────────────────────────
  Segment 6 of 12   [MERGED]   →  merged_20260418_140118_2clips.mp4
  Gap from previous segment : 678.0 s
  Wall-clock span : 14:01:18 → 14:03:00  (102.0 s)
  Content footage : 102.0 s
  File size       : 11.8 MB

  Input clips (2)
    [  1] 01M18S42.mp4                                            14:01:18 → 14:02:00  (42.0 s)
    [  2] 02M00S60.mp4                                            14:02:00 → 14:03:00  (60.0 s)

────────────────────────────────────────────────────────────────────────
  Segment 7 of 12   [MERGED]   →  merged_20260418_140414_13clips.mp4
  Gap from previous segment : 74.0 s
  Wall-clock span : 14:04:14 → 14:17:00  (766.0 s)
  Content footage : 705.0 s
  Black filler    : 61.00 s (2 gap(s))
  Video props     : 1920x1080 20/1 fps  yuvj420p
  Audio props     : 16000 Hz  1ch
  File size       : 83.4 MB

  Input clips (13)
    [  1] 04M14S46.mp4                                            14:04:14 → 14:05:00  (46.0 s)
    [  2] 05M00S60.mp4                                            14:05:00 → 14:06:00  (60.0 s)
    [  3] 06M00S60.mp4                                            14:06:00 → 14:07:00  (60.0 s)
    [  4] 07M00S60.mp4                                            14:07:00 → 14:08:00  (60.0 s)
    [  5] 08M00S60.mp4                                            14:08:00 → 14:09:00  (60.0 s)
           ↕ gap: 12.00 s  → filled with 12.00 s black frames
    [  6] 09M12S48.mp4                                            14:09:12 → 14:10:00  (48.0 s)
    [  7] 10M00S60.mp4                                            14:10:00 → 14:11:00  (60.0 s)
    [  8] 11M00S60.mp4                                            14:11:00 → 14:12:00  (60.0 s)
           ↕ gap: 49.00 s  → filled with 49.00 s black frames
    [  9] 12M49S11.mp4                                            14:12:49 → 14:13:00  (11.0 s)
    [ 10] 13M00S60.mp4                                            14:13:00 → 14:14:00  (60.0 s)
    [ 11] 14M00S60.mp4                                            14:14:00 → 14:15:00  (60.0 s)
    [ 12] 15M00S60.mp4                                            14:15:00 → 14:16:00  (60.0 s)
    [ 13] 16M00S60.mp4                                            14:16:00 → 14:17:00  (60.0 s)

────────────────────────────────────────────────────────────────────────
  Segment 8 of 12   [MERGED]   →  merged_20260418_141658_25clips.mp4
  Gap from previous segment : -2.0 s
  Wall-clock span : 14:16:58 → 14:41:00  (1442.0 s)
  Content footage : 1442.0 s
  File size       : 160.4 MB

  Input clips (25)
    [  1] 16M58S02.mp4                                            14:16:58 → 14:17:00  (2.0 s)
    [  2] 17M00S60.mp4                                            14:17:00 → 14:18:00  (60.0 s)
    [  3] 18M00S60.mp4                                            14:18:00 → 14:19:00  (60.0 s)
    [  4] 19M00S60.mp4                                            14:19:00 → 14:20:00  (60.0 s)
    [  5] 20M00S60.mp4                                            14:20:00 → 14:21:00  (60.0 s)
    [  6] 21M00S60.mp4                                            14:21:00 → 14:22:00  (60.0 s)
    [  7] 22M00S60.mp4                                            14:22:00 → 14:23:00  (60.0 s)
    [  8] 23M00S60.mp4                                            14:23:00 → 14:24:00  (60.0 s)
    [  9] 24M00S60.mp4                                            14:24:00 → 14:25:00  (60.0 s)
    [ 10] 25M00S60.mp4                                            14:25:00 → 14:26:00  (60.0 s)
    [ 11] 26M00S60.mp4                                            14:26:00 → 14:27:00  (60.0 s)
    [ 12] 27M00S60.mp4                                            14:27:00 → 14:28:00  (60.0 s)
    [ 13] 28M00S60.mp4                                            14:28:00 → 14:29:00  (60.0 s)
    [ 14] 29M00S60.mp4                                            14:29:00 → 14:30:00  (60.0 s)
    [ 15] 30M00S60.mp4                                            14:30:00 → 14:31:00  (60.0 s)
    [ 16] 31M00S60.mp4                                            14:31:00 → 14:32:00  (60.0 s)
    [ 17] 32M00S60.mp4                                            14:32:00 → 14:33:00  (60.0 s)
    [ 18] 33M00S60.mp4                                            14:33:00 → 14:34:00  (60.0 s)
    [ 19] 34M00S60.mp4                                            14:34:00 → 14:35:00  (60.0 s)
    [ 20] 35M00S60.mp4                                            14:35:00 → 14:36:00  (60.0 s)
    [ 21] 36M00S60.mp4                                            14:36:00 → 14:37:00  (60.0 s)
    [ 22] 37M00S60.mp4                                            14:37:00 → 14:38:00  (60.0 s)
    [ 23] 38M00S60.mp4                                            14:38:00 → 14:39:00  (60.0 s)
    [ 24] 39M00S60.mp4                                            14:39:00 → 14:40:00  (60.0 s)
    [ 25] 40M00S60.mp4                                            14:40:00 → 14:41:00  (60.0 s)

────────────────────────────────────────────────────────────────────────
  Segment 9 of 12   [MERGED]   →  merged_20260418_144057_60clips.mp4
  Gap from previous segment : -3.0 s
  Wall-clock span : 14:40:57 → 15:40:00  (3543.0 s)
  Content footage : 3528.0 s
  Black filler    : 15.00 s (1 gap(s))
  Video props     : 1920x1080 20/1 fps  yuvj420p
  Audio props     : 16000 Hz  1ch
  File size       : 377.9 MB

  Input clips (60)
    [  1] 40M57S03.mp4                                            14:40:57 → 14:41:00  (3.0 s)
    [  2] 41M00S60.mp4                                            14:41:00 → 14:42:00  (60.0 s)
    [  3] 42M00S60.mp4                                            14:42:00 → 14:43:00  (60.0 s)
    [  4] 43M00S60.mp4                                            14:43:00 → 14:44:00  (60.0 s)
    [  5] 44M00S60.mp4                                            14:44:00 → 14:45:00  (60.0 s)
    [  6] 45M00S60.mp4                                            14:45:00 → 14:46:00  (60.0 s)
    [  7] 46M00S60.mp4                                            14:46:00 → 14:47:00  (60.0 s)
    [  8] 47M00S60.mp4                                            14:47:00 → 14:48:00  (60.0 s)
    [  9] 48M00S60.mp4                                            14:48:00 → 14:49:00  (60.0 s)
    [ 10] 49M00S60.mp4                                            14:49:00 → 14:50:00  (60.0 s)
    [ 11] 50M00S60.mp4                                            14:50:00 → 14:51:00  (60.0 s)
    [ 12] 51M00S60.mp4                                            14:51:00 → 14:52:00  (60.0 s)
    [ 13] 52M00S60.mp4                                            14:52:00 → 14:53:00  (60.0 s)
    [ 14] 53M00S60.mp4                                            14:53:00 → 14:54:00  (60.0 s)
    [ 15] 54M00S60.mp4                                            14:54:00 → 14:55:00  (60.0 s)
    [ 16] 55M00S60.mp4                                            14:55:00 → 14:56:00  (60.0 s)
    [ 17] 56M00S60.mp4                                            14:56:00 → 14:57:00  (60.0 s)
    [ 18] 57M00S60.mp4                                            14:57:00 → 14:58:00  (60.0 s)
    [ 19] 58M00S60.mp4                                            14:58:00 → 14:59:00  (60.0 s)
    [ 20] 59M00S60.mp4                                            14:59:00 → 15:00:00  (60.0 s)
    [ 21] 00M00S60.mp4                                            15:00:00 → 15:01:00  (60.0 s)
    [ 22] 01M00S60.mp4                                            15:01:00 → 15:02:00  (60.0 s)
    [ 23] 02M00S60.mp4                                            15:02:00 → 15:03:00  (60.0 s)
           ↕ gap: 15.00 s  → filled with 15.00 s black frames
    [ 24] 03M15S45.mp4                                            15:03:15 → 15:04:00  (45.0 s)
    [ 25] 04M00S60.mp4                                            15:04:00 → 15:05:00  (60.0 s)
    [ 26] 05M00S60.mp4                                            15:05:00 → 15:06:00  (60.0 s)
    [ 27] 06M00S60.mp4                                            15:06:00 → 15:07:00  (60.0 s)
    [ 28] 07M00S60.mp4                                            15:07:00 → 15:08:00  (60.0 s)
    [ 29] 08M00S60.mp4                                            15:08:00 → 15:09:00  (60.0 s)
    [ 30] 09M00S60.mp4                                            15:09:00 → 15:10:00  (60.0 s)
    [ 31] 10M00S60.mp4                                            15:10:00 → 15:11:00  (60.0 s)
    [ 32] 11M00S60.mp4                                            15:11:00 → 15:12:00  (60.0 s)
    [ 33] 12M00S60.mp4                                            15:12:00 → 15:13:00  (60.0 s)
    [ 34] 13M00S60.mp4                                            15:13:00 → 15:14:00  (60.0 s)
    [ 35] 14M00S60.mp4                                            15:14:00 → 15:15:00  (60.0 s)
    [ 36] 15M00S60.mp4                                            15:15:00 → 15:16:00  (60.0 s)
    [ 37] 16M00S60.mp4                                            15:16:00 → 15:17:00  (60.0 s)
    [ 38] 17M00S60.mp4                                            15:17:00 → 15:18:00  (60.0 s)
    [ 39] 18M00S60.mp4                                            15:18:00 → 15:19:00  (60.0 s)
    [ 40] 19M00S60.mp4                                            15:19:00 → 15:20:00  (60.0 s)
    [ 41] 20M00S60.mp4                                            15:20:00 → 15:21:00  (60.0 s)
    [ 42] 21M00S60.mp4                                            15:21:00 → 15:22:00  (60.0 s)
    [ 43] 22M00S60.mp4                                            15:22:00 → 15:23:00  (60.0 s)
    [ 44] 23M00S60.mp4                                            15:23:00 → 15:24:00  (60.0 s)
    [ 45] 24M00S60.mp4                                            15:24:00 → 15:25:00  (60.0 s)
    [ 46] 25M00S60.mp4                                            15:25:00 → 15:26:00  (60.0 s)
    [ 47] 26M00S60.mp4                                            15:26:00 → 15:27:00  (60.0 s)
    [ 48] 27M00S60.mp4                                            15:27:00 → 15:28:00  (60.0 s)
    [ 49] 28M00S60.mp4                                            15:28:00 → 15:29:00  (60.0 s)
    [ 50] 29M00S60.mp4                                            15:29:00 → 15:30:00  (60.0 s)
    [ 51] 30M00S60.mp4                                            15:30:00 → 15:31:00  (60.0 s)
    [ 52] 31M00S60.mp4                                            15:31:00 → 15:32:00  (60.0 s)
    [ 53] 32M00S60.mp4                                            15:32:00 → 15:33:00  (60.0 s)
    [ 54] 33M00S60.mp4                                            15:33:00 → 15:34:00  (60.0 s)
    [ 55] 34M00S60.mp4                                            15:34:00 → 15:35:00  (60.0 s)
    [ 56] 35M00S60.mp4                                            15:35:00 → 15:36:00  (60.0 s)
    [ 57] 36M00S60.mp4                                            15:36:00 → 15:37:00  (60.0 s)
    [ 58] 37M00S60.mp4                                            15:37:00 → 15:38:00  (60.0 s)
    [ 59] 38M00S60.mp4                                            15:38:00 → 15:39:00  (60.0 s)
    [ 60] 39M00S60.mp4                                            15:39:00 → 15:40:00  (60.0 s)

────────────────────────────────────────────────────────────────────────
  Segment 10 of 12   [MERGED]   →  merged_20260418_153958_24clips.mp4
  Gap from previous segment : -2.0 s
  Wall-clock span : 15:39:58 → 16:03:00  (1382.0 s)
  Content footage : 1380.0 s
  Black filler    : 2.00 s (1 gap(s))
  Video props     : 1920x1080 20/1 fps  yuvj420p
  Audio props     : 16000 Hz  1ch
  File size       : 137.2 MB

  Input clips (24)
    [  1] 39M58S02.mp4                                            15:39:58 → 15:40:00  (2.0 s)
    [  2] 40M00S60.mp4                                            15:40:00 → 15:41:00  (60.0 s)
    [  3] 41M00S60.mp4                                            15:41:00 → 15:42:00  (60.0 s)
    [  4] 42M00S60.mp4                                            15:42:00 → 15:43:00  (60.0 s)
    [  5] 43M00S60.mp4                                            15:43:00 → 15:44:00  (60.0 s)
    [  6] 44M00S60.mp4                                            15:44:00 → 15:45:00  (60.0 s)
    [  7] 45M00S60.mp4                                            15:45:00 → 15:46:00  (60.0 s)
    [  8] 46M00S60.mp4                                            15:46:00 → 15:47:00  (60.0 s)
    [  9] 47M00S60.mp4                                            15:47:00 → 15:48:00  (60.0 s)
    [ 10] 48M00S60.mp4                                            15:48:00 → 15:49:00  (60.0 s)
    [ 11] 49M00S60.mp4                                            15:49:00 → 15:50:00  (60.0 s)
    [ 12] 50M00S60.mp4                                            15:50:00 → 15:51:00  (60.0 s)
    [ 13] 51M00S60.mp4                                            15:51:00 → 15:52:00  (60.0 s)
    [ 14] 52M00S60.mp4                                            15:52:00 → 15:53:00  (60.0 s)
    [ 15] 53M00S60.mp4                                            15:53:00 → 15:54:00  (60.0 s)
           ↕ gap: 2.00 s  → filled with 2.00 s black frames
    [ 16] 54M02S58.mp4                                            15:54:02 → 15:55:00  (58.0 s)
    [ 17] 55M00S60.mp4                                            15:55:00 → 15:56:00  (60.0 s)
    [ 18] 56M00S60.mp4                                            15:56:00 → 15:57:00  (60.0 s)
    [ 19] 57M00S60.mp4                                            15:57:00 → 15:58:00  (60.0 s)
    [ 20] 58M00S60.mp4                                            15:58:00 → 15:59:00  (60.0 s)
    [ 21] 59M00S60.mp4                                            15:59:00 → 16:00:00  (60.0 s)
    [ 22] 00M00S60.mp4                                            16:00:00 → 16:01:00  (60.0 s)
    [ 23] 01M00S60.mp4                                            16:01:00 → 16:02:00  (60.0 s)
    [ 24] 02M00S60.mp4                                            16:02:00 → 16:03:00  (60.0 s)

────────────────────────────────────────────────────────────────────────
  Segment 11 of 12   [MERGED]   →  merged_20260418_160258_18clips.mp4
  Gap from previous segment : -2.0 s
  Wall-clock span : 16:02:58 → 16:20:00  (1022.0 s)
  Content footage : 1022.0 s
  File size       : 122.9 MB

  Input clips (18)
    [  1] 02M58S02.mp4                                            16:02:58 → 16:03:00  (2.0 s)
    [  2] 03M00S60.mp4                                            16:03:00 → 16:04:00  (60.0 s)
    [  3] 04M00S60.mp4                                            16:04:00 → 16:05:00  (60.0 s)
    [  4] 05M00S60.mp4                                            16:05:00 → 16:06:00  (60.0 s)
    [  5] 06M00S60.mp4                                            16:06:00 → 16:07:00  (60.0 s)
    [  6] 07M00S60.mp4                                            16:07:00 → 16:08:00  (60.0 s)
    [  7] 08M00S60.mp4                                            16:08:00 → 16:09:00  (60.0 s)
    [  8] 09M00S60.mp4                                            16:09:00 → 16:10:00  (60.0 s)
    [  9] 10M00S60.mp4                                            16:10:00 → 16:11:00  (60.0 s)
    [ 10] 11M00S60.mp4                                            16:11:00 → 16:12:00  (60.0 s)
    [ 11] 12M00S60.mp4                                            16:12:00 → 16:13:00  (60.0 s)
    [ 12] 13M00S60.mp4                                            16:13:00 → 16:14:00  (60.0 s)
    [ 13] 14M00S60.mp4                                            16:14:00 → 16:15:00  (60.0 s)
    [ 14] 15M00S60.mp4                                            16:15:00 → 16:16:00  (60.0 s)
    [ 15] 16M00S60.mp4                                            16:16:00 → 16:17:00  (60.0 s)
    [ 16] 17M00S60.mp4                                            16:17:00 → 16:18:00  (60.0 s)
    [ 17] 18M00S60.mp4                                            16:18:00 → 16:19:00  (60.0 s)
    [ 18] 19M00S60.mp4                                            16:19:00 → 16:20:00  (60.0 s)

────────────────────────────────────────────────────────────────────────
  Segment 12 of 12   [MERGED]   →  merged_20260418_165709_3clips.mp4
  Gap from previous segment : 2229.0 s
  Wall-clock span : 16:57:09 → 17:00:00  (171.0 s)
  Content footage : 160.0 s
  Black filler    : 11.00 s (1 gap(s))
  Video props     : 1920x1080 20/1 fps  yuvj420p
  Audio props     : 16000 Hz  1ch
  File size       : 19.7 MB

  Input clips (3)
    [  1] 57M09S51.mp4                                            16:57:09 → 16:58:00  (51.0 s)
    [  2] 58M00S60.mp4                                            16:58:00 → 16:59:00  (60.0 s)
           ↕ gap: 11.00 s  → filled with 11.00 s black frames
    [  3] 59M11S49.mp4                                            16:59:11 → 17:00:00  (49.0 s)

