Camera Merge Log  —  P11 / front_camera
  Generated     : 2026-04-29 20:10:38 UTC
  Gap tolerance : 60.0 s  |  Black fill < 60 s
  Total clips   : 213
  Segments      : 10  (merged: 9, skipped: 0, single: 1, failed: 0)

────────────────────────────────────────────────────────────────────────
  Segment 1 of 10   [MERGED]   →  merged_20260424_124713_4clips.mp4
  Wall-clock span : 12:47:13 → 12:51:00  (227.0 s)
  Content footage : 187.0 s
  Black filler    : 40.00 s (1 gap(s))
  Video props     : 1920x1080 20/1 fps  yuvj420p
  Audio props     : 16000 Hz  1ch
  File size       : 23.8 MB

  Input clips (4)
    [  1] 47M13S47.mp4                                            12:47:13 → 12:48:00  (47.0 s)
    [  2] 48M00S60.mp4                                            12:48:00 → 12:49:00  (60.0 s)
           ↕ gap: 40.00 s  → filled with 40.00 s black frames
    [  3] 49M40S20.mp4                                            12:49:40 → 12:50:00  (20.0 s)
    [  4] 50M00S60.mp4                                            12:50:00 → 12:51:00  (60.0 s)

────────────────────────────────────────────────────────────────────────
  Segment 2 of 10   [MERGED]   →  merged_20260424_125906_4clips.mp4
  Gap from previous segment : 486.0 s
  Wall-clock span : 12:59:06 → 13:03:00  (234.0 s)
  Content footage : 214.0 s
  Black filler    : 20.00 s (1 gap(s))
  Video props     : 1920x1080 20/1 fps  yuvj420p
  Audio props     : 16000 Hz  1ch
  File size       : 24.0 MB

  Input clips (4)
    [  1] 59M06S54.mp4                                            12:59:06 → 13:00:00  (54.0 s)
    [  2] 00M00S60.mp4                                            13:00:00 → 13:01:00  (60.0 s)
           ↕ gap: 20.00 s  → filled with 20.00 s black frames
    [  3] 01M20S40.mp4                                            13:01:20 → 13:02:00  (40.0 s)
    [  4] 02M00S60.mp4                                            13:02:00 → 13:03:00  (60.0 s)

────────────────────────────────────────────────────────────────────────
  Segment 3 of 10   [MERGED]   →  merged_20260424_131739_2clips.mp4
  Gap from previous segment : 879.0 s
  Wall-clock span : 13:17:39 → 13:19:00  (81.0 s)
  Content footage : 81.0 s
  File size       : 8.8 MB

  Input clips (2)
    [  1] 17M39S21.mp4                                            13:17:39 → 13:18:00  (21.0 s)
    [  2] 18M00S60.mp4                                            13:18:00 → 13:19:00  (60.0 s)

────────────────────────────────────────────────────────────────────────
  Segment 4 of 10   [MERGED]   →  merged_20260424_132347_29clips.mp4
  Gap from previous segment : 287.0 s
  Wall-clock span : 13:23:47 → 13:52:00  (1693.0 s)
  Content footage : 1615.0 s
  Black filler    : 78.00 s (3 gap(s))
  Video props     : 1920x1080 20/1 fps  yuvj420p
  Audio props     : 16000 Hz  1ch
  File size       : 200.0 MB

  Input clips (29)
    [  1] 23M47S13.mp4                                            13:23:47 → 13:24:00  (13.0 s)
    [  2] 24M00S60.mp4                                            13:24:00 → 13:25:00  (60.0 s)
           ↕ gap: 38.00 s  → filled with 38.00 s black frames
    [  3] 25M38S22.mp4                                            13:25:38 → 13:26:00  (22.0 s)
    [  4] 26M00S60.mp4                                            13:26:00 → 13:27:00  (60.0 s)
    [  5] 27M00S60.mp4                                            13:27:00 → 13:28:00  (60.0 s)
    [  6] 28M00S60.mp4                                            13:28:00 → 13:29:00  (60.0 s)
           ↕ gap: 28.00 s  → filled with 28.00 s black frames
    [  7] 29M28S32.mp4                                            13:29:28 → 13:30:00  (32.0 s)
    [  8] 30M00S60.mp4                                            13:30:00 → 13:31:00  (60.0 s)
    [  9] 31M00S60.mp4                                            13:31:00 → 13:32:00  (60.0 s)
    [ 10] 32M00S60.mp4                                            13:32:00 → 13:33:00  (60.0 s)
    [ 11] 33M00S60.mp4                                            13:33:00 → 13:34:00  (60.0 s)
    [ 12] 34M00S60.mp4                                            13:34:00 → 13:35:00  (60.0 s)
    [ 13] 35M00S60.mp4                                            13:35:00 → 13:36:00  (60.0 s)
           ↕ gap: 12.00 s  → filled with 12.00 s black frames
    [ 14] 36M12S48.mp4                                            13:36:12 → 13:37:00  (48.0 s)
    [ 15] 37M00S60.mp4                                            13:37:00 → 13:38:00  (60.0 s)
    [ 16] 38M00S60.mp4                                            13:38:00 → 13:39:00  (60.0 s)
    [ 17] 39M00S60.mp4                                            13:39:00 → 13:40:00  (60.0 s)
    [ 18] 40M00S60.mp4                                            13:40:00 → 13:41:00  (60.0 s)
    [ 19] 41M00S60.mp4                                            13:41:00 → 13:42:00  (60.0 s)
    [ 20] 42M00S60.mp4                                            13:42:00 → 13:43:00  (60.0 s)
    [ 21] 43M00S60.mp4                                            13:43:00 → 13:44:00  (60.0 s)
    [ 22] 44M00S60.mp4                                            13:44:00 → 13:45:00  (60.0 s)
    [ 23] 45M00S60.mp4                                            13:45:00 → 13:46:00  (60.0 s)
    [ 24] 46M00S60.mp4                                            13:46:00 → 13:47:00  (60.0 s)
    [ 25] 47M00S60.mp4                                            13:47:00 → 13:48:00  (60.0 s)
    [ 26] 48M00S60.mp4                                            13:48:00 → 13:49:00  (60.0 s)
    [ 27] 49M00S60.mp4                                            13:49:00 → 13:50:00  (60.0 s)
    [ 28] 50M00S60.mp4                                            13:50:00 → 13:51:00  (60.0 s)
    [ 29] 51M00S60.mp4                                            13:51:00 → 13:52:00  (60.0 s)

────────────────────────────────────────────────────────────────────────
  Segment 5 of 10   [MERGED]   →  merged_20260424_135158_35clips.mp4
  Gap from previous segment : -2.0 s
  Wall-clock span : 13:51:58 → 14:26:00  (2042.0 s)
  Content footage : 2040.0 s
  Black filler    : 2.00 s (2 gap(s))
  Video props     : 1920x1080 20/1 fps  yuvj420p
  Audio props     : 16000 Hz  1ch
  File size       : 218.5 MB

  Input clips (35)
    [  1] 51M58S02.mp4                                            13:51:58 → 13:52:00  (2.0 s)
    [  2] 52M00S60.mp4                                            13:52:00 → 13:53:00  (60.0 s)
    [  3] 53M00S60.mp4                                            13:53:00 → 13:54:00  (60.0 s)
    [  4] 54M00S60.mp4                                            13:54:00 → 13:55:00  (60.0 s)
    [  5] 55M00S60.mp4                                            13:55:00 → 13:56:00  (60.0 s)
    [  6] 56M00S60.mp4                                            13:56:00 → 13:57:00  (60.0 s)
    [  7] 57M00S60.mp4                                            13:57:00 → 13:58:00  (60.0 s)
    [  8] 58M00S60.mp4                                            13:58:00 → 13:59:00  (60.0 s)
    [  9] 59M00S60.mp4                                            13:59:00 → 14:00:00  (60.0 s)
    [ 10] 00M00S60.mp4                                            14:00:00 → 14:01:00  (60.0 s)
    [ 11] 01M00S60.mp4                                            14:01:00 → 14:02:00  (60.0 s)
    [ 12] 02M00S60.mp4                                            14:02:00 → 14:03:00  (60.0 s)
    [ 13] 03M00S60.mp4                                            14:03:00 → 14:04:00  (60.0 s)
    [ 14] 04M00S60.mp4                                            14:04:00 → 14:05:00  (60.0 s)
    [ 15] 05M00S60.mp4                                            14:05:00 → 14:06:00  (60.0 s)
    [ 16] 06M00S60.mp4                                            14:06:00 → 14:07:00  (60.0 s)
    [ 17] 07M00S60.mp4                                            14:07:00 → 14:08:00  (60.0 s)
           ↕ gap: 1.00 s  → filled with 1.00 s black frames
    [ 18] 08M01S59.mp4                                            14:08:01 → 14:09:00  (59.0 s)
    [ 19] 09M00S60.mp4                                            14:09:00 → 14:10:00  (60.0 s)
    [ 20] 10M00S60.mp4                                            14:10:00 → 14:11:00  (60.0 s)
    [ 21] 11M00S60.mp4                                            14:11:00 → 14:12:00  (60.0 s)
    [ 22] 12M00S60.mp4                                            14:12:00 → 14:13:00  (60.0 s)
    [ 23] 13M00S60.mp4                                            14:13:00 → 14:14:00  (60.0 s)
    [ 24] 14M00S60.mp4                                            14:14:00 → 14:15:00  (60.0 s)
    [ 25] 15M00S60.mp4                                            14:15:00 → 14:16:00  (60.0 s)
    [ 26] 16M00S60.mp4                                            14:16:00 → 14:17:00  (60.0 s)
    [ 27] 17M00S60.mp4                                            14:17:00 → 14:18:00  (60.0 s)
    [ 28] 18M00S60.mp4                                            14:18:00 → 14:19:00  (60.0 s)
    [ 29] 19M00S60.mp4                                            14:19:00 → 14:20:00  (60.0 s)
    [ 30] 20M00S60.mp4                                            14:20:00 → 14:21:00  (60.0 s)
           ↕ gap: 1.00 s  → filled with 1.00 s black frames
    [ 31] 21M01S59.mp4                                            14:21:01 → 14:22:00  (59.0 s)
    [ 32] 22M00S60.mp4                                            14:22:00 → 14:23:00  (60.0 s)
    [ 33] 23M00S60.mp4                                            14:23:00 → 14:24:00  (60.0 s)
    [ 34] 24M00S60.mp4                                            14:24:00 → 14:25:00  (60.0 s)
    [ 35] 25M00S60.mp4                                            14:25:00 → 14:26:00  (60.0 s)

────────────────────────────────────────────────────────────────────────
  Segment 6 of 10   [MERGED]   →  merged_20260424_143101_9clips.mp4
  Gap from previous segment : 301.0 s
  Wall-clock span : 14:31:01 → 14:40:00  (539.0 s)
  Content footage : 501.0 s
  Black filler    : 38.00 s (1 gap(s))
  Video props     : 1920x1080 20/1 fps  yuvj420p
  Audio props     : 16000 Hz  1ch
  File size       : 56.9 MB

  Input clips (9)
    [  1] 31M01S59.mp4                                            14:31:01 → 14:32:00  (59.0 s)
    [  2] 32M00S60.mp4                                            14:32:00 → 14:33:00  (60.0 s)
    [  3] 33M00S60.mp4                                            14:33:00 → 14:34:00  (60.0 s)
           ↕ gap: 38.00 s  → filled with 38.00 s black frames
    [  4] 34M38S22.mp4                                            14:34:38 → 14:35:00  (22.0 s)
    [  5] 35M00S60.mp4                                            14:35:00 → 14:36:00  (60.0 s)
    [  6] 36M00S60.mp4                                            14:36:00 → 14:37:00  (60.0 s)
    [  7] 37M00S60.mp4                                            14:37:00 → 14:38:00  (60.0 s)
    [  8] 38M00S60.mp4                                            14:38:00 → 14:39:00  (60.0 s)
    [  9] 39M00S60.mp4                                            14:39:00 → 14:40:00  (60.0 s)

────────────────────────────────────────────────────────────────────────
  Segment 7 of 10   [MERGED]   →  merged_20260424_143958_52clips.mp4
  Gap from previous segment : -2.0 s
  Wall-clock span : 14:39:58 → 15:29:00  (2942.0 s)
  Content footage : 2936.0 s
  Black filler    : 8.00 s (1 gap(s))
  Video props     : 1920x1080 20/1 fps  yuvj420p
  Audio props     : 16000 Hz  1ch
  File size       : 318.1 MB
  Intra-overlaps  : 1.00 s,1.00 s

  Input clips (52)
    [  1] 39M58S02.mp4                                            14:39:58 → 14:40:00  (2.0 s)
    [  2] 40M00S60.mp4                                            14:40:00 → 14:41:00  (60.0 s)
    [  3] 41M00S60.mp4                                            14:41:00 → 14:42:00  (60.0 s)
    [  4] 42M00S60.mp4                                            14:42:00 → 14:43:00  (60.0 s)
    [  5] 43M00S60.mp4                                            14:43:00 → 14:44:00  (60.0 s)
    [  6] 44M00S60.mp4                                            14:44:00 → 14:45:00  (60.0 s)
    [  7] 45M00S60.mp4                                            14:45:00 → 14:46:00  (60.0 s)
    [  8] 46M00S60.mp4                                            14:46:00 → 14:47:00  (60.0 s)
    [  9] 47M00S60.mp4                                            14:47:00 → 14:48:00  (60.0 s)
    [ 10] 48M00S60.mp4                                            14:48:00 → 14:49:00  (60.0 s)
    [ 11] 49M00S60.mp4                                            14:49:00 → 14:50:00  (60.0 s)
    [ 12] 50M00S60.mp4                                            14:50:00 → 14:51:00  (60.0 s)
    [ 13] 51M00S60.mp4                                            14:51:00 → 14:52:00  (60.0 s)
    [ 14] 52M00S60.mp4                                            14:52:00 → 14:53:00  (60.0 s)
    [ 15] 53M00S60.mp4                                            14:53:00 → 14:54:00  (60.0 s)
           ↕ overlap: 1.00 s
    [ 16] 53M59S01.mp4                                            14:53:59 → 14:54:00  (1.0 s)
    [ 17] 54M00S60.mp4                                            14:54:00 → 14:55:00  (60.0 s)
    [ 18] 55M00S60.mp4                                            14:55:00 → 14:56:00  (60.0 s)
    [ 19] 56M00S60.mp4                                            14:56:00 → 14:57:00  (60.0 s)
    [ 20] 57M00S60.mp4                                            14:57:00 → 14:58:00  (60.0 s)
    [ 21] 58M00S60.mp4                                            14:58:00 → 14:59:00  (60.0 s)
    [ 22] 59M00S60.mp4                                            14:59:00 → 15:00:00  (60.0 s)
    [ 23] 00M00S60.mp4                                            15:00:00 → 15:01:00  (60.0 s)
    [ 24] 01M00S60.mp4                                            15:01:00 → 15:02:00  (60.0 s)
    [ 25] 02M00S60.mp4                                            15:02:00 → 15:03:00  (60.0 s)
    [ 26] 03M00S60.mp4                                            15:03:00 → 15:04:00  (60.0 s)
    [ 27] 04M00S60.mp4                                            15:04:00 → 15:05:00  (60.0 s)
    [ 28] 05M00S60.mp4                                            15:05:00 → 15:06:00  (60.0 s)
    [ 29] 06M00S60.mp4                                            15:06:00 → 15:07:00  (60.0 s)
    [ 30] 07M00S60.mp4                                            15:07:00 → 15:08:00  (60.0 s)
    [ 31] 08M00S60.mp4                                            15:08:00 → 15:09:00  (60.0 s)
    [ 32] 09M00S60.mp4                                            15:09:00 → 15:10:00  (60.0 s)
    [ 33] 10M00S60.mp4                                            15:10:00 → 15:11:00  (60.0 s)
           ↕ overlap: 1.00 s
    [ 34] 10M59S01.mp4                                            15:10:59 → 15:11:00  (1.0 s)
    [ 35] 11M00S60.mp4                                            15:11:00 → 15:12:00  (60.0 s)
    [ 36] 12M00S60.mp4                                            15:12:00 → 15:13:00  (60.0 s)
    [ 37] 13M00S60.mp4                                            15:13:00 → 15:14:00  (60.0 s)
    [ 38] 14M00S60.mp4                                            15:14:00 → 15:15:00  (60.0 s)
    [ 39] 15M00S60.mp4                                            15:15:00 → 15:16:00  (60.0 s)
    [ 40] 16M00S60.mp4                                            15:16:00 → 15:17:00  (60.0 s)
    [ 41] 17M00S60.mp4                                            15:17:00 → 15:18:00  (60.0 s)
    [ 42] 18M00S60.mp4                                            15:18:00 → 15:19:00  (60.0 s)
    [ 43] 19M00S60.mp4                                            15:19:00 → 15:20:00  (60.0 s)
    [ 44] 20M00S60.mp4                                            15:20:00 → 15:21:00  (60.0 s)
    [ 45] 21M00S60.mp4                                            15:21:00 → 15:22:00  (60.0 s)
    [ 46] 22M00S60.mp4                                            15:22:00 → 15:23:00  (60.0 s)
    [ 47] 23M00S60.mp4                                            15:23:00 → 15:24:00  (60.0 s)
    [ 48] 24M00S60.mp4                                            15:24:00 → 15:25:00  (60.0 s)
    [ 49] 25M00S60.mp4                                            15:25:00 → 15:26:00  (60.0 s)
    [ 50] 26M00S60.mp4                                            15:26:00 → 15:27:00  (60.0 s)
           ↕ gap: 8.00 s  → filled with 8.00 s black frames
    [ 51] 27M08S52.mp4                                            15:27:08 → 15:28:00  (52.0 s)
    [ 52] 28M00S60.mp4                                            15:28:00 → 15:29:00  (60.0 s)

────────────────────────────────────────────────────────────────────────
  Segment 8 of 10   [MERGED]   →  merged_20260424_153112_73clips.mp4
  Gap from previous segment : 132.0 s
  Wall-clock span : 15:31:12 → 16:43:00  (4308.0 s)
  Content footage : 4301.0 s
  Black filler    : 8.00 s (2 gap(s))
  Video props     : 1920x1080 20/1 fps  yuvj420p
  Audio props     : 16000 Hz  1ch
  File size       : 487.8 MB
  Intra-overlaps  : 1.00 s

  Input clips (73)
    [  1] 31M12S48.mp4                                            15:31:12 → 15:32:00  (48.0 s)
    [  2] 32M00S60.mp4                                            15:32:00 → 15:33:00  (60.0 s)
    [  3] 33M00S60.mp4                                            15:33:00 → 15:34:00  (60.0 s)
    [  4] 34M00S60.mp4                                            15:34:00 → 15:35:00  (60.0 s)
    [  5] 35M00S60.mp4                                            15:35:00 → 15:36:00  (60.0 s)
    [  6] 36M00S60.mp4                                            15:36:00 → 15:37:00  (60.0 s)
    [  7] 37M00S60.mp4                                            15:37:00 → 15:38:00  (60.0 s)
    [  8] 38M00S60.mp4                                            15:38:00 → 15:39:00  (60.0 s)
    [  9] 39M00S60.mp4                                            15:39:00 → 15:40:00  (60.0 s)
    [ 10] 40M00S60.mp4                                            15:40:00 → 15:41:00  (60.0 s)
    [ 11] 41M00S60.mp4                                            15:41:00 → 15:42:00  (60.0 s)
    [ 12] 42M00S60.mp4                                            15:42:00 → 15:43:00  (60.0 s)
    [ 13] 43M00S60.mp4                                            15:43:00 → 15:44:00  (60.0 s)
    [ 14] 44M00S60.mp4                                            15:44:00 → 15:45:00  (60.0 s)
    [ 15] 45M00S60.mp4                                            15:45:00 → 15:46:00  (60.0 s)
    [ 16] 46M00S60.mp4                                            15:46:00 → 15:47:00  (60.0 s)
    [ 17] 47M00S60.mp4                                            15:47:00 → 15:48:00  (60.0 s)
           ↕ gap: 6.00 s  → filled with 6.00 s black frames
    [ 18] 48M06S54.mp4                                            15:48:06 → 15:49:00  (54.0 s)
    [ 19] 49M00S60.mp4                                            15:49:00 → 15:50:00  (60.0 s)
    [ 20] 50M00S60.mp4                                            15:50:00 → 15:51:00  (60.0 s)
    [ 21] 51M00S60.mp4                                            15:51:00 → 15:52:00  (60.0 s)
    [ 22] 52M00S60.mp4                                            15:52:00 → 15:53:00  (60.0 s)
    [ 23] 53M00S60.mp4                                            15:53:00 → 15:54:00  (60.0 s)
    [ 24] 54M00S60.mp4                                            15:54:00 → 15:55:00  (60.0 s)
    [ 25] 55M00S60.mp4                                            15:55:00 → 15:56:00  (60.0 s)
    [ 26] 56M00S60.mp4                                            15:56:00 → 15:57:00  (60.0 s)
    [ 27] 57M00S60.mp4                                            15:57:00 → 15:58:00  (60.0 s)
    [ 28] 58M00S60.mp4                                            15:58:00 → 15:59:00  (60.0 s)
    [ 29] 59M00S60.mp4                                            15:59:00 → 16:00:00  (60.0 s)
    [ 30] 00M00S60.mp4                                            16:00:00 → 16:01:00  (60.0 s)
    [ 31] 01M00S60.mp4                                            16:01:00 → 16:02:00  (60.0 s)
    [ 32] 02M00S60.mp4                                            16:02:00 → 16:03:00  (60.0 s)
    [ 33] 03M00S60.mp4                                            16:03:00 → 16:04:00  (60.0 s)
    [ 34] 04M00S60.mp4                                            16:04:00 → 16:05:00  (60.0 s)
    [ 35] 05M00S60.mp4                                            16:05:00 → 16:06:00  (60.0 s)
    [ 36] 06M00S60.mp4                                            16:06:00 → 16:07:00  (60.0 s)
    [ 37] 07M00S60.mp4                                            16:07:00 → 16:08:00  (60.0 s)
    [ 38] 08M00S60.mp4                                            16:08:00 → 16:09:00  (60.0 s)
    [ 39] 09M00S60.mp4                                            16:09:00 → 16:10:00  (60.0 s)
    [ 40] 10M00S60.mp4                                            16:10:00 → 16:11:00  (60.0 s)
    [ 41] 11M00S60.mp4                                            16:11:00 → 16:12:00  (60.0 s)
           ↕ overlap: 1.00 s
    [ 42] 11M59S01.mp4                                            16:11:59 → 16:12:00  (1.0 s)
    [ 43] 12M00S60.mp4                                            16:12:00 → 16:13:00  (60.0 s)
    [ 44] 13M00S60.mp4                                            16:13:00 → 16:14:00  (60.0 s)
    [ 45] 14M00S60.mp4                                            16:14:00 → 16:15:00  (60.0 s)
    [ 46] 15M00S60.mp4                                            16:15:00 → 16:16:00  (60.0 s)
    [ 47] 16M00S60.mp4                                            16:16:00 → 16:17:00  (60.0 s)
    [ 48] 17M00S60.mp4                                            16:17:00 → 16:18:00  (60.0 s)
    [ 49] 18M00S60.mp4                                            16:18:00 → 16:19:00  (60.0 s)
    [ 50] 19M00S60.mp4                                            16:19:00 → 16:20:00  (60.0 s)
    [ 51] 20M00S60.mp4                                            16:20:00 → 16:21:00  (60.0 s)
    [ 52] 21M00S60.mp4                                            16:21:00 → 16:22:00  (60.0 s)
    [ 53] 22M00S60.mp4                                            16:22:00 → 16:23:00  (60.0 s)
    [ 54] 23M00S60.mp4                                            16:23:00 → 16:24:00  (60.0 s)
    [ 55] 24M00S60.mp4                                            16:24:00 → 16:25:00  (60.0 s)
    [ 56] 25M00S60.mp4                                            16:25:00 → 16:26:00  (60.0 s)
    [ 57] 26M00S60.mp4                                            16:26:00 → 16:27:00  (60.0 s)
    [ 58] 27M00S60.mp4                                            16:27:00 → 16:28:00  (60.0 s)
    [ 59] 28M00S60.mp4                                            16:28:00 → 16:29:00  (60.0 s)
    [ 60] 29M00S60.mp4                                            16:29:00 → 16:30:00  (60.0 s)
    [ 61] 30M00S60.mp4                                            16:30:00 → 16:31:00  (60.0 s)
    [ 62] 31M00S60.mp4                                            16:31:00 → 16:32:00  (60.0 s)
           ↕ gap: 2.00 s  → filled with 2.00 s black frames
    [ 63] 32M02S58.mp4                                            16:32:02 → 16:33:00  (58.0 s)
    [ 64] 33M00S60.mp4                                            16:33:00 → 16:34:00  (60.0 s)
    [ 65] 34M00S60.mp4                                            16:34:00 → 16:35:00  (60.0 s)
    [ 66] 35M00S60.mp4                                            16:35:00 → 16:36:00  (60.0 s)
    [ 67] 36M00S60.mp4                                            16:36:00 → 16:37:00  (60.0 s)
    [ 68] 37M00S60.mp4                                            16:37:00 → 16:38:00  (60.0 s)
    [ 69] 38M00S60.mp4                                            16:38:00 → 16:39:00  (60.0 s)
    [ 70] 39M00S60.mp4                                            16:39:00 → 16:40:00  (60.0 s)
    [ 71] 40M00S60.mp4                                            16:40:00 → 16:41:00  (60.0 s)
    [ 72] 41M00S60.mp4                                            16:41:00 → 16:42:00  (60.0 s)
    [ 73] 42M00S60.mp4                                            16:42:00 → 16:43:00  (60.0 s)

────────────────────────────────────────────────────────────────────────
  Segment 9 of 10   [MERGED]   →  merged_20260424_171159_4clips.mp4
  Gap from previous segment : 1739.0 s
  Wall-clock span : 17:11:59 → 17:15:00  (181.0 s)
  Content footage : 181.0 s
  File size       : 22.1 MB

  Input clips (4)
    [  1] 11M59S01.mp4                                            17:11:59 → 17:12:00  (1.0 s)
    [  2] 12M00S60.mp4                                            17:12:00 → 17:13:00  (60.0 s)
    [  3] 13M00S60.mp4                                            17:13:00 → 17:14:00  (60.0 s)
    [  4] 14M00S60.mp4                                            17:14:00 → 17:15:00  (60.0 s)

────────────────────────────────────────────────────────────────────────
  Segment 10 of 10   [SINGLE]   →  37M19S41.mp4
  Gap from previous segment : 1339.0 s
  Wall-clock span : 17:37:19 → 17:38:00  (41.0 s)
  Content footage : 41.0 s

  Input clips (1)
    [  1] 37M19S41.mp4                                            17:37:19 → 17:38:00  (41.0 s)

