Camera Merge Log  —  P05 / front_camera
  Generated     : 2026-04-29 20:08:00 UTC
  Gap tolerance : 60.0 s  |  Black fill < 60 s
  Total clips   : 252
  Segments      : 22  (merged: 22, skipped: 0, single: 0, failed: 0)

────────────────────────────────────────────────────────────────────────
  Segment 1 of 22   [MERGED]   →  merged_20260415_163047_5clips.mp4
  Wall-clock span : 16:30:47 → 16:35:00  (253.0 s)
  Content footage : 253.0 s
  File size       : 25.7 MB

  Input clips (5)
    [  1] 30M47S13.mp4                                            16:30:47 → 16:31:00  (13.0 s)
    [  2] 31M00S60.mp4                                            16:31:00 → 16:32:00  (60.0 s)
    [  3] 32M00S60.mp4                                            16:32:00 → 16:33:00  (60.0 s)
    [  4] 33M00S60.mp4                                            16:33:00 → 16:34:00  (60.0 s)
    [  5] 34M00S60.mp4                                            16:34:00 → 16:35:00  (60.0 s)

────────────────────────────────────────────────────────────────────────
  Segment 2 of 22   [MERGED]   →  merged_20260415_163618_6clips.mp4
  Gap from previous segment : 78.0 s
  Wall-clock span : 16:36:18 → 16:42:00  (342.0 s)
  Content footage : 342.0 s
  File size       : 32.6 MB

  Input clips (6)
    [  1] 36M18S42.mp4                                            16:36:18 → 16:37:00  (42.0 s)
    [  2] 37M00S60.mp4                                            16:37:00 → 16:38:00  (60.0 s)
    [  3] 38M00S60.mp4                                            16:38:00 → 16:39:00  (60.0 s)
    [  4] 39M00S60.mp4                                            16:39:00 → 16:40:00  (60.0 s)
    [  5] 40M00S60.mp4                                            16:40:00 → 16:41:00  (60.0 s)
    [  6] 41M00S60.mp4                                            16:41:00 → 16:42:00  (60.0 s)

────────────────────────────────────────────────────────────────────────
  Segment 3 of 22   [MERGED]   →  merged_20260415_164158_13clips.mp4
  Gap from previous segment : -2.0 s
  Wall-clock span : 16:41:58 → 16:54:00  (722.0 s)
  Content footage : 632.0 s
  Black filler    : 90.00 s (3 gap(s))
  Video props     : 1920x1080 20/1 fps  yuvj420p
  Audio props     : 16000 Hz  1ch
  File size       : 53.0 MB

  Input clips (13)
    [  1] 41M58S02.mp4                                            16:41:58 → 16:42:00  (2.0 s)
    [  2] 42M00S60.mp4                                            16:42:00 → 16:43:00  (60.0 s)
    [  3] 43M00S60.mp4                                            16:43:00 → 16:44:00  (60.0 s)
    [  4] 44M00S60.mp4                                            16:44:00 → 16:45:00  (60.0 s)
    [  5] 45M00S60.mp4                                            16:45:00 → 16:46:00  (60.0 s)
    [  6] 46M00S60.mp4                                            16:46:00 → 16:47:00  (60.0 s)
    [  7] 47M00S60.mp4                                            16:47:00 → 16:48:00  (60.0 s)
           ↕ gap: 57.00 s  → filled with 57.00 s black frames
    [  8] 48M57S03.mp4                                            16:48:57 → 16:49:00  (3.0 s)
    [  9] 49M00S60.mp4                                            16:49:00 → 16:50:00  (60.0 s)
           ↕ gap: 14.00 s  → filled with 14.00 s black frames
    [ 10] 50M14S46.mp4                                            16:50:14 → 16:51:00  (46.0 s)
    [ 11] 51M00S60.mp4                                            16:51:00 → 16:52:00  (60.0 s)
           ↕ gap: 19.00 s  → filled with 19.00 s black frames
    [ 12] 52M19S41.mp4                                            16:52:19 → 16:53:00  (41.0 s)
    [ 13] 53M00S60.mp4                                            16:53:00 → 16:54:00  (60.0 s)

────────────────────────────────────────────────────────────────────────
  Segment 4 of 22   [MERGED]   →  merged_20260415_165853_7clips.mp4
  Gap from previous segment : 293.0 s
  Wall-clock span : 16:58:53 → 17:05:00  (367.0 s)
  Content footage : 330.0 s
  Black filler    : 37.00 s (3 gap(s))
  Video props     : 1920x1080 20/1 fps  yuvj420p
  Audio props     : 16000 Hz  1ch
  File size       : 23.7 MB

  Input clips (7)
    [  1] 58M53S07.mp4                                            16:58:53 → 16:59:00  (7.0 s)
    [  2] 59M00S60.mp4                                            16:59:00 → 17:00:00  (60.0 s)
           ↕ gap: 22.00 s  → filled with 22.00 s black frames
    [  3] 00M22S38.mp4                                            17:00:22 → 17:01:00  (38.0 s)
    [  4] 01M00S60.mp4                                            17:01:00 → 17:02:00  (60.0 s)
           ↕ gap: 14.00 s  → filled with 14.00 s black frames
    [  5] 02M14S45.mp4                                            17:02:14 → 17:02:59  (45.0 s)
           ↕ gap: 1.00 s  → filled with 1.00 s black frames
    [  6] 03M00S60.mp4                                            17:03:00 → 17:04:00  (60.0 s)
    [  7] 04M00S60.mp4                                            17:04:00 → 17:05:00  (60.0 s)

────────────────────────────────────────────────────────────────────────
  Segment 5 of 22   [MERGED]   →  merged_20260415_170626_2clips.mp4
  Gap from previous segment : 86.0 s
  Wall-clock span : 17:06:26 → 17:08:00  (94.0 s)
  Content footage : 94.0 s
  File size       : 6.8 MB

  Input clips (2)
    [  1] 06M26S34.mp4                                            17:06:26 → 17:07:00  (34.0 s)
    [  2] 07M00S60.mp4                                            17:07:00 → 17:08:00  (60.0 s)

────────────────────────────────────────────────────────────────────────
  Segment 6 of 22   [MERGED]   →  merged_20260415_170927_2clips.mp4
  Gap from previous segment : 87.0 s
  Wall-clock span : 17:09:27 → 17:11:00  (93.0 s)
  Content footage : 93.0 s
  File size       : 6.7 MB

  Input clips (2)
    [  1] 09M27S33.mp4                                            17:09:27 → 17:10:00  (33.0 s)
    [  2] 10M00S60.mp4                                            17:10:00 → 17:11:00  (60.0 s)

────────────────────────────────────────────────────────────────────────
  Segment 7 of 22   [MERGED]   →  merged_20260415_171058_5clips.mp4
  Gap from previous segment : -2.0 s
  Wall-clock span : 17:10:58 → 17:15:00  (242.0 s)
  Content footage : 211.0 s
  Black filler    : 31.00 s (1 gap(s))
  Video props     : 1920x1080 20/1 fps  yuvj420p
  Audio props     : 16000 Hz  1ch
  File size       : 15.0 MB

  Input clips (5)
    [  1] 10M58S02.mp4                                            17:10:58 → 17:11:00  (2.0 s)
    [  2] 11M00S60.mp4                                            17:11:00 → 17:12:00  (60.0 s)
    [  3] 12M00S60.mp4                                            17:12:00 → 17:13:00  (60.0 s)
           ↕ gap: 31.00 s  → filled with 31.00 s black frames
    [  4] 13M31S29.mp4                                            17:13:31 → 17:14:00  (29.0 s)
    [  5] 14M00S60.mp4                                            17:14:00 → 17:15:00  (60.0 s)

────────────────────────────────────────────────────────────────────────
  Segment 8 of 22   [MERGED]   →  merged_20260415_172055_2clips.mp4
  Gap from previous segment : 355.0 s
  Wall-clock span : 17:20:55 → 17:22:00  (65.0 s)
  Content footage : 65.0 s
  File size       : 4.6 MB

  Input clips (2)
    [  1] 20M55S05.mp4                                            17:20:55 → 17:21:00  (5.0 s)
    [  2] 21M00S60.mp4                                            17:21:00 → 17:22:00  (60.0 s)

────────────────────────────────────────────────────────────────────────
  Segment 9 of 22   [MERGED]   →  merged_20260415_172411_4clips.mp4
  Gap from previous segment : 131.0 s
  Wall-clock span : 17:24:11 → 17:28:00  (229.0 s)
  Content footage : 229.0 s
  File size       : 16.5 MB

  Input clips (4)
    [  1] 24M11S49.mp4                                            17:24:11 → 17:25:00  (49.0 s)
    [  2] 25M00S60.mp4                                            17:25:00 → 17:26:00  (60.0 s)
    [  3] 26M00S60.mp4                                            17:26:00 → 17:27:00  (60.0 s)
    [  4] 27M00S60.mp4                                            17:27:00 → 17:28:00  (60.0 s)

────────────────────────────────────────────────────────────────────────
  Segment 10 of 22   [MERGED]   →  merged_20260415_172939_3clips.mp4
  Gap from previous segment : 99.0 s
  Wall-clock span : 17:29:39 → 17:32:00  (141.0 s)
  Content footage : 141.0 s
  File size       : 10.1 MB

  Input clips (3)
    [  1] 29M39S21.mp4                                            17:29:39 → 17:30:00  (21.0 s)
    [  2] 30M00S60.mp4                                            17:30:00 → 17:31:00  (60.0 s)
    [  3] 31M00S60.mp4                                            17:31:00 → 17:32:00  (60.0 s)

────────────────────────────────────────────────────────────────────────
  Segment 11 of 22   [MERGED]   →  merged_20260415_173513_5clips.mp4
  Gap from previous segment : 193.0 s
  Wall-clock span : 17:35:13 → 17:40:00  (287.0 s)
  Content footage : 264.0 s
  Black filler    : 23.00 s (1 gap(s))
  Video props     : 1920x1080 20/1 fps  yuvj420p
  Audio props     : 16000 Hz  1ch
  File size       : 18.9 MB

  Input clips (5)
    [  1] 35M13S47.mp4                                            17:35:13 → 17:36:00  (47.0 s)
    [  2] 36M00S60.mp4                                            17:36:00 → 17:37:00  (60.0 s)
    [  3] 37M00S60.mp4                                            17:37:00 → 17:38:00  (60.0 s)
           ↕ gap: 23.00 s  → filled with 23.00 s black frames
    [  4] 38M23S37.mp4                                            17:38:23 → 17:39:00  (37.0 s)
    [  5] 39M00S60.mp4                                            17:39:00 → 17:40:00  (60.0 s)

────────────────────────────────────────────────────────────────────────
  Segment 12 of 22   [MERGED]   →  merged_20260415_174125_52clips.mp4
  Gap from previous segment : 85.0 s
  Wall-clock span : 17:41:25 → 18:32:00  (3035.0 s)
  Content footage : 3029.0 s
  Black filler    : 7.00 s (1 gap(s))
  Video props     : 1920x1080 20/1 fps  yuvj420p
  Audio props     : 16000 Hz  1ch
  File size       : 287.7 MB
  Intra-overlaps  : 1.00 s

  Input clips (52)
    [  1] 41M25S35.mp4                                            17:41:25 → 17:42:00  (35.0 s)
    [  2] 42M00S60.mp4                                            17:42:00 → 17:43:00  (60.0 s)
    [  3] 43M00S60.mp4                                            17:43:00 → 17:44:00  (60.0 s)
    [  4] 44M00S60.mp4                                            17:44:00 → 17:45:00  (60.0 s)
    [  5] 45M00S60.mp4                                            17:45:00 → 17:46:00  (60.0 s)
    [  6] 46M00S60.mp4                                            17:46:00 → 17:47:00  (60.0 s)
           ↕ overlap: 1.00 s
    [  7] 46M59S01.mp4                                            17:46:59 → 17:47:00  (1.0 s)
    [  8] 47M00S60.mp4                                            17:47:00 → 17:48:00  (60.0 s)
    [  9] 48M00S60.mp4                                            17:48:00 → 17:49:00  (60.0 s)
    [ 10] 49M00S60.mp4                                            17:49:00 → 17:50:00  (60.0 s)
    [ 11] 50M00S60.mp4                                            17:50:00 → 17:51:00  (60.0 s)
    [ 12] 51M00S60.mp4                                            17:51:00 → 17:52:00  (60.0 s)
    [ 13] 52M00S60.mp4                                            17:52:00 → 17:53:00  (60.0 s)
    [ 14] 53M00S60.mp4                                            17:53:00 → 17:54:00  (60.0 s)
    [ 15] 54M00S60.mp4                                            17:54:00 → 17:55:00  (60.0 s)
    [ 16] 55M00S60.mp4                                            17:55:00 → 17:56:00  (60.0 s)
    [ 17] 56M00S60.mp4                                            17:56:00 → 17:57:00  (60.0 s)
    [ 18] 57M00S60.mp4                                            17:57:00 → 17:58:00  (60.0 s)
    [ 19] 58M00S60.mp4                                            17:58:00 → 17:59:00  (60.0 s)
    [ 20] 59M00S60.mp4                                            17:59:00 → 18:00:00  (60.0 s)
    [ 21] 00M00S60.mp4                                            18:00:00 → 18:01:00  (60.0 s)
    [ 22] 01M00S60.mp4                                            18:01:00 → 18:02:00  (60.0 s)
    [ 23] 02M00S60.mp4                                            18:02:00 → 18:03:00  (60.0 s)
    [ 24] 03M00S60.mp4                                            18:03:00 → 18:04:00  (60.0 s)
    [ 25] 04M00S60.mp4                                            18:04:00 → 18:05:00  (60.0 s)
    [ 26] 05M00S60.mp4                                            18:05:00 → 18:06:00  (60.0 s)
    [ 27] 06M00S60.mp4                                            18:06:00 → 18:07:00  (60.0 s)
           ↕ gap: 7.00 s  → filled with 7.00 s black frames
    [ 28] 07M07S53.mp4                                            18:07:07 → 18:08:00  (53.0 s)
    [ 29] 08M00S60.mp4                                            18:08:00 → 18:09:00  (60.0 s)
    [ 30] 09M00S60.mp4                                            18:09:00 → 18:10:00  (60.0 s)
    [ 31] 10M00S60.mp4                                            18:10:00 → 18:11:00  (60.0 s)
    [ 32] 11M00S60.mp4                                            18:11:00 → 18:12:00  (60.0 s)
    [ 33] 12M00S60.mp4                                            18:12:00 → 18:13:00  (60.0 s)
    [ 34] 13M00S60.mp4                                            18:13:00 → 18:14:00  (60.0 s)
    [ 35] 14M00S60.mp4                                            18:14:00 → 18:15:00  (60.0 s)
    [ 36] 15M00S60.mp4                                            18:15:00 → 18:16:00  (60.0 s)
    [ 37] 16M00S60.mp4                                            18:16:00 → 18:17:00  (60.0 s)
    [ 38] 17M00S60.mp4                                            18:17:00 → 18:18:00  (60.0 s)
    [ 39] 18M00S60.mp4                                            18:18:00 → 18:19:00  (60.0 s)
    [ 40] 19M00S60.mp4                                            18:19:00 → 18:20:00  (60.0 s)
    [ 41] 20M00S60.mp4                                            18:20:00 → 18:21:00  (60.0 s)
    [ 42] 21M00S60.mp4                                            18:21:00 → 18:22:00  (60.0 s)
    [ 43] 22M00S60.mp4                                            18:22:00 → 18:23:00  (60.0 s)
    [ 44] 23M00S60.mp4                                            18:23:00 → 18:24:00  (60.0 s)
    [ 45] 24M00S60.mp4                                            18:24:00 → 18:25:00  (60.0 s)
    [ 46] 25M00S60.mp4                                            18:25:00 → 18:26:00  (60.0 s)
    [ 47] 26M00S60.mp4                                            18:26:00 → 18:27:00  (60.0 s)
    [ 48] 27M00S60.mp4                                            18:27:00 → 18:28:00  (60.0 s)
    [ 49] 28M00S60.mp4                                            18:28:00 → 18:29:00  (60.0 s)
    [ 50] 29M00S60.mp4                                            18:29:00 → 18:30:00  (60.0 s)
    [ 51] 30M00S60.mp4                                            18:30:00 → 18:31:00  (60.0 s)
    [ 52] 31M00S60.mp4                                            18:31:00 → 18:32:00  (60.0 s)

────────────────────────────────────────────────────────────────────────
  Segment 13 of 22   [MERGED]   →  merged_20260415_183158_108clips.mp4
  Gap from previous segment : -2.0 s
  Wall-clock span : 18:31:58 → 20:18:00  (6362.0 s)
  Content footage : 6361.0 s
  Black filler    : 2.00 s (2 gap(s))
  Video props     : 1920x1080 20/1 fps  yuvj420p
  Audio props     : 16000 Hz  1ch
  File size       : 680.9 MB
  Intra-overlaps  : 1.00 s

  Input clips (108)
    [  1] 31M58S02.mp4                                            18:31:58 → 18:32:00  (2.0 s)
    [  2] 32M00S60.mp4                                            18:32:00 → 18:33:00  (60.0 s)
    [  3] 33M00S60.mp4                                            18:33:00 → 18:34:00  (60.0 s)
    [  4] 34M00S60.mp4                                            18:34:00 → 18:35:00  (60.0 s)
    [  5] 35M00S60.mp4                                            18:35:00 → 18:36:00  (60.0 s)
    [  6] 36M00S60.mp4                                            18:36:00 → 18:37:00  (60.0 s)
    [  7] 37M00S60.mp4                                            18:37:00 → 18:38:00  (60.0 s)
    [  8] 38M00S60.mp4                                            18:38:00 → 18:39:00  (60.0 s)
    [  9] 39M00S60.mp4                                            18:39:00 → 18:40:00  (60.0 s)
    [ 10] 40M00S60.mp4                                            18:40:00 → 18:41:00  (60.0 s)
    [ 11] 41M00S60.mp4                                            18:41:00 → 18:42:00  (60.0 s)
    [ 12] 42M00S60.mp4                                            18:42:00 → 18:43:00  (60.0 s)
    [ 13] 43M00S60.mp4                                            18:43:00 → 18:44:00  (60.0 s)
    [ 14] 44M00S60.mp4                                            18:44:00 → 18:45:00  (60.0 s)
    [ 15] 45M00S60.mp4                                            18:45:00 → 18:46:00  (60.0 s)
    [ 16] 46M00S60.mp4                                            18:46:00 → 18:47:00  (60.0 s)
    [ 17] 47M00S60.mp4                                            18:47:00 → 18:48:00  (60.0 s)
    [ 18] 48M00S60.mp4                                            18:48:00 → 18:49:00  (60.0 s)
    [ 19] 49M00S60.mp4                                            18:49:00 → 18:50:00  (60.0 s)
    [ 20] 50M00S60.mp4                                            18:50:00 → 18:51:00  (60.0 s)
    [ 21] 51M00S60.mp4                                            18:51:00 → 18:52:00  (60.0 s)
    [ 22] 52M00S60.mp4                                            18:52:00 → 18:53:00  (60.0 s)
    [ 23] 53M00S60.mp4                                            18:53:00 → 18:54:00  (60.0 s)
    [ 24] 54M00S60.mp4                                            18:54:00 → 18:55:00  (60.0 s)
    [ 25] 55M00S60.mp4                                            18:55:00 → 18:56:00  (60.0 s)
    [ 26] 56M00S60.mp4                                            18:56:00 → 18:57:00  (60.0 s)
    [ 27] 57M00S60.mp4                                            18:57:00 → 18:58:00  (60.0 s)
    [ 28] 58M00S60.mp4                                            18:58:00 → 18:59:00  (60.0 s)
    [ 29] 59M00S60.mp4                                            18:59:00 → 19:00:00  (60.0 s)
    [ 30] 00M00S60.mp4                                            19:00:00 → 19:01:00  (60.0 s)
    [ 31] 01M00S60.mp4                                            19:01:00 → 19:02:00  (60.0 s)
    [ 32] 02M00S60.mp4                                            19:02:00 → 19:03:00  (60.0 s)
           ↕ gap: 1.00 s  → filled with 1.00 s black frames
    [ 33] 03M01S59.mp4                                            19:03:01 → 19:04:00  (59.0 s)
    [ 34] 04M00S60.mp4                                            19:04:00 → 19:05:00  (60.0 s)
    [ 35] 05M00S60.mp4                                            19:05:00 → 19:06:00  (60.0 s)
    [ 36] 06M00S60.mp4                                            19:06:00 → 19:07:00  (60.0 s)
    [ 37] 07M00S60.mp4                                            19:07:00 → 19:08:00  (60.0 s)
    [ 38] 08M00S60.mp4                                            19:08:00 → 19:09:00  (60.0 s)
    [ 39] 09M00S60.mp4                                            19:09:00 → 19:10:00  (60.0 s)
    [ 40] 10M00S60.mp4                                            19:10:00 → 19:11:00  (60.0 s)
    [ 41] 11M00S60.mp4                                            19:11:00 → 19:12:00  (60.0 s)
    [ 42] 12M00S60.mp4                                            19:12:00 → 19:13:00  (60.0 s)
    [ 43] 13M00S60.mp4                                            19:13:00 → 19:14:00  (60.0 s)
    [ 44] 14M00S60.mp4                                            19:14:00 → 19:15:00  (60.0 s)
    [ 45] 15M00S60.mp4                                            19:15:00 → 19:16:00  (60.0 s)
    [ 46] 16M00S60.mp4                                            19:16:00 → 19:17:00  (60.0 s)
    [ 47] 17M00S60.mp4                                            19:17:00 → 19:18:00  (60.0 s)
    [ 48] 18M00S60.mp4                                            19:18:00 → 19:19:00  (60.0 s)
    [ 49] 19M00S60.mp4                                            19:19:00 → 19:20:00  (60.0 s)
    [ 50] 20M00S60.mp4                                            19:20:00 → 19:21:00  (60.0 s)
    [ 51] 21M00S60.mp4                                            19:21:00 → 19:22:00  (60.0 s)
    [ 52] 22M00S60.mp4                                            19:22:00 → 19:23:00  (60.0 s)
    [ 53] 23M00S60.mp4                                            19:23:00 → 19:24:00  (60.0 s)
    [ 54] 24M00S60.mp4                                            19:24:00 → 19:25:00  (60.0 s)
    [ 55] 25M00S60.mp4                                            19:25:00 → 19:26:00  (60.0 s)
    [ 56] 26M00S60.mp4                                            19:26:00 → 19:27:00  (60.0 s)
    [ 57] 27M00S60.mp4                                            19:27:00 → 19:28:00  (60.0 s)
    [ 58] 28M00S60.mp4                                            19:28:00 → 19:29:00  (60.0 s)
    [ 59] 29M00S60.mp4                                            19:29:00 → 19:30:00  (60.0 s)
    [ 60] 30M00S60.mp4                                            19:30:00 → 19:31:00  (60.0 s)
    [ 61] 31M00S60.mp4                                            19:31:00 → 19:32:00  (60.0 s)
           ↕ overlap: 1.00 s
    [ 62] 31M59S01.mp4                                            19:31:59 → 19:32:00  (1.0 s)
    [ 63] 32M00S60.mp4                                            19:32:00 → 19:33:00  (60.0 s)
    [ 64] 33M00S60.mp4                                            19:33:00 → 19:34:00  (60.0 s)
    [ 65] 34M00S60.mp4                                            19:34:00 → 19:35:00  (60.0 s)
    [ 66] 35M00S60.mp4                                            19:35:00 → 19:36:00  (60.0 s)
    [ 67] 36M00S60.mp4                                            19:36:00 → 19:37:00  (60.0 s)
    [ 68] 37M00S60.mp4                                            19:37:00 → 19:38:00  (60.0 s)
    [ 69] 38M00S60.mp4                                            19:38:00 → 19:39:00  (60.0 s)
    [ 70] 39M00S60.mp4                                            19:39:00 → 19:40:00  (60.0 s)
    [ 71] 40M00S60.mp4                                            19:40:00 → 19:41:00  (60.0 s)
    [ 72] 41M00S60.mp4                                            19:41:00 → 19:42:00  (60.0 s)
    [ 73] 42M00S60.mp4                                            19:42:00 → 19:43:00  (60.0 s)
    [ 74] 43M00S60.mp4                                            19:43:00 → 19:44:00  (60.0 s)
    [ 75] 44M00S60.mp4                                            19:44:00 → 19:45:00  (60.0 s)
    [ 76] 45M00S60.mp4                                            19:45:00 → 19:46:00  (60.0 s)
    [ 77] 46M00S60.mp4                                            19:46:00 → 19:47:00  (60.0 s)
    [ 78] 47M00S60.mp4                                            19:47:00 → 19:48:00  (60.0 s)
    [ 79] 48M00S60.mp4                                            19:48:00 → 19:49:00  (60.0 s)
    [ 80] 49M00S60.mp4                                            19:49:00 → 19:50:00  (60.0 s)
    [ 81] 50M00S60.mp4                                            19:50:00 → 19:51:00  (60.0 s)
    [ 82] 51M00S60.mp4                                            19:51:00 → 19:52:00  (60.0 s)
    [ 83] 52M00S60.mp4                                            19:52:00 → 19:53:00  (60.0 s)
    [ 84] 53M00S60.mp4                                            19:53:00 → 19:54:00  (60.0 s)
    [ 85] 54M00S60.mp4                                            19:54:00 → 19:55:00  (60.0 s)
    [ 86] 55M00S60.mp4                                            19:55:00 → 19:56:00  (60.0 s)
    [ 87] 56M00S60.mp4                                            19:56:00 → 19:57:00  (60.0 s)
    [ 88] 57M00S60.mp4                                            19:57:00 → 19:58:00  (60.0 s)
           ↕ gap: 1.00 s  → filled with 1.00 s black frames
    [ 89] 58M01S59.mp4                                            19:58:01 → 19:59:00  (59.0 s)
    [ 90] 59M00S60.mp4                                            19:59:00 → 20:00:00  (60.0 s)
    [ 91] 00M00S60.mp4                                            20:00:00 → 20:01:00  (60.0 s)
    [ 92] 01M00S60.mp4                                            20:01:00 → 20:02:00  (60.0 s)
    [ 93] 02M00S60.mp4                                            20:02:00 → 20:03:00  (60.0 s)
    [ 94] 03M00S60.mp4                                            20:03:00 → 20:04:00  (60.0 s)
    [ 95] 04M00S60.mp4                                            20:04:00 → 20:05:00  (60.0 s)
    [ 96] 05M00S60.mp4                                            20:05:00 → 20:06:00  (60.0 s)
    [ 97] 06M00S60.mp4                                            20:06:00 → 20:07:00  (60.0 s)
    [ 98] 07M00S60.mp4                                            20:07:00 → 20:08:00  (60.0 s)
    [ 99] 08M00S60.mp4                                            20:08:00 → 20:09:00  (60.0 s)
    [100] 09M00S60.mp4                                            20:09:00 → 20:10:00  (60.0 s)
    [101] 10M00S60.mp4                                            20:10:00 → 20:11:00  (60.0 s)
    [102] 11M00S60.mp4                                            20:11:00 → 20:12:00  (60.0 s)
    [103] 12M00S60.mp4                                            20:12:00 → 20:13:00  (60.0 s)
    [104] 13M00S60.mp4                                            20:13:00 → 20:14:00  (60.0 s)
    [105] 14M00S60.mp4                                            20:14:00 → 20:15:00  (60.0 s)
    [106] 15M00S60.mp4                                            20:15:00 → 20:16:00  (60.0 s)
    [107] 16M00S60.mp4                                            20:16:00 → 20:17:00  (60.0 s)
    [108] 17M00S60.mp4                                            20:17:00 → 20:18:00  (60.0 s)

────────────────────────────────────────────────────────────────────────
  Segment 14 of 22   [MERGED]   →  merged_20260415_201909_2clips.mp4
  Gap from previous segment : 69.0 s
  Wall-clock span : 20:19:09 → 20:21:00  (111.0 s)
  Content footage : 111.0 s
  File size       : 8.5 MB

  Input clips (2)
    [  1] 19M09S51.mp4                                            20:19:09 → 20:20:00  (51.0 s)
    [  2] 20M00S60.mp4                                            20:20:00 → 20:21:00  (60.0 s)

────────────────────────────────────────────────────────────────────────
  Segment 15 of 22   [MERGED]   →  merged_20260415_202216_4clips.mp4
  Gap from previous segment : 76.0 s
  Wall-clock span : 20:22:16 → 20:26:00  (224.0 s)
  Content footage : 224.0 s
  File size       : 16.8 MB

  Input clips (4)
    [  1] 22M16S44.mp4                                            20:22:16 → 20:23:00  (44.0 s)
    [  2] 23M00S60.mp4                                            20:23:00 → 20:24:00  (60.0 s)
    [  3] 24M00S60.mp4                                            20:24:00 → 20:25:00  (60.0 s)
    [  4] 25M00S60.mp4                                            20:25:00 → 20:26:00  (60.0 s)

────────────────────────────────────────────────────────────────────────
  Segment 16 of 22   [MERGED]   →  merged_20260415_203439_2clips.mp4
  Gap from previous segment : 519.0 s
  Wall-clock span : 20:34:39 → 20:36:00  (81.0 s)
  Content footage : 81.0 s
  File size       : 5.9 MB

  Input clips (2)
    [  1] 34M39S21.mp4                                            20:34:39 → 20:35:00  (21.0 s)
    [  2] 35M00S60.mp4                                            20:35:00 → 20:36:00  (60.0 s)

────────────────────────────────────────────────────────────────────────
  Segment 17 of 22   [MERGED]   →  merged_20260415_203707_3clips.mp4
  Gap from previous segment : 67.0 s
  Wall-clock span : 20:37:07 → 20:40:00  (173.0 s)
  Content footage : 173.0 s
  File size       : 13.4 MB

  Input clips (3)
    [  1] 37M07S53.mp4                                            20:37:07 → 20:38:00  (53.0 s)
    [  2] 38M00S60.mp4                                            20:38:00 → 20:39:00  (60.0 s)
    [  3] 39M00S60.mp4                                            20:39:00 → 20:40:00  (60.0 s)

────────────────────────────────────────────────────────────────────────
  Segment 18 of 22   [MERGED]   →  merged_20260415_204338_6clips.mp4
  Gap from previous segment : 218.0 s
  Wall-clock span : 20:43:38 → 20:49:00  (322.0 s)
  Content footage : 274.0 s
  Black filler    : 48.00 s (2 gap(s))
  Video props     : 1920x1080 20/1 fps  yuvj420p
  Audio props     : 16000 Hz  1ch
  File size       : 20.8 MB

  Input clips (6)
    [  1] 43M38S22.mp4                                            20:43:38 → 20:44:00  (22.0 s)
    [  2] 44M00S60.mp4                                            20:44:00 → 20:45:00  (60.0 s)
           ↕ gap: 27.00 s  → filled with 27.00 s black frames
    [  3] 45M27S33.mp4                                            20:45:27 → 20:46:00  (33.0 s)
    [  4] 46M00S60.mp4                                            20:46:00 → 20:47:00  (60.0 s)
           ↕ gap: 21.00 s  → filled with 21.00 s black frames
    [  5] 47M21S39.mp4                                            20:47:21 → 20:48:00  (39.0 s)
    [  6] 48M00S60.mp4                                            20:48:00 → 20:49:00  (60.0 s)

────────────────────────────────────────────────────────────────────────
  Segment 19 of 22   [MERGED]   →  merged_20260415_205102_5clips.mp4
  Gap from previous segment : 122.0 s
  Wall-clock span : 20:51:02 → 20:56:00  (298.0 s)
  Content footage : 291.0 s
  Black filler    : 7.00 s (1 gap(s))
  Video props     : 1920x1080 20/1 fps  yuvj420p
  Audio props     : 16000 Hz  1ch
  File size       : 21.9 MB

  Input clips (5)
    [  1] 51M02S58.mp4                                            20:51:02 → 20:52:00  (58.0 s)
    [  2] 52M00S60.mp4                                            20:52:00 → 20:53:00  (60.0 s)
           ↕ gap: 7.00 s  → filled with 7.00 s black frames
    [  3] 53M07S53.mp4                                            20:53:07 → 20:54:00  (53.0 s)
    [  4] 54M00S60.mp4                                            20:54:00 → 20:55:00  (60.0 s)
    [  5] 55M00S60.mp4                                            20:55:00 → 20:56:00  (60.0 s)

────────────────────────────────────────────────────────────────────────
  Segment 20 of 22   [MERGED]   →  merged_20260415_205735_2clips.mp4
  Gap from previous segment : 95.0 s
  Wall-clock span : 20:57:35 → 20:59:00  (85.0 s)
  Content footage : 85.0 s
  File size       : 6.2 MB

  Input clips (2)
    [  1] 57M35S25.mp4                                            20:57:35 → 20:58:00  (25.0 s)
    [  2] 58M00S60.mp4                                            20:58:00 → 20:59:00  (60.0 s)

────────────────────────────────────────────────────────────────────────
  Segment 21 of 22   [MERGED]   →  merged_20260415_210336_2clips.mp4
  Gap from previous segment : 276.0 s
  Wall-clock span : 21:03:36 → 21:05:00  (84.0 s)
  Content footage : 84.0 s
  File size       : 6.1 MB

  Input clips (2)
    [  1] 03M36S24.mp4                                            21:03:36 → 21:04:00  (24.0 s)
    [  2] 04M00S60.mp4                                            21:04:00 → 21:05:00  (60.0 s)

────────────────────────────────────────────────────────────────────────
  Segment 22 of 22   [MERGED]   →  merged_20260415_211245_12clips.mp4
  Gap from previous segment : 465.0 s
  Wall-clock span : 21:12:45 → 21:24:00  (675.0 s)
  Content footage : 648.0 s
  Black filler    : 27.00 s (1 gap(s))
  Video props     : 1920x1080 20/1 fps  yuvj420p
  Audio props     : 16000 Hz  1ch
  File size       : 78.2 MB

  Input clips (12)
    [  1] 12M45S15.mp4                                            21:12:45 → 21:13:00  (15.0 s)
    [  2] 13M00S60.mp4                                            21:13:00 → 21:14:00  (60.0 s)
    [  3] 14M00S60.mp4                                            21:14:00 → 21:15:00  (60.0 s)
    [  4] 15M00S60.mp4                                            21:15:00 → 21:16:00  (60.0 s)
    [  5] 16M00S60.mp4                                            21:16:00 → 21:17:00  (60.0 s)
    [  6] 17M00S60.mp4                                            21:17:00 → 21:18:00  (60.0 s)
           ↕ gap: 27.00 s  → filled with 27.00 s black frames
    [  7] 18M27S33.mp4                                            21:18:27 → 21:19:00  (33.0 s)
    [  8] 19M00S60.mp4                                            21:19:00 → 21:20:00  (60.0 s)
    [  9] 20M00S60.mp4                                            21:20:00 → 21:21:00  (60.0 s)
    [ 10] 21M00S60.mp4                                            21:21:00 → 21:22:00  (60.0 s)
    [ 11] 22M00S60.mp4                                            21:22:00 → 21:23:00  (60.0 s)
    [ 12] 23M00S60.mp4                                            21:23:00 → 21:24:00  (60.0 s)

