Camera Merge Log  —  P12 / back_camera
  Generated     : 2026-04-29 20:10:58 UTC
  Gap tolerance : 60.0 s  |  Black fill < 60 s
  Total clips   : 119
  Segments      : 4  (merged: 4, skipped: 0, single: 0, failed: 0)
  Dropped clips : 1  (spurious trailing restart stub(s) removed)

────────────────────────────────────────────────────────────────────────
  Segment 1 of 4   [MERGED]   →  merged_20260425_173840_4clips.mp4
  Wall-clock span : 17:38:40 → 17:42:00  (200.0 s)
  Content footage : 200.0 s
  File size       : 23.3 MB

  Input clips (4)
    [  1] W438M40S20.mp4                                          17:38:40 → 17:39:00  (20.0 s)
    [  2] W439M00S60.mp4                                          17:39:00 → 17:40:00  (60.0 s)
    [  3] W440M00S60.mp4                                          17:40:00 → 17:41:00  (60.0 s)
    [  4] W441M00S60.mp4                                          17:41:00 → 17:42:00  (60.0 s)

────────────────────────────────────────────────────────────────────────
  Segment 2 of 4   [MERGED]   →  merged_20260425_174529_3clips.mp4
  Gap from previous segment : 209.0 s
  Wall-clock span : 17:45:29 → 17:48:00  (151.0 s)
  Content footage : 151.0 s
  File size       : 16.1 MB

  Input clips (3)
    [  1] W445M29S31.mp4                                          17:45:29 → 17:46:00  (31.0 s)
    [  2] W446M00S60.mp4                                          17:46:00 → 17:47:00  (60.0 s)
    [  3] W447M00S60.mp4                                          17:47:00 → 17:48:00  (60.0 s)

────────────────────────────────────────────────────────────────────────
  Segment 3 of 4   [MERGED]   →  merged_20260425_175936_3clips.mp4
  Gap from previous segment : 696.0 s
  Wall-clock span : 17:59:36 → 18:02:00  (144.0 s)
  Content footage : 144.0 s
  File size       : 17.1 MB

  Input clips (3)
    [  1] W459M36S24.mp4                                          17:59:36 → 18:00:00  (24.0 s)
    [  2] W400M00S60.mp4                                          18:00:00 → 18:01:00  (60.0 s)
    [  3] W401M00S60.mp4                                          18:01:00 → 18:02:00  (60.0 s)

────────────────────────────────────────────────────────────────────────
  Segment 4 of 4   [MERGED]   →  merged_20260425_182850_108clips.mp4
  Gap from previous segment : 1610.0 s
  Wall-clock span : 18:28:50 → 20:16:00  (6430.0 s)
  Content footage : 6159.0 s
  Black filler    : 271.00 s (16 gap(s))
  Video props     : 1920x1080 20/1 fps  yuvj420p
  Audio props     : 16000 Hz  1ch
  File size       : 614.2 MB
  Dropped clips   : 1  (superseded by next clip — same start time)
    [drop] W452M00S02.mp4                                          19:52:00 → 19:52:02  (2.0 s)

  Input clips (108)
    [  1] W428M50S10.mp4                                          18:28:50 → 18:29:00  (10.0 s)
    [  2] W429M00S60.mp4                                          18:29:00 → 18:30:00  (60.0 s)
    [  3] W430M00S60.mp4                                          18:30:00 → 18:31:00  (60.0 s)
    [  4] W431M00S60.mp4                                          18:31:00 → 18:32:00  (60.0 s)
    [  5] W432M00S60.mp4                                          18:32:00 → 18:33:00  (60.0 s)
    [  6] W433M00S60.mp4                                          18:33:00 → 18:34:00  (60.0 s)
           ↕ gap: 4.00 s  → filled with 4.00 s black frames
    [  7] W434M04S56.mp4                                          18:34:04 → 18:35:00  (56.0 s)
    [  8] W435M00S60.mp4                                          18:35:00 → 18:36:00  (60.0 s)
    [  9] W436M00S60.mp4                                          18:36:00 → 18:37:00  (60.0 s)
    [ 10] W437M00S60.mp4                                          18:37:00 → 18:38:00  (60.0 s)
    [ 11] W438M00S60.mp4                                          18:38:00 → 18:39:00  (60.0 s)
    [ 12] W439M00S60.mp4                                          18:39:00 → 18:40:00  (60.0 s)
    [ 13] W440M00S60.mp4                                          18:40:00 → 18:41:00  (60.0 s)
    [ 14] W441M00S60.mp4                                          18:41:00 → 18:42:00  (60.0 s)
    [ 15] W442M00S60.mp4                                          18:42:00 → 18:43:00  (60.0 s)
    [ 16] W443M00S60.mp4                                          18:43:00 → 18:44:00  (60.0 s)
    [ 17] W444M00S60.mp4                                          18:44:00 → 18:45:00  (60.0 s)
    [ 18] W445M00S60.mp4                                          18:45:00 → 18:46:00  (60.0 s)
           ↕ gap: 2.00 s  → filled with 2.00 s black frames
    [ 19] W446M02S58.mp4                                          18:46:02 → 18:47:00  (58.0 s)
    [ 20] W447M00S60.mp4                                          18:47:00 → 18:48:00  (60.0 s)
    [ 21] W448M00S60.mp4                                          18:48:00 → 18:49:00  (60.0 s)
    [ 22] W449M00S60.mp4                                          18:49:00 → 18:50:00  (60.0 s)
    [ 23] W450M00S60.mp4                                          18:50:00 → 18:51:00  (60.0 s)
    [ 24] W451M00S60.mp4                                          18:51:00 → 18:52:00  (60.0 s)
    [ 25] W452M00S60.mp4                                          18:52:00 → 18:53:00  (60.0 s)
    [ 26] W453M00S60.mp4                                          18:53:00 → 18:54:00  (60.0 s)
    [ 27] W454M00S60.mp4                                          18:54:00 → 18:55:00  (60.0 s)
    [ 28] W455M00S60.mp4                                          18:55:00 → 18:56:00  (60.0 s)
    [ 29] W456M00S60.mp4                                          18:56:00 → 18:57:00  (60.0 s)
           ↕ gap: 3.00 s  → filled with 3.00 s black frames
    [ 30] W457M03S57.mp4                                          18:57:03 → 18:58:00  (57.0 s)
    [ 31] W458M00S60.mp4                                          18:58:00 → 18:59:00  (60.0 s)
    [ 32] W459M00S60.mp4                                          18:59:00 → 19:00:00  (60.0 s)
    [ 33] W400M00S60.mp4                                          19:00:00 → 19:01:00  (60.0 s)
           ↕ gap: 7.00 s  → filled with 7.00 s black frames
    [ 34] W401M07S53.mp4                                          19:01:07 → 19:02:00  (53.0 s)
    [ 35] W402M00S60.mp4                                          19:02:00 → 19:03:00  (60.0 s)
    [ 36] W403M00S60.mp4                                          19:03:00 → 19:04:00  (60.0 s)
    [ 37] W404M00S60.mp4                                          19:04:00 → 19:05:00  (60.0 s)
    [ 38] W405M00S60.mp4                                          19:05:00 → 19:06:00  (60.0 s)
    [ 39] W406M00S60.mp4                                          19:06:00 → 19:07:00  (60.0 s)
           ↕ gap: 14.00 s  → filled with 14.00 s black frames
    [ 40] W407M14S46.mp4                                          19:07:14 → 19:08:00  (46.0 s)
    [ 41] W408M00S60.mp4                                          19:08:00 → 19:09:00  (60.0 s)
    [ 42] W409M00S60.mp4                                          19:09:00 → 19:10:00  (60.0 s)
    [ 43] W410M00S60.mp4                                          19:10:00 → 19:11:00  (60.0 s)
    [ 44] W411M00S60.mp4                                          19:11:00 → 19:12:00  (60.0 s)
    [ 45] W412M00S60.mp4                                          19:12:00 → 19:13:00  (60.0 s)
    [ 46] W413M00S60.mp4                                          19:13:00 → 19:14:00  (60.0 s)
           ↕ gap: 7.00 s  → filled with 7.00 s black frames
    [ 47] W414M07S53.mp4                                          19:14:07 → 19:15:00  (53.0 s)
    [ 48] W415M00S60.mp4                                          19:15:00 → 19:16:00  (60.0 s)
    [ 49] W416M00S60.mp4                                          19:16:00 → 19:17:00  (60.0 s)
    [ 50] W417M00S60.mp4                                          19:17:00 → 19:18:00  (60.0 s)
    [ 51] W418M00S60.mp4                                          19:18:00 → 19:19:00  (60.0 s)
    [ 52] W419M00S60.mp4                                          19:19:00 → 19:20:00  (60.0 s)
    [ 53] W420M00S60.mp4                                          19:20:00 → 19:21:00  (60.0 s)
           ↕ gap: 28.00 s  → filled with 28.00 s black frames
    [ 54] W421M28S32.mp4                                          19:21:28 → 19:22:00  (32.0 s)
    [ 55] W422M00S60.mp4                                          19:22:00 → 19:23:00  (60.0 s)
    [ 56] W423M00S60.mp4                                          19:23:00 → 19:24:00  (60.0 s)
    [ 57] W424M00S60.mp4                                          19:24:00 → 19:25:00  (60.0 s)
           ↕ gap: 56.00 s  → filled with 56.00 s black frames
    [ 58] W425M56S04.mp4                                          19:25:56 → 19:26:00  (4.0 s)
    [ 59] W426M00S60.mp4                                          19:26:00 → 19:27:00  (60.0 s)
           ↕ gap: 42.00 s  → filled with 42.00 s black frames
    [ 60] W427M42S18.mp4                                          19:27:42 → 19:28:00  (18.0 s)
    [ 61] W428M00S60.mp4                                          19:28:00 → 19:29:00  (60.0 s)
    [ 62] W429M00S60.mp4                                          19:29:00 → 19:30:00  (60.0 s)
    [ 63] W430M00S60.mp4                                          19:30:00 → 19:31:00  (60.0 s)
    [ 64] W431M00S60.mp4                                          19:31:00 → 19:32:00  (60.0 s)
    [ 65] W432M00S60.mp4                                          19:32:00 → 19:33:00  (60.0 s)
    [ 66] W433M00S60.mp4                                          19:33:00 → 19:34:00  (60.0 s)
           ↕ gap: 8.00 s  → filled with 8.00 s black frames
    [ 67] W434M08S52.mp4                                          19:34:08 → 19:35:00  (52.0 s)
    [ 68] W435M00S60.mp4                                          19:35:00 → 19:36:00  (60.0 s)
    [ 69] W436M00S60.mp4                                          19:36:00 → 19:37:00  (60.0 s)
    [ 70] W437M00S60.mp4                                          19:37:00 → 19:38:00  (60.0 s)
    [ 71] W438M00S60.mp4                                          19:38:00 → 19:39:00  (60.0 s)
    [ 72] W439M00S60.mp4                                          19:39:00 → 19:40:00  (60.0 s)
    [ 73] W440M00S60.mp4                                          19:40:00 → 19:41:00  (60.0 s)
           ↕ gap: 3.00 s  → filled with 3.00 s black frames
    [ 74] W441M03S57.mp4                                          19:41:03 → 19:42:00  (57.0 s)
    [ 75] W442M00S60.mp4                                          19:42:00 → 19:43:00  (60.0 s)
    [ 76] W443M00S60.mp4                                          19:43:00 → 19:44:00  (60.0 s)
    [ 77] W444M00S60.mp4                                          19:44:00 → 19:45:00  (60.0 s)
    [ 78] W445M00S60.mp4                                          19:45:00 → 19:46:00  (60.0 s)
    [ 79] W446M00S60.mp4                                          19:46:00 → 19:47:00  (60.0 s)
    [ 80] W447M00S60.mp4                                          19:47:00 → 19:48:00  (60.0 s)
           ↕ gap: 29.00 s  → filled with 29.00 s black frames
    [ 81] W448M29S31.mp4                                          19:48:29 → 19:49:00  (31.0 s)
    [ 82] W449M00S60.mp4                                          19:49:00 → 19:50:00  (60.0 s)
    [ 83] W450M00S60.mp4                                          19:50:00 → 19:51:00  (60.0 s)
    [ 84] W451M00S60.mp4                                          19:51:00 → 19:52:00  (60.0 s)
    [ 85] W452M00S60.mp4                                          19:52:00 → 19:53:00  (60.0 s)
    [ 86] W453M00S60.mp4                                          19:53:00 → 19:54:00  (60.0 s)
    [ 87] W454M00S60.mp4                                          19:54:00 → 19:55:00  (60.0 s)
    [ 88] W455M00S60.mp4                                          19:55:00 → 19:56:00  (60.0 s)
    [ 89] W456M00S60.mp4                                          19:56:00 → 19:57:00  (60.0 s)
    [ 90] W457M00S60.mp4                                          19:57:00 → 19:58:00  (60.0 s)
           ↕ gap: 35.00 s  → filled with 35.00 s black frames
    [ 91] W458M35S25.mp4                                          19:58:35 → 19:59:00  (25.0 s)
    [ 92] W459M00S60.mp4                                          19:59:00 → 20:00:00  (60.0 s)
    [ 93] W400M00S60.mp4                                          20:00:00 → 20:01:00  (60.0 s)
           ↕ gap: 19.00 s  → filled with 19.00 s black frames
    [ 94] W401M19S41.mp4                                          20:01:19 → 20:02:00  (41.0 s)
    [ 95] W402M00S60.mp4                                          20:02:00 → 20:03:00  (60.0 s)
    [ 96] W403M00S60.mp4                                          20:03:00 → 20:04:00  (60.0 s)
    [ 97] W404M00S60.mp4                                          20:04:00 → 20:05:00  (60.0 s)
    [ 98] W405M00S60.mp4                                          20:05:00 → 20:06:00  (60.0 s)
    [ 99] W406M00S60.mp4                                          20:06:00 → 20:07:00  (60.0 s)
    [100] W407M00S60.mp4                                          20:07:00 → 20:08:00  (60.0 s)
    [101] W408M00S60.mp4                                          20:08:00 → 20:09:00  (60.0 s)
           ↕ gap: 12.00 s  → filled with 12.00 s black frames
    [102] W409M12S48.mp4                                          20:09:12 → 20:10:00  (48.0 s)
    [103] W410M00S60.mp4                                          20:10:00 → 20:11:00  (60.0 s)
    [104] W411M00S60.mp4                                          20:11:00 → 20:12:00  (60.0 s)
           ↕ gap: 2.00 s  → filled with 2.00 s black frames
    [105] W412M02S58.mp4                                          20:12:02 → 20:13:00  (58.0 s)
    [106] W413M00S60.mp4                                          20:13:00 → 20:14:00  (60.0 s)
    [107] W414M00S60.mp4                                          20:14:00 → 20:15:00  (60.0 s)
    [108] W415M00S60.mp4                                          20:15:00 → 20:16:00  (60.0 s)

