Camera Merge Log  —  P09 / front_camera
  Generated     : 2026-04-29 20:09:42 UTC
  Gap tolerance : 60.0 s  |  Black fill < 60 s
  Total clips   : 137
  Segments      : 4  (merged: 4, skipped: 0, single: 0, failed: 0)

────────────────────────────────────────────────────────────────────────
  Segment 1 of 4   [MERGED]   →  merged_20260422_175826_2clips.mp4
  Wall-clock span : 17:58:26 → 18:00:00  (94.0 s)
  Content footage : 94.0 s
  File size       : 12.4 MB

  Input clips (2)
    [  1] 58M26S34.mp4                                            17:58:26 → 17:59:00  (34.0 s)
    [  2] 59M00S60.mp4                                            17:59:00 → 18:00:00  (60.0 s)

────────────────────────────────────────────────────────────────────────
  Segment 2 of 4   [MERGED]   →  merged_20260422_180137_4clips.mp4
  Gap from previous segment : 97.0 s
  Wall-clock span : 18:01:37 → 18:05:00  (203.0 s)
  Content footage : 203.0 s
  File size       : 25.8 MB

  Input clips (4)
    [  1] 01M37S23.mp4                                            18:01:37 → 18:02:00  (23.0 s)
    [  2] 02M00S60.mp4                                            18:02:00 → 18:03:00  (60.0 s)
    [  3] 03M00S60.mp4                                            18:03:00 → 18:04:00  (60.0 s)
    [  4] 04M00S60.mp4                                            18:04:00 → 18:05:00  (60.0 s)

────────────────────────────────────────────────────────────────────────
  Segment 3 of 4   [MERGED]   →  merged_20260422_183840_108clips.mp4
  Gap from previous segment : 2020.0 s
  Wall-clock span : 18:38:40 → 20:25:00  (6380.0 s)
  Content footage : 6374.0 s
  Black filler    : 7.00 s (2 gap(s))
  Video props     : 1920x1080 20/1 fps  yuvj420p
  Audio props     : 16000 Hz  1ch
  File size       : 753.2 MB
  Intra-overlaps  : 1.00 s

  Input clips (108)
    [  1] 38M40S20.mp4                                            18:38:40 → 18:39:00  (20.0 s)
    [  2] 39M00S60.mp4                                            18:39:00 → 18:40:00  (60.0 s)
    [  3] 40M00S60.mp4                                            18:40:00 → 18:41:00  (60.0 s)
    [  4] 41M00S60.mp4                                            18:41:00 → 18:42:00  (60.0 s)
    [  5] 42M00S60.mp4                                            18:42:00 → 18:43:00  (60.0 s)
    [  6] 43M00S60.mp4                                            18:43:00 → 18:44:00  (60.0 s)
           ↕ overlap: 1.00 s
    [  7] 43M59S01.mp4                                            18:43:59 → 18:44:00  (1.0 s)
    [  8] 44M00S60.mp4                                            18:44:00 → 18:45:00  (60.0 s)
    [  9] 45M00S60.mp4                                            18:45:00 → 18:46:00  (60.0 s)
    [ 10] 46M00S60.mp4                                            18:46:00 → 18:47:00  (60.0 s)
    [ 11] 47M00S60.mp4                                            18:47:00 → 18:48:00  (60.0 s)
    [ 12] 48M00S60.mp4                                            18:48:00 → 18:49:00  (60.0 s)
    [ 13] 49M00S60.mp4                                            18:49:00 → 18:50:00  (60.0 s)
    [ 14] 50M00S60.mp4                                            18:50:00 → 18:51:00  (60.0 s)
    [ 15] 51M00S60.mp4                                            18:51:00 → 18:52:00  (60.0 s)
    [ 16] 52M00S60.mp4                                            18:52:00 → 18:53:00  (60.0 s)
    [ 17] 53M00S60.mp4                                            18:53:00 → 18:54:00  (60.0 s)
    [ 18] 54M00S60.mp4                                            18:54:00 → 18:55:00  (60.0 s)
    [ 19] 55M00S60.mp4                                            18:55:00 → 18:56:00  (60.0 s)
    [ 20] 56M00S60.mp4                                            18:56:00 → 18:57:00  (60.0 s)
    [ 21] 57M00S60.mp4                                            18:57:00 → 18:58:00  (60.0 s)
    [ 22] 58M00S60.mp4                                            18:58:00 → 18:59:00  (60.0 s)
    [ 23] 59M00S60.mp4                                            18:59:00 → 19:00:00  (60.0 s)
    [ 24] 00M00S60.mp4                                            19:00:00 → 19:01:00  (60.0 s)
    [ 25] 01M00S60.mp4                                            19:01:00 → 19:02:00  (60.0 s)
    [ 26] 02M00S60.mp4                                            19:02:00 → 19:03:00  (60.0 s)
    [ 27] 03M00S60.mp4                                            19:03:00 → 19:04:00  (60.0 s)
    [ 28] 04M00S60.mp4                                            19:04:00 → 19:05:00  (60.0 s)
    [ 29] 05M00S60.mp4                                            19:05:00 → 19:06:00  (60.0 s)
    [ 30] 06M00S60.mp4                                            19:06:00 → 19:07:00  (60.0 s)
    [ 31] 07M00S60.mp4                                            19:07:00 → 19:08:00  (60.0 s)
    [ 32] 08M00S60.mp4                                            19:08:00 → 19:09:00  (60.0 s)
    [ 33] 09M00S60.mp4                                            19:09:00 → 19:10:00  (60.0 s)
    [ 34] 10M00S60.mp4                                            19:10:00 → 19:11:00  (60.0 s)
    [ 35] 11M00S60.mp4                                            19:11:00 → 19:12:00  (60.0 s)
    [ 36] 12M00S60.mp4                                            19:12:00 → 19:13:00  (60.0 s)
    [ 37] 13M00S60.mp4                                            19:13:00 → 19:14:00  (60.0 s)
    [ 38] 14M00S60.mp4                                            19:14:00 → 19:15:00  (60.0 s)
    [ 39] 15M00S60.mp4                                            19:15:00 → 19:16:00  (60.0 s)
    [ 40] 16M00S60.mp4                                            19:16:00 → 19:17:00  (60.0 s)
    [ 41] 17M00S60.mp4                                            19:17:00 → 19:18:00  (60.0 s)
    [ 42] 18M00S60.mp4                                            19:18:00 → 19:19:00  (60.0 s)
    [ 43] 19M00S60.mp4                                            19:19:00 → 19:20:00  (60.0 s)
    [ 44] 20M00S60.mp4                                            19:20:00 → 19:21:00  (60.0 s)
    [ 45] 21M00S60.mp4                                            19:21:00 → 19:22:00  (60.0 s)
    [ 46] 22M00S60.mp4                                            19:22:00 → 19:23:00  (60.0 s)
    [ 47] 23M00S60.mp4                                            19:23:00 → 19:24:00  (60.0 s)
    [ 48] 24M00S60.mp4                                            19:24:00 → 19:25:00  (60.0 s)
    [ 49] 25M00S60.mp4                                            19:25:00 → 19:26:00  (60.0 s)
    [ 50] 26M00S60.mp4                                            19:26:00 → 19:27:00  (60.0 s)
    [ 51] 27M00S60.mp4                                            19:27:00 → 19:28:00  (60.0 s)
    [ 52] 28M00S60.mp4                                            19:28:00 → 19:29:00  (60.0 s)
           ↕ gap: 3.00 s  → filled with 3.00 s black frames
    [ 53] 29M03S57.mp4                                            19:29:03 → 19:30:00  (57.0 s)
    [ 54] 30M00S60.mp4                                            19:30:00 → 19:31:00  (60.0 s)
    [ 55] 31M00S60.mp4                                            19:31:00 → 19:32:00  (60.0 s)
    [ 56] 32M00S60.mp4                                            19:32:00 → 19:33:00  (60.0 s)
    [ 57] 33M00S60.mp4                                            19:33:00 → 19:34:00  (60.0 s)
    [ 58] 34M00S60.mp4                                            19:34:00 → 19:35:00  (60.0 s)
    [ 59] 35M00S60.mp4                                            19:35:00 → 19:36:00  (60.0 s)
    [ 60] 36M00S60.mp4                                            19:36:00 → 19:37:00  (60.0 s)
    [ 61] 37M00S60.mp4                                            19:37:00 → 19:38:00  (60.0 s)
    [ 62] 38M00S60.mp4                                            19:38:00 → 19:39:00  (60.0 s)
    [ 63] 39M00S60.mp4                                            19:39:00 → 19:40:00  (60.0 s)
    [ 64] 40M00S60.mp4                                            19:40:00 → 19:41:00  (60.0 s)
    [ 65] 41M00S60.mp4                                            19:41:00 → 19:42:00  (60.0 s)
    [ 66] 42M00S60.mp4                                            19:42:00 → 19:43:00  (60.0 s)
    [ 67] 43M00S60.mp4                                            19:43:00 → 19:44:00  (60.0 s)
    [ 68] 44M00S60.mp4                                            19:44:00 → 19:45:00  (60.0 s)
    [ 69] 45M00S60.mp4                                            19:45:00 → 19:46:00  (60.0 s)
    [ 70] 46M00S60.mp4                                            19:46:00 → 19:47:00  (60.0 s)
    [ 71] 47M00S60.mp4                                            19:47:00 → 19:48:00  (60.0 s)
    [ 72] 48M00S60.mp4                                            19:48:00 → 19:49:00  (60.0 s)
    [ 73] 49M00S60.mp4                                            19:49:00 → 19:50:00  (60.0 s)
    [ 74] 50M00S60.mp4                                            19:50:00 → 19:51:00  (60.0 s)
    [ 75] 51M00S60.mp4                                            19:51:00 → 19:52:00  (60.0 s)
    [ 76] 52M00S60.mp4                                            19:52:00 → 19:53:00  (60.0 s)
    [ 77] 53M00S60.mp4                                            19:53:00 → 19:54:00  (60.0 s)
    [ 78] 54M00S60.mp4                                            19:54:00 → 19:55:00  (60.0 s)
    [ 79] 55M00S60.mp4                                            19:55:00 → 19:56:00  (60.0 s)
    [ 80] 56M00S60.mp4                                            19:56:00 → 19:57:00  (60.0 s)
    [ 81] 57M00S60.mp4                                            19:57:00 → 19:58:00  (60.0 s)
    [ 82] 58M00S60.mp4                                            19:58:00 → 19:59:00  (60.0 s)
    [ 83] 59M00S60.mp4                                            19:59:00 → 20:00:00  (60.0 s)
    [ 84] 00M00S60.mp4                                            20:00:00 → 20:01:00  (60.0 s)
           ↕ gap: 4.00 s  → filled with 4.00 s black frames
    [ 85] 01M04S56.mp4                                            20:01:04 → 20:02:00  (56.0 s)
    [ 86] 02M00S60.mp4                                            20:02:00 → 20:03:00  (60.0 s)
    [ 87] 03M00S60.mp4                                            20:03:00 → 20:04:00  (60.0 s)
    [ 88] 04M00S60.mp4                                            20:04:00 → 20:05:00  (60.0 s)
    [ 89] 05M00S60.mp4                                            20:05:00 → 20:06:00  (60.0 s)
    [ 90] 06M00S60.mp4                                            20:06:00 → 20:07:00  (60.0 s)
    [ 91] 07M00S60.mp4                                            20:07:00 → 20:08:00  (60.0 s)
    [ 92] 08M00S60.mp4                                            20:08:00 → 20:09:00  (60.0 s)
    [ 93] 09M00S60.mp4                                            20:09:00 → 20:10:00  (60.0 s)
    [ 94] 10M00S60.mp4                                            20:10:00 → 20:11:00  (60.0 s)
    [ 95] 11M00S60.mp4                                            20:11:00 → 20:12:00  (60.0 s)
    [ 96] 12M00S60.mp4                                            20:12:00 → 20:13:00  (60.0 s)
    [ 97] 13M00S60.mp4                                            20:13:00 → 20:14:00  (60.0 s)
    [ 98] 14M00S60.mp4                                            20:14:00 → 20:15:00  (60.0 s)
    [ 99] 15M00S60.mp4                                            20:15:00 → 20:16:00  (60.0 s)
    [100] 16M00S60.mp4                                            20:16:00 → 20:17:00  (60.0 s)
    [101] 17M00S60.mp4                                            20:17:00 → 20:18:00  (60.0 s)
    [102] 18M00S60.mp4                                            20:18:00 → 20:19:00  (60.0 s)
    [103] 19M00S60.mp4                                            20:19:00 → 20:20:00  (60.0 s)
    [104] 20M00S60.mp4                                            20:20:00 → 20:21:00  (60.0 s)
    [105] 21M00S60.mp4                                            20:21:00 → 20:22:00  (60.0 s)
    [106] 22M00S60.mp4                                            20:22:00 → 20:23:00  (60.0 s)
    [107] 23M00S60.mp4                                            20:23:00 → 20:24:00  (60.0 s)
    [108] 24M00S60.mp4                                            20:24:00 → 20:25:00  (60.0 s)

────────────────────────────────────────────────────────────────────────
  Segment 4 of 4   [MERGED]   →  merged_20260422_202458_23clips.mp4
  Gap from previous segment : -2.0 s
  Wall-clock span : 20:24:58 → 20:47:00  (1322.0 s)
  Content footage : 1322.0 s
  File size       : 159.3 MB

  Input clips (23)
    [  1] 24M58S02.mp4                                            20:24:58 → 20:25:00  (2.0 s)
    [  2] 25M00S60.mp4                                            20:25:00 → 20:26:00  (60.0 s)
    [  3] 26M00S60.mp4                                            20:26:00 → 20:27:00  (60.0 s)
    [  4] 27M00S60.mp4                                            20:27:00 → 20:28:00  (60.0 s)
    [  5] 28M00S60.mp4                                            20:28:00 → 20:29:00  (60.0 s)
    [  6] 29M00S60.mp4                                            20:29:00 → 20:30:00  (60.0 s)
    [  7] 30M00S60.mp4                                            20:30:00 → 20:31:00  (60.0 s)
    [  8] 31M00S60.mp4                                            20:31:00 → 20:32:00  (60.0 s)
    [  9] 32M00S60.mp4                                            20:32:00 → 20:33:00  (60.0 s)
    [ 10] 33M00S60.mp4                                            20:33:00 → 20:34:00  (60.0 s)
    [ 11] 34M00S60.mp4                                            20:34:00 → 20:35:00  (60.0 s)
    [ 12] 35M00S60.mp4                                            20:35:00 → 20:36:00  (60.0 s)
    [ 13] 36M00S60.mp4                                            20:36:00 → 20:37:00  (60.0 s)
    [ 14] 37M00S60.mp4                                            20:37:00 → 20:38:00  (60.0 s)
    [ 15] 38M00S60.mp4                                            20:38:00 → 20:39:00  (60.0 s)
    [ 16] 39M00S60.mp4                                            20:39:00 → 20:40:00  (60.0 s)
    [ 17] 40M00S60.mp4                                            20:40:00 → 20:41:00  (60.0 s)
    [ 18] 41M00S60.mp4                                            20:41:00 → 20:42:00  (60.0 s)
    [ 19] 42M00S60.mp4                                            20:42:00 → 20:43:00  (60.0 s)
    [ 20] 43M00S60.mp4                                            20:43:00 → 20:44:00  (60.0 s)
    [ 21] 44M00S60.mp4                                            20:44:00 → 20:45:00  (60.0 s)
    [ 22] 45M00S60.mp4                                            20:45:00 → 20:46:00  (60.0 s)
    [ 23] 46M00S60.mp4                                            20:46:00 → 20:47:00  (60.0 s)

