Camera Merge Log  —  P02 / back_camera
  Generated     : 2026-04-29 20:05:52 UTC
  Gap tolerance : 60.0 s  |  Black fill < 60 s
  Total clips   : 276
  Segments      : 4  (merged: 0, skipped: 3, single: 1, failed: 0)
  Dropped clips : 3  (spurious trailing restart stub(s) removed)

────────────────────────────────────────────────────────────────────────
  Segment 1 of 4   [SKIPPED]   →  merged_20260413_160453_5clips.mp4
  Wall-clock span : 16:04:53 → 16:09:00  (247.0 s)
  Content footage : 247.0 s
  File size       : 34.0 MB

  Input clips (5)
    [  1] W404M53S07.mp4                                          16:04:53 → 16:05:00  (7.0 s)
    [  2] W405M00S60.mp4                                          16:05:00 → 16:06:00  (60.0 s)
    [  3] W406M00S60.mp4                                          16:06:00 → 16:07:00  (60.0 s)
    [  4] W407M00S60.mp4                                          16:07:00 → 16:08:00  (60.0 s)
    [  5] W408M00S60.mp4                                          16:08:00 → 16:09:00  (60.0 s)

────────────────────────────────────────────────────────────────────────
  Segment 2 of 4   [SKIPPED]   →  merged_20260413_161436_88clips.mp4
  Gap from previous segment : 336.0 s
  Wall-clock span : 16:14:36 → 17:42:00  (5244.0 s)
  Content footage : 5193.0 s
  File size       : 494.4 MB

  Input clips (88)
    [  1] W414M36S24.mp4                                          16:14:36 → 16:15:00  (24.0 s)
    [  2] W415M00S60.mp4                                          16:15:00 → 16:16:00  (60.0 s)
    [  3] W416M00S60.mp4                                          16:16:00 → 16:17:00  (60.0 s)
    [  4] W417M00S60.mp4                                          16:17:00 → 16:18:00  (60.0 s)
    [  5] W418M00S60.mp4                                          16:18:00 → 16:19:00  (60.0 s)
    [  6] W419M00S60.mp4                                          16:19:00 → 16:20:00  (60.0 s)
    [  7] W420M00S60.mp4                                          16:20:00 → 16:21:00  (60.0 s)
    [  8] W421M00S60.mp4                                          16:21:00 → 16:22:00  (60.0 s)
    [  9] W422M00S60.mp4                                          16:22:00 → 16:23:00  (60.0 s)
    [ 10] W423M00S60.mp4                                          16:23:00 → 16:24:00  (60.0 s)
    [ 11] W424M00S60.mp4                                          16:24:00 → 16:25:00  (60.0 s)
    [ 12] W425M00S60.mp4                                          16:25:00 → 16:26:00  (60.0 s)
    [ 13] W426M00S60.mp4                                          16:26:00 → 16:27:00  (60.0 s)
    [ 14] W427M00S60.mp4                                          16:27:00 → 16:28:00  (60.0 s)
    [ 15] W428M00S60.mp4                                          16:28:00 → 16:29:00  (60.0 s)
    [ 16] W429M00S60.mp4                                          16:29:00 → 16:30:00  (60.0 s)
    [ 17] W430M00S60.mp4                                          16:30:00 → 16:31:00  (60.0 s)
    [ 18] W431M00S60.mp4                                          16:31:00 → 16:32:00  (60.0 s)
    [ 19] W432M00S60.mp4                                          16:32:00 → 16:33:00  (60.0 s)
    [ 20] W433M00S60.mp4                                          16:33:00 → 16:34:00  (60.0 s)
    [ 21] W434M00S60.mp4                                          16:34:00 → 16:35:00  (60.0 s)
    [ 22] W435M00S60.mp4                                          16:35:00 → 16:36:00  (60.0 s)
    [ 23] W436M00S60.mp4                                          16:36:00 → 16:37:00  (60.0 s)
    [ 24] W437M00S60.mp4                                          16:37:00 → 16:38:00  (60.0 s)
    [ 25] W438M00S60.mp4                                          16:38:00 → 16:39:00  (60.0 s)
    [ 26] W439M00S60.mp4                                          16:39:00 → 16:40:00  (60.0 s)
    [ 27] W440M00S60.mp4                                          16:40:00 → 16:41:00  (60.0 s)
    [ 28] W441M00S60.mp4                                          16:41:00 → 16:42:00  (60.0 s)
    [ 29] W442M00S60.mp4                                          16:42:00 → 16:43:00  (60.0 s)
    [ 30] W443M00S60.mp4                                          16:43:00 → 16:44:00  (60.0 s)
    [ 31] W444M00S60.mp4                                          16:44:00 → 16:45:00  (60.0 s)
    [ 32] W445M00S60.mp4                                          16:45:00 → 16:46:00  (60.0 s)
    [ 33] W446M00S60.mp4                                          16:46:00 → 16:47:00  (60.0 s)
    [ 34] W447M00S60.mp4                                          16:47:00 → 16:48:00  (60.0 s)
    [ 35] W448M00S60.mp4                                          16:48:00 → 16:49:00  (60.0 s)
    [ 36] W449M00S60.mp4                                          16:49:00 → 16:50:00  (60.0 s)
    [ 37] W450M00S60.mp4                                          16:50:00 → 16:51:00  (60.0 s)
    [ 38] W451M00S60.mp4                                          16:51:00 → 16:52:00  (60.0 s)
    [ 39] W452M00S60.mp4                                          16:52:00 → 16:53:00  (60.0 s)
    [ 40] W453M00S60.mp4                                          16:53:00 → 16:54:00  (60.0 s)
    [ 41] W454M00S60.mp4                                          16:54:00 → 16:55:00  (60.0 s)
    [ 42] W455M00S60.mp4                                          16:55:00 → 16:56:00  (60.0 s)
    [ 43] W456M00S60.mp4                                          16:56:00 → 16:57:00  (60.0 s)
    [ 44] W457M00S60.mp4                                          16:57:00 → 16:58:00  (60.0 s)
    [ 45] W458M00S60.mp4                                          16:58:00 → 16:59:00  (60.0 s)
    [ 46] W459M00S60.mp4                                          16:59:00 → 17:00:00  (60.0 s)
    [ 47] W400M00S60.mp4                                          17:00:00 → 17:01:00  (60.0 s)
    [ 48] W401M00S60.mp4                                          17:01:00 → 17:02:00  (60.0 s)
    [ 49] W402M00S60.mp4                                          17:02:00 → 17:03:00  (60.0 s)
    [ 50] W403M00S60.mp4                                          17:03:00 → 17:04:00  (60.0 s)
    [ 51] W404M00S60.mp4                                          17:04:00 → 17:05:00  (60.0 s)
    [ 52] W405M00S60.mp4                                          17:05:00 → 17:06:00  (60.0 s)
    [ 53] W406M00S60.mp4                                          17:06:00 → 17:07:00  (60.0 s)
    [ 54] W407M00S60.mp4                                          17:07:00 → 17:08:00  (60.0 s)
    [ 55] W408M00S60.mp4                                          17:08:00 → 17:09:00  (60.0 s)
    [ 56] W409M00S60.mp4                                          17:09:00 → 17:10:00  (60.0 s)
    [ 57] W410M00S60.mp4                                          17:10:00 → 17:11:00  (60.0 s)
    [ 58] W411M00S60.mp4                                          17:11:00 → 17:12:00  (60.0 s)
    [ 59] W412M00S60.mp4                                          17:12:00 → 17:13:00  (60.0 s)
    [ 60] W413M00S60.mp4                                          17:13:00 → 17:14:00  (60.0 s)
    [ 61] W414M00S60.mp4                                          17:14:00 → 17:15:00  (60.0 s)
    [ 62] W415M00S60.mp4                                          17:15:00 → 17:16:00  (60.0 s)
    [ 63] W416M00S60.mp4                                          17:16:00 → 17:17:00  (60.0 s)
    [ 64] W417M00S60.mp4                                          17:17:00 → 17:18:00  (60.0 s)
    [ 65] W418M00S60.mp4                                          17:18:00 → 17:19:00  (60.0 s)
    [ 66] W419M00S60.mp4                                          17:19:00 → 17:20:00  (60.0 s)
    [ 67] W420M00S60.mp4                                          17:20:00 → 17:21:00  (60.0 s)
    [ 68] W421M00S60.mp4                                          17:21:00 → 17:22:00  (60.0 s)
    [ 69] W422M00S60.mp4                                          17:22:00 → 17:23:00  (60.0 s)
    [ 70] W423M00S60.mp4                                          17:23:00 → 17:24:00  (60.0 s)
    [ 71] W424M00S60.mp4                                          17:24:00 → 17:25:00  (60.0 s)
    [ 72] W425M00S60.mp4                                          17:25:00 → 17:26:00  (60.0 s)
    [ 73] W426M00S60.mp4                                          17:26:00 → 17:27:00  (60.0 s)
    [ 74] W427M00S60.mp4                                          17:27:00 → 17:28:00  (60.0 s)
    [ 75] W428M00S60.mp4                                          17:28:00 → 17:29:00  (60.0 s)
    [ 76] W429M00S60.mp4                                          17:29:00 → 17:30:00  (60.0 s)
    [ 77] W430M00S60.mp4                                          17:30:00 → 17:31:00  (60.0 s)
    [ 78] W431M00S60.mp4                                          17:31:00 → 17:32:00  (60.0 s)
    [ 79] W432M00S60.mp4                                          17:32:00 → 17:33:00  (60.0 s)
    [ 80] W433M00S60.mp4                                          17:33:00 → 17:34:00  (60.0 s)
    [ 81] W434M00S60.mp4                                          17:34:00 → 17:35:00  (60.0 s)
    [ 82] W435M00S60.mp4                                          17:35:00 → 17:36:00  (60.0 s)
    [ 83] W436M00S60.mp4                                          17:36:00 → 17:37:00  (60.0 s)
    [ 84] W437M00S60.mp4                                          17:37:00 → 17:38:00  (60.0 s)
    [ 85] W438M00S60.mp4                                          17:38:00 → 17:39:00  (60.0 s)
    [ 86] W439M00S60.mp4                                          17:39:00 → 17:40:00  (60.0 s)
           ↕ gap: 51.00 s
    [ 87] W440M51S09.mp4                                          17:40:51 → 17:41:00  (9.0 s)
    [ 88] W441M00S60.mp4                                          17:41:00 → 17:42:00  (60.0 s)

────────────────────────────────────────────────────────────────────────
  Segment 3 of 4   [SKIPPED]   →  merged_20260413_174339_179clips.mp4
  Gap from previous segment : 99.0 s
  Wall-clock span : 17:43:39 → 20:42:00  (10701.0 s)
  Content footage : 10580.0 s
  File size       : 1296.4 MB
  Dropped clips   : 3  (superseded by next clip — same start time)
    [drop] W413M00S02.mp4                                          18:13:00 → 18:13:02  (2.0 s)
    [drop] W431M00S02.mp4                                          18:31:00 → 18:31:02  (2.0 s)
    [drop] W443M00S02.mp4                                          19:43:00 → 19:43:02  (2.0 s)

  Input clips (179)
    [  1] W443M39S21.mp4                                          17:43:39 → 17:44:00  (21.0 s)
    [  2] W444M00S60.mp4                                          17:44:00 → 17:45:00  (60.0 s)
    [  3] W445M00S60.mp4                                          17:45:00 → 17:46:00  (60.0 s)
    [  4] W446M00S60.mp4                                          17:46:00 → 17:47:00  (60.0 s)
    [  5] W447M00S60.mp4                                          17:47:00 → 17:48:00  (60.0 s)
    [  6] W448M00S60.mp4                                          17:48:00 → 17:49:00  (60.0 s)
    [  7] W449M00S60.mp4                                          17:49:00 → 17:50:00  (60.0 s)
    [  8] W450M00S60.mp4                                          17:50:00 → 17:51:00  (60.0 s)
    [  9] W451M00S60.mp4                                          17:51:00 → 17:52:00  (60.0 s)
           ↕ gap: 5.00 s
    [ 10] W452M05S55.mp4                                          17:52:05 → 17:53:00  (55.0 s)
    [ 11] W453M00S60.mp4                                          17:53:00 → 17:54:00  (60.0 s)
    [ 12] W454M00S60.mp4                                          17:54:00 → 17:55:00  (60.0 s)
    [ 13] W455M00S60.mp4                                          17:55:00 → 17:56:00  (60.0 s)
    [ 14] W456M00S60.mp4                                          17:56:00 → 17:57:00  (60.0 s)
    [ 15] W457M00S60.mp4                                          17:57:00 → 17:58:00  (60.0 s)
    [ 16] W458M00S60.mp4                                          17:58:00 → 17:59:00  (60.0 s)
    [ 17] W459M00S60.mp4                                          17:59:00 → 18:00:00  (60.0 s)
    [ 18] W400M00S60.mp4                                          18:00:00 → 18:01:00  (60.0 s)
    [ 19] W401M00S60.mp4                                          18:01:00 → 18:02:00  (60.0 s)
    [ 20] W402M00S60.mp4                                          18:02:00 → 18:03:00  (60.0 s)
    [ 21] W403M00S60.mp4                                          18:03:00 → 18:04:00  (60.0 s)
    [ 22] W404M00S60.mp4                                          18:04:00 → 18:05:00  (60.0 s)
    [ 23] W405M00S60.mp4                                          18:05:00 → 18:06:00  (60.0 s)
    [ 24] W406M00S60.mp4                                          18:06:00 → 18:07:00  (60.0 s)
    [ 25] W407M00S60.mp4                                          18:07:00 → 18:08:00  (60.0 s)
    [ 26] W408M00S60.mp4                                          18:08:00 → 18:09:00  (60.0 s)
    [ 27] W409M00S60.mp4                                          18:09:00 → 18:10:00  (60.0 s)
    [ 28] W410M00S60.mp4                                          18:10:00 → 18:11:00  (60.0 s)
    [ 29] W411M00S60.mp4                                          18:11:00 → 18:12:00  (60.0 s)
    [ 30] W412M00S60.mp4                                          18:12:00 → 18:13:00  (60.0 s)
    [ 31] W413M00S60.mp4                                          18:13:00 → 18:14:00  (60.0 s)
    [ 32] W414M00S60.mp4                                          18:14:00 → 18:15:00  (60.0 s)
    [ 33] W415M00S60.mp4                                          18:15:00 → 18:16:00  (60.0 s)
    [ 34] W416M00S60.mp4                                          18:16:00 → 18:17:00  (60.0 s)
    [ 35] W417M00S60.mp4                                          18:17:00 → 18:18:00  (60.0 s)
    [ 36] W418M00S60.mp4                                          18:18:00 → 18:19:00  (60.0 s)
    [ 37] W419M00S60.mp4                                          18:19:00 → 18:20:00  (60.0 s)
    [ 38] W420M00S60.mp4                                          18:20:00 → 18:21:00  (60.0 s)
    [ 39] W421M00S60.mp4                                          18:21:00 → 18:22:00  (60.0 s)
    [ 40] W422M00S60.mp4                                          18:22:00 → 18:23:00  (60.0 s)
    [ 41] W423M00S60.mp4                                          18:23:00 → 18:24:00  (60.0 s)
    [ 42] W424M00S60.mp4                                          18:24:00 → 18:25:00  (60.0 s)
    [ 43] W425M00S60.mp4                                          18:25:00 → 18:26:00  (60.0 s)
    [ 44] W426M00S60.mp4                                          18:26:00 → 18:27:00  (60.0 s)
    [ 45] W427M00S60.mp4                                          18:27:00 → 18:28:00  (60.0 s)
    [ 46] W428M00S60.mp4                                          18:28:00 → 18:29:00  (60.0 s)
    [ 47] W429M00S60.mp4                                          18:29:00 → 18:30:00  (60.0 s)
    [ 48] W430M00S60.mp4                                          18:30:00 → 18:31:00  (60.0 s)
    [ 49] W431M00S60.mp4                                          18:31:00 → 18:32:00  (60.0 s)
    [ 50] W432M00S60.mp4                                          18:32:00 → 18:33:00  (60.0 s)
    [ 51] W433M00S60.mp4                                          18:33:00 → 18:34:00  (60.0 s)
    [ 52] W434M00S60.mp4                                          18:34:00 → 18:35:00  (60.0 s)
    [ 53] W435M00S60.mp4                                          18:35:00 → 18:36:00  (60.0 s)
    [ 54] W436M00S60.mp4                                          18:36:00 → 18:37:00  (60.0 s)
    [ 55] W437M00S60.mp4                                          18:37:00 → 18:38:00  (60.0 s)
    [ 56] W438M00S60.mp4                                          18:38:00 → 18:39:00  (60.0 s)
    [ 57] W439M00S60.mp4                                          18:39:00 → 18:40:00  (60.0 s)
    [ 58] W440M00S60.mp4                                          18:40:00 → 18:41:00  (60.0 s)
    [ 59] W441M00S60.mp4                                          18:41:00 → 18:42:00  (60.0 s)
    [ 60] W442M00S60.mp4                                          18:42:00 → 18:43:00  (60.0 s)
    [ 61] W443M00S60.mp4                                          18:43:00 → 18:44:00  (60.0 s)
    [ 62] W444M00S60.mp4                                          18:44:00 → 18:45:00  (60.0 s)
    [ 63] W445M00S60.mp4                                          18:45:00 → 18:46:00  (60.0 s)
    [ 64] W446M00S60.mp4                                          18:46:00 → 18:47:00  (60.0 s)
    [ 65] W447M00S60.mp4                                          18:47:00 → 18:48:00  (60.0 s)
    [ 66] W448M00S60.mp4                                          18:48:00 → 18:49:00  (60.0 s)
    [ 67] W449M00S60.mp4                                          18:49:00 → 18:50:00  (60.0 s)
    [ 68] W450M00S60.mp4                                          18:50:00 → 18:51:00  (60.0 s)
           ↕ gap: 2.00 s
    [ 69] W451M02S58.mp4                                          18:51:02 → 18:52:00  (58.0 s)
    [ 70] W452M00S60.mp4                                          18:52:00 → 18:53:00  (60.0 s)
    [ 71] W453M00S60.mp4                                          18:53:00 → 18:54:00  (60.0 s)
    [ 72] W454M00S60.mp4                                          18:54:00 → 18:55:00  (60.0 s)
    [ 73] W455M00S60.mp4                                          18:55:00 → 18:56:00  (60.0 s)
    [ 74] W456M00S60.mp4                                          18:56:00 → 18:57:00  (60.0 s)
    [ 75] W457M00S60.mp4                                          18:57:00 → 18:58:00  (60.0 s)
    [ 76] W458M00S60.mp4                                          18:58:00 → 18:59:00  (60.0 s)
    [ 77] W459M00S60.mp4                                          18:59:00 → 19:00:00  (60.0 s)
    [ 78] W400M00S60.mp4                                          19:00:00 → 19:01:00  (60.0 s)
    [ 79] W401M00S60.mp4                                          19:01:00 → 19:02:00  (60.0 s)
    [ 80] W402M00S60.mp4                                          19:02:00 → 19:03:00  (60.0 s)
    [ 81] W403M00S60.mp4                                          19:03:00 → 19:04:00  (60.0 s)
    [ 82] W404M00S60.mp4                                          19:04:00 → 19:05:00  (60.0 s)
    [ 83] W405M00S60.mp4                                          19:05:00 → 19:06:00  (60.0 s)
    [ 84] W406M00S60.mp4                                          19:06:00 → 19:07:00  (60.0 s)
    [ 85] W407M00S60.mp4                                          19:07:00 → 19:08:00  (60.0 s)
    [ 86] W408M00S60.mp4                                          19:08:00 → 19:09:00  (60.0 s)
    [ 87] W409M00S60.mp4                                          19:09:00 → 19:10:00  (60.0 s)
    [ 88] W410M00S60.mp4                                          19:10:00 → 19:11:00  (60.0 s)
    [ 89] W411M00S60.mp4                                          19:11:00 → 19:12:00  (60.0 s)
    [ 90] W412M00S60.mp4                                          19:12:00 → 19:13:00  (60.0 s)
    [ 91] W413M00S60.mp4                                          19:13:00 → 19:14:00  (60.0 s)
    [ 92] W414M00S60.mp4                                          19:14:00 → 19:15:00  (60.0 s)
           ↕ gap: 58.00 s
    [ 93] W415M58S02.mp4                                          19:15:58 → 19:16:00  (2.0 s)
    [ 94] W416M00S60.mp4                                          19:16:00 → 19:17:00  (60.0 s)
           ↕ gap: 4.00 s
    [ 95] W417M04S56.mp4                                          19:17:04 → 19:18:00  (56.0 s)
    [ 96] W418M00S60.mp4                                          19:18:00 → 19:19:00  (60.0 s)
    [ 97] W419M00S60.mp4                                          19:19:00 → 19:20:00  (60.0 s)
    [ 98] W420M00S60.mp4                                          19:20:00 → 19:21:00  (60.0 s)
    [ 99] W421M00S60.mp4                                          19:21:00 → 19:22:00  (60.0 s)
    [100] W422M00S60.mp4                                          19:22:00 → 19:23:00  (60.0 s)
    [101] W423M00S60.mp4                                          19:23:00 → 19:24:00  (60.0 s)
    [102] W424M00S60.mp4                                          19:24:00 → 19:25:00  (60.0 s)
    [103] W425M00S60.mp4                                          19:25:00 → 19:26:00  (60.0 s)
    [104] W426M00S60.mp4                                          19:26:00 → 19:27:00  (60.0 s)
    [105] W427M00S60.mp4                                          19:27:00 → 19:28:00  (60.0 s)
    [106] W428M00S60.mp4                                          19:28:00 → 19:29:00  (60.0 s)
    [107] W429M00S60.mp4                                          19:29:00 → 19:30:00  (60.0 s)
    [108] W430M00S60.mp4                                          19:30:00 → 19:31:00  (60.0 s)
    [109] W431M00S60.mp4                                          19:31:00 → 19:32:00  (60.0 s)
    [110] W432M00S60.mp4                                          19:32:00 → 19:33:00  (60.0 s)
    [111] W433M00S60.mp4                                          19:33:00 → 19:34:00  (60.0 s)
    [112] W434M00S60.mp4                                          19:34:00 → 19:35:00  (60.0 s)
    [113] W435M00S60.mp4                                          19:35:00 → 19:36:00  (60.0 s)
    [114] W436M00S60.mp4                                          19:36:00 → 19:37:00  (60.0 s)
    [115] W437M00S60.mp4                                          19:37:00 → 19:38:00  (60.0 s)
    [116] W438M00S60.mp4                                          19:38:00 → 19:39:00  (60.0 s)
    [117] W439M00S60.mp4                                          19:39:00 → 19:40:00  (60.0 s)
    [118] W440M00S60.mp4                                          19:40:00 → 19:41:00  (60.0 s)
    [119] W441M00S60.mp4                                          19:41:00 → 19:42:00  (60.0 s)
    [120] W442M00S60.mp4                                          19:42:00 → 19:43:00  (60.0 s)
    [121] W443M00S60.mp4                                          19:43:00 → 19:44:00  (60.0 s)
    [122] W444M00S60.mp4                                          19:44:00 → 19:45:00  (60.0 s)
    [123] W445M00S60.mp4                                          19:45:00 → 19:46:00  (60.0 s)
    [124] W446M00S60.mp4                                          19:46:00 → 19:47:00  (60.0 s)
    [125] W447M00S60.mp4                                          19:47:00 → 19:48:00  (60.0 s)
    [126] W448M00S60.mp4                                          19:48:00 → 19:49:00  (60.0 s)
    [127] W449M00S60.mp4                                          19:49:00 → 19:50:00  (60.0 s)
    [128] W450M00S60.mp4                                          19:50:00 → 19:51:00  (60.0 s)
    [129] W451M00S60.mp4                                          19:51:00 → 19:52:00  (60.0 s)
    [130] W452M00S60.mp4                                          19:52:00 → 19:53:00  (60.0 s)
    [131] W453M00S60.mp4                                          19:53:00 → 19:54:00  (60.0 s)
    [132] W454M00S60.mp4                                          19:54:00 → 19:55:00  (60.0 s)
    [133] W455M00S60.mp4                                          19:55:00 → 19:56:00  (60.0 s)
    [134] W456M00S60.mp4                                          19:56:00 → 19:57:00  (60.0 s)
    [135] W457M00S60.mp4                                          19:57:00 → 19:58:00  (60.0 s)
    [136] W458M00S60.mp4                                          19:58:00 → 19:59:00  (60.0 s)
    [137] W459M00S60.mp4                                          19:59:00 → 20:00:00  (60.0 s)
    [138] W400M00S60.mp4                                          20:00:00 → 20:01:00  (60.0 s)
    [139] W401M00S60.mp4                                          20:01:00 → 20:02:00  (60.0 s)
    [140] W402M00S60.mp4                                          20:02:00 → 20:03:00  (60.0 s)
    [141] W403M00S60.mp4                                          20:03:00 → 20:04:00  (60.0 s)
    [142] W404M00S60.mp4                                          20:04:00 → 20:05:00  (60.0 s)
           ↕ gap: 18.00 s
    [143] W405M18S42.mp4                                          20:05:18 → 20:06:00  (42.0 s)
    [144] W406M00S60.mp4                                          20:06:00 → 20:07:00  (60.0 s)
    [145] W407M00S60.mp4                                          20:07:00 → 20:08:00  (60.0 s)
    [146] W408M00S60.mp4                                          20:08:00 → 20:09:00  (60.0 s)
    [147] W409M00S60.mp4                                          20:09:00 → 20:10:00  (60.0 s)
    [148] W410M00S60.mp4                                          20:10:00 → 20:11:00  (60.0 s)
    [149] W411M00S60.mp4                                          20:11:00 → 20:12:00  (60.0 s)
    [150] W412M00S60.mp4                                          20:12:00 → 20:13:00  (60.0 s)
    [151] W413M00S60.mp4                                          20:13:00 → 20:14:00  (60.0 s)
    [152] W414M00S60.mp4                                          20:14:00 → 20:15:00  (60.0 s)
    [153] W415M00S60.mp4                                          20:15:00 → 20:16:00  (60.0 s)
    [154] W416M00S60.mp4                                          20:16:00 → 20:17:00  (60.0 s)
    [155] W417M00S60.mp4                                          20:17:00 → 20:18:00  (60.0 s)
    [156] W418M00S60.mp4                                          20:18:00 → 20:19:00  (60.0 s)
    [157] W419M00S60.mp4                                          20:19:00 → 20:20:00  (60.0 s)
    [158] W420M00S60.mp4                                          20:20:00 → 20:21:00  (60.0 s)
           ↕ gap: 2.00 s
    [159] W421M02S58.mp4                                          20:21:02 → 20:22:00  (58.0 s)
    [160] W422M00S60.mp4                                          20:22:00 → 20:23:00  (60.0 s)
    [161] W423M00S60.mp4                                          20:23:00 → 20:24:00  (60.0 s)
    [162] W424M00S60.mp4                                          20:24:00 → 20:25:00  (60.0 s)
    [163] W425M00S60.mp4                                          20:25:00 → 20:26:00  (60.0 s)
    [164] W426M00S60.mp4                                          20:26:00 → 20:27:00  (60.0 s)
    [165] W427M00S60.mp4                                          20:27:00 → 20:28:00  (60.0 s)
    [166] W428M00S60.mp4                                          20:28:00 → 20:29:00  (60.0 s)
    [167] W429M00S60.mp4                                          20:29:00 → 20:30:00  (60.0 s)
    [168] W430M00S60.mp4                                          20:30:00 → 20:31:00  (60.0 s)
    [169] W431M00S60.mp4                                          20:31:00 → 20:32:00  (60.0 s)
    [170] W432M00S60.mp4                                          20:32:00 → 20:33:00  (60.0 s)
    [171] W433M00S60.mp4                                          20:33:00 → 20:34:00  (60.0 s)
    [172] W434M00S60.mp4                                          20:34:00 → 20:35:00  (60.0 s)
    [173] W435M00S60.mp4                                          20:35:00 → 20:36:00  (60.0 s)
    [174] W436M00S60.mp4                                          20:36:00 → 20:37:00  (60.0 s)
    [175] W437M00S60.mp4                                          20:37:00 → 20:38:00  (60.0 s)
           ↕ gap: 32.00 s
    [176] W438M32S28.mp4                                          20:38:32 → 20:39:00  (28.0 s)
    [177] W439M00S60.mp4                                          20:39:00 → 20:40:00  (60.0 s)
    [178] W440M00S60.mp4                                          20:40:00 → 20:41:00  (60.0 s)
    [179] W441M00S60.mp4                                          20:41:00 → 20:42:00  (60.0 s)

────────────────────────────────────────────────────────────────────────
  Segment 4 of 4   [SINGLE]   →  W431M53S07.mp4
  Gap from previous segment : 2993.0 s
  Wall-clock span : 21:31:53 → 21:32:00  (7.0 s)
  Content footage : 7.0 s

  Input clips (1)
    [  1] W431M53S07.mp4                                          21:31:53 → 21:32:00  (7.0 s)

